.model test1
	["3-7-8.blif" line: 3, columns:1-6]
	["3-7-8.blif" line: 3, columns:8-12]
  outputs elem: x
	["3-7-8.blif" line: 4, column: 10]
.latch b x -1
	["3-7-8.blif" line: 5, column: 8]
	["3-7-8.blif" line: 5, column: 10]
	["3-7-8.blif" line: 5, column: 11]
.end
	["3-7-8.blif" line: 6, columns:1-4]
error_exit
