.model test1
	["3-3-7.blif" line: 3, columns:1-6]
	["3-3-7.blif" line: 3, columns:8-12]
  inputs elem: a
	["3-3-7.blif" line: 4, column: 9]
  inputs elem: b
	["3-3-7.blif" line: 4, column: 11]
  outputs elem: x
	["3-3-7.blif" line: 5, column: 10]
.latch a c -1
	["3-3-7.blif" line: 6, column: 8]
	["3-3-7.blif" line: 6, column: 10]
	["3-3-7.blif" line: 6, column: 11]
error_exit
