.model test1
	["3-1-3.blif" line: 3, columns:1-6]
	["3-1-3.blif" line: 3, columns:8-12]
error_exit
