.model test1
	["3-4-5.blif" line: 3, columns:1-6]
	["3-4-5.blif" line: 3, columns:8-12]
  inputs elem: a
	["3-4-5.blif" line: 4, column: 9]
  inputs elem: b
	["3-4-5.blif" line: 4, column: 11]
  outputs elem: x
	["3-4-5.blif" line: 5, column: 10]
  outputs elem: y
	["3-4-5.blif" line: 5, column: 12]
.names
a
	["3-4-5.blif" line: 6, column: 8]
b
	["3-4-5.blif" line: 6, column: 10]
x
	["3-4-5.blif" line: 6, column: 12]
11 1
.end
	["3-4-5.blif" line: 8, columns:1-4]
error_exit
