.model C1908.iscas
.inputs 101(0) 104(1) 107(2) 110(3) 113(4) 116(5) 119(6) 122(7) 125(8) 128(9) 131(10) 134(11) 137(12) 140(13) 143(14) 146(15) 210(16) 214(17) 217(18) 221(19) 224(20) 227(21) 234(22) 237(23) 469(24) 472(25) 475(26) 478(27) 898(28) 900(29) 902(30) 952(31) 953(32)
.outputs 3(865) 6(864) 9(863) 12(862) 30(856) 45(851) 48(850) 15(861) 18(860) 21(859) 24(858) 27(857) 33(855) 36(854) 39(853) 42(852) 75(866) 51(899) 54(900) 60(901) 63(902) 66(903) 69(908) 72(909) 57(912)
.names 953(32) 949(33)
0 1
.names 953(32) 947(34)
1 1
.names 953(32) 943(35)
1 1
.names 953(32) 938(36)
0 1
.names 953(32) 934(37)
1 1
.names 953(32) 862(38)
0 1
.names 953(32) 859(39)
0 1
.names 952(31) 932(40)
0 1
.names 952(31) 930(41)
0 1
.names 952(31) 926(42)
1 1
.names 902(30) 922(43)
0 1
.names 902(30) 919(44)
1 1
.names 902(30) 918(45)
0 1
.names 902(30) 911(46)
1 1
.names 900(29) 909(47)
0 1
.names 898(28) 907(48)
0 1
.names 478(27) 553(49)
0 1
.names 475(26) 541(50)
0 1
.names 472(25) 529(51)
0 1
.names 469(24) 517(52)
0 1
.names 237(23) 244(53)
0 1
.names 237(23) 241(54)
0 1
.names 234(22) 248(55)
1 1
.names 234(22) 245(56)
1 1
.names 227(21) 900(29) 233(57)
0- 1
-0 1
.names 224(20) 898(28) 231(58)
0- 1
-0 1
.names 146(15) 206(59)
0 1
.names 146(15) 1626(60)
1 1
.names 143(14) 202(61)
0 1
.names 143(14) 1618(62)
1 1
.names 140(13) 198(63)
0 1
.names 140(13) 1610(64)
1 1
.names 137(12) 194(65)
0 1
.names 137(12) 1602(66)
1 1
.names 134(11) 191(67)
0 1
.names 134(11) 1594(68)
1 1
.names 131(10) 188(69)
0 1
.names 131(10) 1586(70)
1 1
.names 128(9) 184(71)
0 1
.names 128(9) 1578(72)
1 1
.names 125(8) 179(73)
0 1
.names 125(8) 1570(74)
1 1
.names 122(7) 175(75)
0 1
.names 122(7) 1562(76)
1 1
.names 119(6) 171(77)
0 1
.names 119(6) 1554(78)
1 1
.names 116(5) 168(79)
0 1
.names 116(5) 1546(80)
1 1
.names 113(4) 165(81)
0 1
.names 113(4) 1538(82)
1 1
.names 110(3) 160(83)
0 1
.names 110(3) 1530(84)
1 1
.names 107(2) 156(85)
0 1
.names 107(2) 1522(86)
1 1
.names 104(1) 153(87)
0 1
.names 104(1) 1514(88)
1 1
.names 101(0) 149(89)
0 1
.names 101(0) 1506(90)
1 1
.names 930(41) 947(34) 50(91)
0- 1
-0 1
.names 930(41) 947(34) 52(92)
0- 1
-0 1
.names 930(41) 947(34) 56(93)
0- 1
-0 1
.names 930(41) 947(34) 58(94)
0- 1
-0 1
.names 930(41) 947(34) 62(95)
0- 1
-0 1
.names 930(41) 947(34) 64(96)
0- 1
-0 1
.names 943(35) 907(48) 853(97)
0- 1
-0 1
.names 943(35) 909(47) 856(98)
0- 1
-0 1
.names 231(58) 934(37) 1634(99)
11 1
.names 233(57) 934(37) 1644(100)
11 1
.names 248(55) 922(43) 954(101)
0- 1
-0 1
.names 244(53) 922(43) 955(102)
0- 1
-0 1
.names 553(49) 1490(103)
1 1
.names 553(49) 1498(104)
1 1
.names 541(50) 1474(105)
1 1
.names 541(50) 1482(106)
1 1
.names 529(51) 1458(107)
1 1
.names 529(51) 1466(108)
1 1
.names 517(52) 1442(109)
1 1
.names 517(52) 1450(110)
1 1
.names 248(55) 237(23) 893(111)
0- 1
-0 1
.names 227(21) 938(36) 352(112)
11 1
.names 224(20) 938(36) 318(113)
11 1
.names 221(19) 245(56) 938(36) 1335(114)
111 1
.names 217(18) 245(56) 938(36) 1290(115)
111 1
.names 214(17) 241(54) 938(36) 1830(116)
111 1
.names 210(16) 241(54) 938(36) 369(117)
111 1
.names 206(59) 1713(118)
1 1
.names 206(59) 1721(119)
1 1
.names 206(59) 382(120)
1 1
.names 1626(60) 1632(121)
0 1
.names 202(61) 302(122)
1 1
.names 202(61) 1833(123)
1 1
.names 202(61) 1873(124)
1 1
.names 1618(62) 1624(125)
0 1
.names 198(63) 355(126)
1 1
.names 198(63) 1179(127)
1 1
.names 198(63) 385(128)
1 1
.names 1610(64) 1616(129)
0 1
.names 194(65) 1745(130)
1 1
.names 194(65) 1753(131)
1 1
.names 194(65) 1332(132)
1 1
.names 1602(66) 1608(133)
0 1
.names 191(67) 330(134)
1 1
.names 191(67) 1300(135)
1 1
.names 1594(68) 1600(136)
0 1
.names 188(69) 327(137)
1 1
.names 188(69) 1244(138)
1 1
.names 1586(70) 1592(139)
0 1
.names 184(71) 299(140)
1 1
.names 184(71) 1870(141)
1 1
.names 184(71) 1881(142)
1 1
.names 1578(72) 1584(143)
0 1
.names 179(73) 321(144)
1 1
.names 179(73) 1176(145)
1 1
.names 179(73) 1841(146)
1 1
.names 179(73) 1849(147)
1 1
.names 1570(74) 1576(148)
0 1
.names 175(75) 1053(149)
1 1
.names 175(75) 1817(150)
1 1
.names 175(75) 1857(151)
1 1
.names 1562(76) 1568(152)
0 1
.names 171(77) 1697(153)
1 1
.names 171(77) 1705(154)
1 1
.names 171(77) 1878(155)
1 1
.names 1554(78) 1560(156)
0 1
.names 168(79) 291(157)
1 1
.names 168(79) 1854(158)
1 1
.names 1546(80) 1552(159)
0 1
.names 165(81) 288(160)
1 1
.names 165(81) 1814(161)
1 1
.names 1538(82) 1544(162)
0 1
.names 160(83) 1050(163)
1 1
.names 160(83) 1785(164)
1 1
.names 160(83) 1793(165)
1 1
.names 160(83) 1312(166)
1 1
.names 1530(84) 1536(167)
0 1
.names 156(85) 1657(168)
1 1
.names 156(85) 1665(169)
1 1
.names 156(85) 1278(170)
1 1
.names 1522(86) 1528(171)
0 1
.names 153(87) 254(172)
1 1
.names 153(87) 1222(173)
1 1
.names 1514(88) 1520(174)
0 1
.names 149(89) 251(175)
1 1
.names 149(89) 1197(176)
1 1
.names 149(89) 1207(177)
1 1
.names 1506(90) 1512(178)
0 1
.names 926(42) 949(33) 893(111) 979(179)
111 1
.names 926(42) 949(33) 893(111) 978(180)
0-- 1
-0- 1
--0 1
.names 907(48) 919(44) 943(35) 893(111) 956(181)
0--- 1
-0-- 1
--0- 1
---0 1
.names 909(47) 919(44) 943(35) 893(111) 967(182)
0--- 1
-0-- 1
--0- 1
---0 1
.names 1634(99) 1642(183)
0 1
.names 1644(100) 1652(184)
0 1
.names 1490(103) 1496(185)
0 1
.names 1498(104) 1504(186)
0 1
.names 1474(105) 1480(187)
0 1
.names 1482(106) 1488(188)
0 1
.names 1458(107) 1464(189)
0 1
.names 1466(108) 1472(190)
0 1
.names 1442(109) 1448(191)
0 1
.names 1450(110) 1456(192)
0 1
.names 352(112) 1154(193)
1 1
.names 352(112) 1166(194)
1 1
.names 318(113) 1078(195)
1 1
.names 318(113) 1090(196)
1 1
.names 221(19) 954(101) 487(197)
0- 1
-0 1
.names 1335(114) 1339(198)
0 1
.names 217(18) 954(101) 505(199)
0- 1
-0 1
.names 217(18) 954(101) 459(200)
11 1
.names 1290(115) 1298(201)
0 1
.names 214(17) 955(102) 482(202)
0- 1
-0 1
.names 1830(116) 1836(203)
0 1
.names 210(16) 955(102) 492(204)
0- 1
-0 1
.names 210(16) 955(102) 457(205)
11 1
.names 369(117) 1194(206)
1 1
.names 369(117) 1204(207)
1 1
.names 1713(118) 1717(208)
0 1
.names 1721(119) 1725(209)
0 1
.names 382(120) 1256(210)
1 1
.names 382(120) 1268(211)
1 1
.names 302(122) 1710(212)
1 1
.names 302(122) 1718(213)
1 1
.names 1833(123) 1837(214)
0 1
.names 1873(124) 1877(215)
0 1
.names 355(126) 1782(216)
1 1
.names 355(126) 1790(217)
1 1
.names 1179(127) 1183(218)
0 1
.names 385(128) 1838(219)
1 1
.names 385(128) 1846(220)
1 1
.names 1745(130) 1749(221)
0 1
.names 1753(131) 1757(222)
0 1
.names 1332(132) 1338(223)
0 1
.names 330(134) 1742(224)
1 1
.names 330(134) 1750(225)
1 1
.names 1300(135) 1308(226)
0 1
.names 327(137) 1100(227)
1 1
.names 327(137) 1112(228)
1 1
.names 1244(138) 1252(229)
0 1
.names 299(140) 1058(230)
1 1
.names 299(140) 1068(231)
1 1
.names 1870(141) 1876(232)
0 1
.names 1881(142) 1885(233)
0 1
.names 321(144) 1726(234)
1 1
.names 321(144) 1734(235)
1 1
.names 1176(145) 1182(236)
0 1
.names 1841(146) 1845(237)
0 1
.names 1849(147) 1853(238)
0 1
.names 1053(149) 1057(239)
0 1
.names 1817(150) 1821(240)
0 1
.names 1857(151) 1861(241)
0 1
.names 1697(153) 1701(242)
0 1
.names 1705(154) 1709(243)
0 1
.names 1878(155) 1884(244)
0 1
.names 291(157) 1694(245)
1 1
.names 291(157) 1702(246)
1 1
.names 1854(158) 1860(247)
0 1
.names 288(160) 1030(248)
1 1
.names 288(160) 1040(249)
1 1
.names 1814(161) 1820(250)
0 1
.names 1050(163) 1056(251)
0 1
.names 1785(164) 1789(252)
0 1
.names 1793(165) 1797(253)
0 1
.names 1312(166) 1320(254)
0 1
.names 1657(168) 1661(255)
0 1
.names 1665(169) 1669(256)
0 1
.names 1278(170) 1286(257)
0 1
.names 254(172) 1654(258)
1 1
.names 254(172) 1662(259)
1 1
.names 1222(173) 1230(260)
0 1
.names 251(175) 980(261)
1 1
.names 251(175) 990(262)
1 1
.names 1197(176) 1201(263)
0 1
.names 1207(177) 1211(264)
0 1
.names 956(181) 978(180) 958(265)
0- 1
-0 1
.names 967(182) 978(180) 969(266)
0- 1
-0 1
.names 1154(193) 1162(267)
0 1
.names 1166(194) 1174(268)
0 1
.names 1078(195) 1086(269)
0 1
.names 1090(196) 1098(270)
0 1
.names 487(197) 614(271)
0 1
.names 487(197) 615(272)
1 1
.names 1335(114) 1338(223) 404(273)
0- 1
-0 1
.names 505(199) 1426(274)
1 1
.names 505(199) 1434(275)
1 1
.names 482(202) 565(276)
0 1
.names 482(202) 566(277)
1 1
.names 1830(116) 1837(214) 1248(278)
0- 1
-0 1
.names 492(204) 1410(279)
1 1
.names 492(204) 1418(280)
1 1
.names 1194(206) 1200(281)
0 1
.names 1194(206) 1201(263) 1203(282)
0- 1
-0 1
.names 1204(207) 1211(264) 373(283)
0- 1
-0 1
.names 1204(207) 1210(284)
0 1
.names 1710(212) 1717(208) 1062(285)
0- 1
-0 1
.names 1718(213) 1725(209) 1072(286)
0- 1
-0 1
.names 1256(210) 1264(287)
0 1
.names 1268(211) 1276(288)
0 1
.names 1710(212) 1716(289)
0 1
.names 1718(213) 1724(290)
0 1
.names 1833(123) 1836(203) 1247(291)
0- 1
-0 1
.names 1873(124) 1876(232) 1303(292)
0- 1
-0 1
.names 1782(216) 1789(252) 1158(293)
0- 1
-0 1
.names 1782(216) 1788(294)
0 1
.names 1790(217) 1797(253) 1170(295)
0- 1
-0 1
.names 1790(217) 1796(296)
0 1
.names 1179(127) 1182(236) 361(297)
0- 1
-0 1
.names 1838(219) 1845(237) 1260(298)
0- 1
-0 1
.names 1838(219) 1844(299)
0 1
.names 1846(220) 1853(238) 1272(300)
0- 1
-0 1
.names 1846(220) 1852(301)
0 1
.names 1742(224) 1749(221) 1104(302)
0- 1
-0 1
.names 1750(225) 1757(222) 1116(303)
0- 1
-0 1
.names 1332(132) 1339(198) 405(304)
0- 1
-0 1
.names 1742(224) 1748(305)
0 1
.names 1750(225) 1756(306)
0 1
.names 1100(227) 1108(307)
0 1
.names 1112(228) 1120(308)
0 1
.names 1058(230) 1066(309)
0 1
.names 1068(231) 1076(310)
0 1
.names 1870(141) 1877(215) 1304(311)
0- 1
-0 1
.names 1881(142) 1884(244) 1315(312)
0- 1
-0 1
.names 1726(234) 1732(313)
0 1
.names 1734(235) 1740(314)
0 1
.names 1176(145) 1183(218) 362(315)
0- 1
-0 1
.names 1053(149) 1056(251) 297(316)
0- 1
-0 1
.names 1817(150) 1820(250) 1225(317)
0- 1
-0 1
.names 1857(151) 1860(247) 1281(318)
0- 1
-0 1
.names 1694(245) 1701(242) 1034(319)
0- 1
-0 1
.names 1702(246) 1709(243) 1044(320)
0- 1
-0 1
.names 1878(155) 1885(233) 1316(321)
0- 1
-0 1
.names 1694(245) 1700(322)
0 1
.names 1702(246) 1708(323)
0 1
.names 1854(158) 1861(241) 1282(324)
0- 1
-0 1
.names 1030(248) 1038(325)
0 1
.names 1040(249) 1048(326)
0 1
.names 1814(161) 1821(240) 1226(327)
0- 1
-0 1
.names 1050(163) 1057(239) 298(328)
0- 1
-0 1
.names 1654(258) 1661(255) 984(329)
0- 1
-0 1
.names 1662(259) 1669(256) 994(330)
0- 1
-0 1
.names 1654(258) 1660(331)
0 1
.names 1662(259) 1668(332)
0 1
.names 980(261) 988(333)
0 1
.names 990(262) 998(334)
0 1
.names 404(273) 405(304) 406(335)
0- 1
-0 1
.names 1426(274) 1432(336)
0 1
.names 1434(275) 1440(337)
0 1
.names 1247(291) 1248(278) 1249(338)
0- 1
-0 1
.names 1410(279) 1416(339)
0 1
.names 1418(280) 1424(340)
0 1
.names 1713(118) 1716(289) 1061(341)
0- 1
-0 1
.names 1721(119) 1724(290) 1071(342)
0- 1
-0 1
.names 1303(292) 1304(311) 1305(343)
0- 1
-0 1
.names 361(297) 362(315) 363(344)
0- 1
-0 1
.names 1745(130) 1748(305) 1103(345)
0- 1
-0 1
.names 1753(131) 1756(306) 1115(346)
0- 1
-0 1
.names 1315(312) 1316(321) 1317(347)
0- 1
-0 1
.names 1841(146) 1844(299) 1259(348)
0- 1
-0 1
.names 1849(147) 1852(301) 1271(349)
0- 1
-0 1
.names 297(316) 298(328) 268(350)
0- 1
-0 1
.names 1225(317) 1226(327) 1227(351)
0- 1
-0 1
.names 1281(318) 1282(324) 1283(352)
0- 1
-0 1
.names 1697(153) 1700(322) 1033(353)
0- 1
-0 1
.names 1705(154) 1708(323) 1043(354)
0- 1
-0 1
.names 1785(164) 1788(294) 1157(355)
0- 1
-0 1
.names 1793(165) 1796(296) 1169(356)
0- 1
-0 1
.names 1657(168) 1660(331) 983(357)
0- 1
-0 1
.names 1665(169) 1668(332) 993(358)
0- 1
-0 1
.names 1197(176) 1200(281) 1202(359)
0- 1
-0 1
.names 1207(177) 1210(284) 372(360)
0- 1
-0 1
.names 406(335) 1322(361)
0 1
.names 1249(338) 1253(362)
0 1
.names 1202(359) 1203(282) 1212(363)
0- 1
-0 1
.names 372(360) 373(283) 374(364)
0- 1
-0 1
.names 1061(341) 1062(285) 1063(365)
0- 1
-0 1
.names 1071(342) 1072(286) 1073(366)
0- 1
-0 1
.names 1305(343) 1309(367)
0 1
.names 1157(355) 1158(293) 1159(368)
0- 1
-0 1
.names 1169(356) 1170(295) 1171(369)
0- 1
-0 1
.names 363(344) 1184(370)
0 1
.names 1259(348) 1260(298) 1261(371)
0- 1
-0 1
.names 1271(349) 1272(300) 1273(372)
0- 1
-0 1
.names 1103(345) 1104(302) 1105(373)
0- 1
-0 1
.names 1115(346) 1116(303) 1117(374)
0- 1
-0 1
.names 1305(343) 1308(226) 1310(375)
0- 1
-0 1
.names 1249(338) 1252(229) 1254(376)
0- 1
-0 1
.names 1317(347) 1321(377)
0 1
.names 268(350) 269(378)
0 1
.names 1227(351) 1231(379)
0 1
.names 1283(352) 1287(380)
0 1
.names 1033(353) 1034(319) 1035(381)
0- 1
-0 1
.names 1043(354) 1044(320) 1045(382)
0- 1
-0 1
.names 1317(347) 1320(254) 396(383)
0- 1
-0 1
.names 983(357) 984(329) 985(384)
0- 1
-0 1
.names 993(358) 994(330) 995(385)
0- 1
-0 1
.names 1283(352) 1286(257) 1288(386)
0- 1
-0 1
.names 1227(351) 1230(260) 1232(387)
0- 1
-0 1
.names 1159(368) 1162(267) 1164(388)
0- 1
-0 1
.names 1171(369) 1174(268) 358(389)
0- 1
-0 1
.names 1322(361) 1330(390)
0 1
.names 1212(363) 1220(391)
0 1
.names 374(364) 1381(392)
0 1
.names 1063(365) 1067(393)
0 1
.names 1073(366) 1077(394)
0 1
.names 1261(371) 1264(287) 1266(395)
0- 1
-0 1
.names 1273(372) 1276(288) 388(396)
0- 1
-0 1
.names 1159(368) 1163(397)
0 1
.names 1171(369) 1175(398)
0 1
.names 1184(370) 1192(399)
0 1
.names 1261(371) 1265(400)
0 1
.names 1273(372) 1277(401)
0 1
.names 1105(373) 1109(402)
0 1
.names 1117(374) 1121(403)
0 1
.names 1300(135) 1309(367) 1311(404)
0- 1
-0 1
.names 1105(373) 1108(307) 1110(405)
0- 1
-0 1
.names 1117(374) 1120(308) 333(406)
0- 1
-0 1
.names 1244(138) 1253(362) 1255(407)
0- 1
-0 1
.names 1063(365) 1066(309) 308(408)
0- 1
-0 1
.names 1073(366) 1076(310) 305(409)
0- 1
-0 1
.names 269(378) 1000(410)
1 1
.names 269(378) 1010(411)
1 1
.names 1035(381) 1039(412)
0 1
.names 1045(382) 1049(413)
0 1
.names 1035(381) 1038(325) 272(414)
0- 1
-0 1
.names 1045(382) 1048(326) 294(415)
0- 1
-0 1
.names 1312(166) 1321(377) 397(416)
0- 1
-0 1
.names 985(384) 989(417)
0 1
.names 995(385) 999(418)
0 1
.names 1278(170) 1287(380) 1289(419)
0- 1
-0 1
.names 1222(173) 1231(379) 1233(420)
0- 1
-0 1
.names 985(384) 988(333) 260(421)
0- 1
-0 1
.names 995(385) 998(334) 257(422)
0- 1
-0 1
.names 1154(193) 1163(397) 1165(423)
0- 1
-0 1
.names 1166(194) 1175(398) 359(424)
0- 1
-0 1
.names 1381(392) 1385(425)
0 1
.names 1256(210) 1265(400) 1267(426)
0- 1
-0 1
.names 1268(211) 1277(401) 389(427)
0- 1
-0 1
.names 1310(375) 1311(404) 1862(428)
0- 1
-0 1
.names 1100(227) 1109(402) 1111(429)
0- 1
-0 1
.names 1112(228) 1121(403) 334(430)
0- 1
-0 1
.names 1254(376) 1255(407) 1822(431)
0- 1
-0 1
.names 1058(230) 1067(393) 309(432)
0- 1
-0 1
.names 1068(231) 1077(394) 306(433)
0- 1
-0 1
.names 1000(410) 1008(434)
0 1
.names 1010(411) 1018(435)
0 1
.names 1030(248) 1039(412) 273(436)
0- 1
-0 1
.names 1040(249) 1049(413) 295(437)
0- 1
-0 1
.names 396(383) 397(416) 398(438)
0- 1
-0 1
.names 1288(386) 1289(419) 1865(439)
0- 1
-0 1
.names 1232(387) 1233(420) 1234(440)
0- 1
-0 1
.names 980(261) 989(417) 261(441)
0- 1
-0 1
.names 990(262) 999(418) 258(442)
0- 1
-0 1
.names 1164(388) 1165(423) 1373(443)
0- 1
-0 1
.names 358(389) 359(424) 360(444)
0- 1
-0 1
.names 1266(395) 1267(426) 1825(445)
0- 1
-0 1
.names 388(396) 389(427) 390(446)
0- 1
-0 1
.names 1862(428) 1868(447)
0 1
.names 1110(405) 1111(429) 1798(448)
0- 1
-0 1
.names 333(406) 334(430) 335(449)
0- 1
-0 1
.names 1822(431) 1828(450)
0 1
.names 308(408) 309(432) 310(451)
0- 1
-0 1
.names 305(409) 306(433) 307(452)
0- 1
-0 1
.names 272(414) 273(436) 274(453)
0- 1
-0 1
.names 294(415) 295(437) 296(454)
0- 1
-0 1
.names 398(438) 1886(455)
0 1
.names 1865(439) 1869(456)
0 1
.names 1234(440) 1242(457)
0 1
.names 260(421) 261(441) 262(458)
0- 1
-0 1
.names 257(422) 258(442) 259(459)
0- 1
-0 1
.names 1373(443) 1377(460)
0 1
.names 360(444) 1777(461)
0 1
.names 1825(445) 1828(450) 1237(462)
0- 1
-0 1
.names 1825(445) 1829(463)
0 1
.names 390(446) 1889(464)
0 1
.names 1862(428) 1869(456) 1294(465)
0- 1
-0 1
.names 1798(448) 1804(466)
0 1
.names 335(449) 336(467)
0 1
.names 310(451) 1729(468)
1 1
.names 310(451) 1737(469)
1 1
.names 310(451) 410(470)
1 1
.names 307(452) 314(471)
0 1
.names 274(453) 1670(472)
1 1
.names 274(453) 1678(473)
1 1
.names 296(454) 407(474)
0 1
.names 1886(455) 1892(475)
0 1
.names 1865(439) 1868(447) 1293(476)
0- 1
-0 1
.names 262(458) 1761(477)
1 1
.names 262(458) 1769(478)
1 1
.names 259(459) 265(479)
0 1
.names 1777(461) 1781(480)
0 1
.names 1889(464) 1892(475) 1325(481)
0- 1
-0 1
.names 1889(464) 1893(482)
0 1
.names 1293(476) 1294(465) 1295(483)
0- 1
-0 1
.names 336(467) 340(484)
1 1
.names 336(467) 1897(485)
1 1
.names 336(467) 1905(486)
1 1
.names 1822(431) 1829(463) 1238(487)
0- 1
-0 1
.names 1729(468) 1733(488)
0 1
.names 1737(469) 1741(489)
0 1
.names 410(470) 1894(490)
1 1
.names 410(470) 1902(491)
1 1
.names 314(471) 343(492)
1 1
.names 314(471) 1801(493)
1 1
.names 1729(468) 1732(313) 1081(494)
0- 1
-0 1
.names 1737(469) 1740(314) 1093(495)
0- 1
-0 1
.names 1670(472) 1676(496)
0 1
.names 1678(473) 1684(497)
0 1
.names 407(474) 1340(498)
1 1
.names 407(474) 1352(499)
1 1
.names 1761(477) 1765(500)
0 1
.names 1769(478) 1773(501)
0 1
.names 265(479) 1673(502)
1 1
.names 265(479) 1681(503)
1 1
.names 1295(483) 1298(201) 391(504)
0- 1
-0 1
.names 1237(462) 1238(487) 1239(505)
0- 1
-0 1
.names 1295(483) 1299(506)
0 1
.names 1801(493) 1804(466) 1187(507)
0- 1
-0 1
.names 340(484) 1122(508)
1 1
.names 340(484) 1134(509)
1 1
.names 1897(485) 1901(510)
0 1
.names 1905(486) 1909(511)
0 1
.names 1894(490) 1900(512)
0 1
.names 1902(491) 1908(513)
0 1
.names 343(492) 1758(514)
1 1
.names 343(492) 1766(515)
1 1
.names 1801(493) 1805(516)
0 1
.names 1726(234) 1733(488) 1082(517)
0- 1
-0 1
.names 1734(235) 1741(489) 1094(518)
0- 1
-0 1
.names 1673(502) 1676(496) 1003(519)
0- 1
-0 1
.names 1681(503) 1684(497) 1013(520)
0- 1
-0 1
.names 1340(498) 1348(521)
0 1
.names 1352(499) 1360(522)
0 1
.names 1886(455) 1893(482) 1326(523)
0- 1
-0 1
.names 1673(502) 1677(524)
0 1
.names 1681(503) 1685(525)
0 1
.names 1290(115) 1299(506) 392(526)
0- 1
-0 1
.names 1239(505) 1243(527)
0 1
.names 1325(481) 1326(523) 1327(528)
0- 1
-0 1
.names 1798(448) 1805(516) 1188(529)
0- 1
-0 1
.names 1122(508) 1130(530)
0 1
.names 1134(509) 1142(531)
0 1
.names 1897(485) 1900(512) 1343(532)
0- 1
-0 1
.names 1905(486) 1908(513) 1355(533)
0- 1
-0 1
.names 1894(490) 1901(510) 1344(534)
0- 1
-0 1
.names 1902(491) 1909(511) 1356(535)
0- 1
-0 1
.names 1758(514) 1764(536)
0 1
.names 1766(515) 1772(537)
0 1
.names 1081(494) 1082(517) 1083(538)
0- 1
-0 1
.names 1093(495) 1094(518) 1095(539)
0- 1
-0 1
.names 1670(472) 1677(524) 1004(540)
0- 1
-0 1
.names 1678(473) 1685(525) 1014(541)
0- 1
-0 1
.names 1239(505) 1242(457) 377(542)
0- 1
-0 1
.names 1758(514) 1765(500) 1126(543)
0- 1
-0 1
.names 1766(515) 1773(501) 1138(544)
0- 1
-0 1
.names 1083(538) 1086(269) 1088(545)
0- 1
-0 1
.names 1095(539) 1098(270) 324(546)
0- 1
-0 1
.names 1327(528) 1330(390) 399(547)
0- 1
-0 1
.names 391(504) 392(526) 393(548)
0- 1
-0 1
.names 1327(528) 1331(549)
0 1
.names 1187(507) 1188(529) 1189(550)
0- 1
-0 1
.names 1343(532) 1344(534) 1345(551)
0- 1
-0 1
.names 1355(533) 1356(535) 1357(552)
0- 1
-0 1
.names 1083(538) 1087(553)
0 1
.names 1095(539) 1099(554)
0 1
.names 1003(519) 1004(540) 1005(555)
0- 1
-0 1
.names 1013(520) 1014(541) 1015(556)
0- 1
-0 1
.names 1234(440) 1243(527) 378(557)
0- 1
-0 1
.names 1761(477) 1764(536) 1125(558)
0- 1
-0 1
.names 1769(478) 1772(537) 1137(559)
0- 1
-0 1
.names 393(548) 918(45) 449(560)
0- 1
-0 1
.names 1078(195) 1087(553) 1089(561)
0- 1
-0 1
.names 1090(196) 1099(554) 325(562)
0- 1
-0 1
.names 1322(361) 1331(549) 400(563)
0- 1
-0 1
.names 393(548) 1397(564)
1 1
.names 1189(550) 1192(399) 364(565)
0- 1
-0 1
.names 1189(550) 1193(566)
0 1
.names 1345(551) 1349(567)
0 1
.names 1357(552) 1361(568)
0 1
.names 1005(555) 1008(434) 280(569)
0- 1
-0 1
.names 1015(556) 1018(435) 277(570)
0- 1
-0 1
.names 1005(555) 1009(571)
0 1
.names 1015(556) 1019(572)
0 1
.names 1345(551) 1348(521) 1350(573)
0- 1
-0 1
.names 1357(552) 1360(522) 413(574)
0- 1
-0 1
.names 377(542) 378(557) 379(575)
0- 1
-0 1
.names 1125(558) 1126(543) 1127(576)
0- 1
-0 1
.names 1137(559) 1138(544) 1139(577)
0- 1
-0 1
.names 379(575) 918(45) 445(578)
0- 1
-0 1
.names 449(560) 1493(579)
1 1
.names 449(560) 1501(580)
1 1
.names 1088(545) 1089(561) 1689(581)
0- 1
-0 1
.names 324(546) 325(562) 326(582)
0- 1
-0 1
.names 399(547) 400(563) 401(583)
0- 1
-0 1
.names 1397(564) 1401(584)
0 1
.names 1184(370) 1193(566) 365(585)
0- 1
-0 1
.names 1127(576) 1130(530) 1132(586)
0- 1
-0 1
.names 1139(577) 1142(531) 346(587)
0- 1
-0 1
.names 1000(410) 1009(571) 281(588)
0- 1
-0 1
.names 1010(411) 1019(572) 278(589)
0- 1
-0 1
.names 1340(498) 1349(567) 1351(590)
0- 1
-0 1
.names 1352(499) 1361(568) 414(591)
0- 1
-0 1
.names 379(575) 1389(592)
1 1
.names 1127(576) 1131(593)
0 1
.names 1139(577) 1143(594)
0 1
.names 445(578) 1477(595)
1 1
.names 445(578) 1485(596)
1 1
.names 1493(579) 1497(597)
0 1
.names 1501(580) 1505(598)
0 1
.names 401(583) 918(45) 453(599)
0- 1
-0 1
.names 1493(579) 1496(185) 559(600)
0- 1
-0 1
.names 1501(580) 1504(186) 556(601)
0- 1
-0 1
.names 1689(581) 1693(602)
0 1
.names 326(582) 1365(603)
0 1
.names 401(583) 1405(604)
1 1
.names 364(565) 365(585) 366(605)
0- 1
-0 1
.names 1122(508) 1131(593) 1133(606)
0- 1
-0 1
.names 1134(509) 1143(594) 347(607)
0- 1
-0 1
.names 280(569) 281(588) 282(608)
0- 1
-0 1
.names 277(570) 278(589) 279(609)
0- 1
-0 1
.names 1350(573) 1351(590) 1809(610)
0- 1
-0 1
.names 413(574) 414(591) 415(611)
0- 1
-0 1
.names 1389(592) 1393(612)
0 1
.names 1477(595) 1481(613)
0 1
.names 1485(596) 1489(614)
0 1
.names 453(599) 1429(615)
1 1
.names 453(599) 1437(616)
1 1
.names 1490(103) 1497(597) 560(617)
0- 1
-0 1
.names 1498(104) 1505(598) 557(618)
0- 1
-0 1
.names 1477(595) 1480(187) 547(619)
0- 1
-0 1
.names 1485(596) 1488(188) 544(620)
0- 1
-0 1
.names 1365(603) 1369(621)
0 1
.names 1405(604) 1409(622)
0 1
.names 366(605) 367(623)
0 1
.names 1132(586) 1133(606) 1774(624)
0- 1
-0 1
.names 346(587) 347(607) 348(625)
0- 1
-0 1
.names 282(608) 1686(626)
1 1
.names 282(608) 1362(627)
1 1
.names 279(609) 285(628)
0 1
.names 1809(610) 1813(629)
0 1
.names 415(611) 1378(630)
0 1
.names 285(628) 853(97) 1910(631)
11 1
.names 856(98) 367(623) 1918(632)
11 1
.names 1429(615) 1433(633)
0 1
.names 1437(616) 1441(634)
0 1
.names 559(600) 560(617) 561(635)
0- 1
-0 1
.names 556(601) 557(618) 558(636)
0- 1
-0 1
.names 1474(105) 1481(613) 548(637)
0- 1
-0 1
.names 1482(106) 1489(614) 545(638)
0- 1
-0 1
.names 1774(624) 1781(480) 1148(639)
0- 1
-0 1
.names 1686(626) 1693(602) 1024(640)
0- 1
-0 1
.names 1362(627) 1369(621) 417(641)
0- 1
-0 1
.names 1429(615) 1432(336) 511(642)
0- 1
-0 1
.names 1437(616) 1440(337) 508(643)
0- 1
-0 1
.names 1378(630) 1385(425) 424(644)
0- 1
-0 1
.names 1774(624) 1780(645)
0 1
.names 348(625) 1370(646)
0 1
.names 1686(626) 1692(647)
0 1
.names 1362(627) 1368(648)
0 1
.names 1378(630) 1384(649)
0 1
.names 1910(631) 1916(650)
0 1
.names 1918(632) 1924(651)
0 1
.names 561(635) 719(652)
0 1
.names 561(635) 722(653)
1 1
.names 558(636) 564(654)
0 1
.names 547(619) 548(637) 549(655)
0- 1
-0 1
.names 544(620) 545(638) 546(656)
0- 1
-0 1
.names 1370(646) 1377(460) 421(657)
0- 1
-0 1
.names 1777(461) 1780(645) 1147(658)
0- 1
-0 1
.names 1689(581) 1692(647) 1023(659)
0- 1
-0 1
.names 1365(603) 1368(648) 416(660)
0- 1
-0 1
.names 1426(274) 1433(633) 512(661)
0- 1
-0 1
.names 1434(275) 1441(634) 509(662)
0- 1
-0 1
.names 1381(392) 1384(649) 423(663)
0- 1
-0 1
.names 1370(646) 1376(664)
0 1
.names 549(655) 725(665)
0 1
.names 549(655) 728(666)
1 1
.names 546(656) 552(667)
0 1
.names 1373(443) 1376(664) 420(668)
0- 1
-0 1
.names 1147(658) 1148(639) 1149(669)
0- 1
-0 1
.names 1023(659) 1024(640) 1025(670)
0- 1
-0 1
.names 416(660) 417(641) 418(671)
0- 1
-0 1
.names 511(642) 512(661) 513(672)
0- 1
-0 1
.names 508(643) 509(662) 510(673)
0- 1
-0 1
.names 423(663) 424(644) 425(674)
0- 1
-0 1
.names 425(674) 918(45) 441(675)
0- 1
-0 1
.names 719(652) 725(665) 731(676)
11 1
.names 719(652) 728(666) 756(677)
11 1
.names 722(653) 725(665) 746(678)
11 1
.names 722(653) 728(666) 770(679)
11 1
.names 420(668) 421(657) 422(680)
0- 1
-0 1
.names 1149(669) 1153(681)
0 1
.names 1025(670) 1029(682)
0 1
.names 418(671) 419(683)
0 1
.names 513(672) 663(684)
0 1
.names 513(672) 666(685)
1 1
.names 510(673) 516(686)
0 1
.names 419(683) 918(45) 433(687)
0- 1
-0 1
.names 422(680) 918(45) 437(688)
0- 1
-0 1
.names 441(675) 1461(689)
1 1
.names 441(675) 1469(690)
1 1
.names 433(687) 1413(691)
1 1
.names 433(687) 1421(692)
1 1
.names 437(688) 1445(693)
1 1
.names 437(688) 1453(694)
1 1
.names 1461(689) 1465(695)
0 1
.names 1469(690) 1473(696)
0 1
.names 1461(689) 1464(189) 535(697)
0- 1
-0 1
.names 1469(690) 1472(190) 532(698)
0- 1
-0 1
.names 1413(691) 1417(699)
0 1
.names 1421(692) 1425(700)
0 1
.names 1445(693) 1449(701)
0 1
.names 1453(694) 1457(702)
0 1
.names 1458(107) 1465(695) 536(703)
0- 1
-0 1
.names 1466(108) 1473(696) 533(704)
0- 1
-0 1
.names 1445(693) 1448(191) 523(705)
0- 1
-0 1
.names 1453(694) 1456(192) 520(706)
0- 1
-0 1
.names 1413(691) 1416(339) 498(707)
0- 1
-0 1
.names 1421(692) 1424(340) 495(708)
0- 1
-0 1
.names 535(697) 536(703) 537(709)
0- 1
-0 1
.names 532(698) 533(704) 534(710)
0- 1
-0 1
.names 1442(109) 1449(701) 524(711)
0- 1
-0 1
.names 1450(110) 1457(702) 521(712)
0- 1
-0 1
.names 1410(279) 1417(699) 499(713)
0- 1
-0 1
.names 1418(280) 1425(700) 496(714)
0- 1
-0 1
.names 537(709) 669(715)
0 1
.names 537(709) 672(716)
1 1
.names 534(710) 540(717)
0 1
.names 523(705) 524(711) 525(718)
0- 1
-0 1
.names 520(706) 521(712) 522(719)
0- 1
-0 1
.names 498(707) 499(713) 500(720)
0- 1
-0 1
.names 495(708) 496(714) 497(721)
0- 1
-0 1
.names 525(718) 618(722)
0 1
.names 522(719) 528(723)
0 1
.names 615(272) 525(718) 639(724)
11 1
.names 663(684) 669(715) 675(725)
11 1
.names 663(684) 672(716) 696(726)
11 1
.names 666(685) 669(715) 688(727)
11 1
.names 666(685) 672(716) 710(728)
11 1
.names 566(277) 500(720) 588(729)
11 1
.names 500(720) 569(730)
0 1
.names 497(721) 503(731)
0 1
.names 614(271) 618(722) 621(732)
11 1
.names 615(272) 618(722) 622(733)
11 1
.names 639(724) 639A(734)
1 1
.names 639(724) 639B(735)
1 1
.names 516(686) 564(654) 552(667) 540(717) 482(202) 528(723) 503(731) 487(197) 867(736)
0------- 1
-0------ 1
--0----- 1
---0---- 1
----0--- 1
-----0-- 1
------0- 1
-------0 1
.names 565(276) 569(730) 572(737)
11 1
.names 566(277) 569(730) 573(738)
11 1
.names 588(729) 588A(739)
1 1
.names 588(729) 588B(740)
1 1
.names 949(33) 867(736) 932(40) 73(741)
111 1
.names 588B(740) 622(733) 675(725) 731(676) 979(179) 871(742)
0---- 1
-0--- 1
--0-- 1
---0- 1
----0 1
.names 573(738) 639B(735) 675(725) 731(676) 979(179) 873(743)
0---- 1
-0--- 1
--0-- 1
---0- 1
----0 1
.names 573(738) 622(733) 696(726) 731(676) 979(179) 875(744)
0---- 1
-0--- 1
--0-- 1
---0- 1
----0 1
.names 573(738) 622(733) 675(725) 756(677) 979(179) 877(745)
0---- 1
-0--- 1
--0-- 1
---0- 1
----0 1
.names 573(738) 622(733) 675(725) 746(678) 979(179) 879(746)
0---- 1
-0--- 1
--0-- 1
---0- 1
----0 1
.names 573(738) 622(733) 688(727) 731(676) 979(179) 881(747)
0---- 1
-0--- 1
--0-- 1
---0- 1
----0 1
.names 573(738) 621(732) 675(725) 731(676) 979(179) 883(748)
0---- 1
-0--- 1
--0-- 1
---0- 1
----0 1
.names 572(737) 622(733) 675(725) 731(676) 979(179) 885(749)
0---- 1
-0--- 1
--0-- 1
---0- 1
----0 1
.names 588A(739) 639A(734) 696(726) 731(676) 958(265) 776(750)
0---- 1
-0--- 1
--0-- 1
---0- 1
----0 1
.names 588A(739) 639A(734) 675(725) 756(677) 958(265) 780(751)
0---- 1
-0--- 1
--0-- 1
---0- 1
----0 1
.names 588A(739) 639A(734) 675(725) 746(678) 958(265) 784(752)
0---- 1
-0--- 1
--0-- 1
---0- 1
----0 1
.names 588A(739) 639A(734) 688(727) 731(676) 958(265) 788(753)
0---- 1
-0--- 1
--0-- 1
---0- 1
----0 1
.names 588A(739) 622(733) 696(726) 756(677) 958(265) 792(754)
0---- 1
-0--- 1
--0-- 1
---0- 1
----0 1
.names 588B(740) 622(733) 696(726) 746(678) 958(265) 796(755)
0---- 1
-0--- 1
--0-- 1
---0- 1
----0 1
.names 588B(740) 622(733) 710(728) 731(676) 958(265) 800(756)
0---- 1
-0--- 1
--0-- 1
---0- 1
----0 1
.names 588B(740) 622(733) 675(725) 770(679) 958(265) 804(757)
0---- 1
-0--- 1
--0-- 1
---0- 1
----0 1
.names 588A(739) 639A(734) 696(726) 731(676) 958(265) 1509(758)
11111 1
.names 588A(739) 639A(734) 675(725) 756(677) 958(265) 1517(759)
11111 1
.names 588A(739) 639A(734) 675(725) 746(678) 958(265) 1525(760)
11111 1
.names 588A(739) 639A(734) 688(727) 731(676) 958(265) 1533(761)
11111 1
.names 588A(739) 622(733) 696(726) 756(677) 958(265) 1541(762)
11111 1
.names 588B(740) 622(733) 696(726) 746(678) 958(265) 1549(763)
11111 1
.names 588B(740) 622(733) 710(728) 731(676) 958(265) 1557(764)
11111 1
.names 588B(740) 622(733) 675(725) 770(679) 958(265) 1565(765)
11111 1
.names 588B(740) 622(733) 688(727) 756(677) 969(266) 808(766)
0---- 1
-0--- 1
--0-- 1
---0- 1
----0 1
.names 588B(740) 639A(734) 710(728) 746(678) 969(266) 812(767)
0---- 1
-0--- 1
--0-- 1
---0- 1
----0 1
.names 573(738) 639B(735) 696(726) 756(677) 969(266) 816(768)
0---- 1
-0--- 1
--0-- 1
---0- 1
----0 1
.names 573(738) 639B(735) 696(726) 746(678) 969(266) 820(769)
0---- 1
-0--- 1
--0-- 1
---0- 1
----0 1
.names 573(738) 639B(735) 710(728) 731(676) 969(266) 824(770)
0---- 1
-0--- 1
--0-- 1
---0- 1
----0 1
.names 573(738) 639B(735) 688(727) 756(677) 969(266) 828(771)
0---- 1
-0--- 1
--0-- 1
---0- 1
----0 1
.names 588B(740) 639B(735) 696(726) 770(679) 969(266) 832(772)
0---- 1
-0--- 1
--0-- 1
---0- 1
----0 1
.names 588B(740) 639B(735) 710(728) 756(677) 969(266) 836(773)
0---- 1
-0--- 1
--0-- 1
---0- 1
----0 1
.names 588B(740) 622(733) 688(727) 756(677) 969(266) 1573(774)
11111 1
.names 588B(740) 639A(734) 710(728) 746(678) 969(266) 1581(775)
11111 1
.names 573(738) 639B(735) 696(726) 756(677) 969(266) 1589(776)
11111 1
.names 573(738) 639B(735) 696(726) 746(678) 969(266) 1597(777)
11111 1
.names 573(738) 639B(735) 710(728) 731(676) 969(266) 1605(778)
11111 1
.names 573(738) 639B(735) 688(727) 756(677) 969(266) 1613(779)
11111 1
.names 588B(740) 639B(735) 696(726) 770(679) 969(266) 1621(780)
11111 1
.names 588B(740) 639B(735) 710(728) 756(677) 969(266) 1629(781)
11111 1
.names 871(742) 873(743) 875(744) 877(745) 879(746) 881(747) 883(748) 885(749) 886(782)
11111111 1
.names 776(750) 780(751) 784(752) 788(753) 792(754) 796(755) 800(756) 804(757) 863(783)
11111111 1
.names 776(750) 780(751) 784(752) 788(753) 792(754) 796(755) 800(756) 804(757) 857(784)
0------- 1
-0------ 1
--0----- 1
---0---- 1
----0--- 1
-----0-- 1
------0- 1
-------0 1
.names 1509(758) 1513(785)
0 1
.names 1517(759) 1521(786)
0 1
.names 1525(760) 1529(787)
0 1
.names 1533(761) 1537(788)
0 1
.names 1541(762) 1545(789)
0 1
.names 1549(763) 1553(790)
0 1
.names 1557(764) 1561(791)
0 1
.names 1565(765) 1569(792)
0 1
.names 808(766) 812(767) 816(768) 820(769) 824(770) 828(771) 832(772) 836(773) 865(793)
11111111 1
.names 808(766) 812(767) 816(768) 820(769) 824(770) 828(771) 832(772) 836(773) 860(794)
0------- 1
-0------ 1
--0----- 1
---0---- 1
----0--- 1
-----0-- 1
------0- 1
-------0 1
.names 1573(774) 1577(795)
0 1
.names 1581(775) 1585(796)
0 1
.names 1589(776) 1593(797)
0 1
.names 1597(777) 1601(798)
0 1
.names 1605(778) 1609(799)
0 1
.names 1613(779) 1617(800)
0 1
.names 1621(780) 1625(801)
0 1
.names 1629(781) 1633(802)
0 1
.names 1629(781) 1632(121) 46(803)
0- 1
-0 1
.names 1621(780) 1624(125) 43(804)
0- 1
-0 1
.names 1613(779) 1616(129) 40(805)
0- 1
-0 1
.names 1605(778) 1608(133) 37(806)
0- 1
-0 1
.names 1597(777) 1600(136) 34(807)
0- 1
-0 1
.names 1589(776) 1592(139) 31(808)
0- 1
-0 1
.names 1581(775) 1584(143) 28(809)
0- 1
-0 1
.names 1573(774) 1576(148) 25(810)
0- 1
-0 1
.names 1565(765) 1568(152) 22(811)
0- 1
-0 1
.names 1557(764) 1560(156) 19(812)
0- 1
-0 1
.names 1549(763) 1552(159) 16(813)
0- 1
-0 1
.names 1541(762) 1544(162) 13(814)
0- 1
-0 1
.names 1533(761) 1536(167) 10(815)
0- 1
-0 1
.names 1525(760) 1528(171) 7(816)
0- 1
-0 1
.names 1517(759) 1520(174) 4(817)
0- 1
-0 1
.names 1509(758) 1512(178) 1(818)
0- 1
-0 1
.names 863(783) 865(793) 886(782) 887(819)
111 1
.names 863(783) 865(793) 462(820)
0- 1
-0 1
.names 860(794) 862(38) 1921(821)
11 1
.names 857(784) 859(39) 1913(822)
11 1
.names 1626(60) 1633(802) 47(823)
0- 1
-0 1
.names 1618(62) 1625(801) 44(824)
0- 1
-0 1
.names 1610(64) 1617(800) 41(825)
0- 1
-0 1
.names 1602(66) 1609(799) 38(826)
0- 1
-0 1
.names 1594(68) 1601(798) 35(827)
0- 1
-0 1
.names 1586(70) 1593(797) 32(828)
0- 1
-0 1
.names 1578(72) 1585(796) 29(829)
0- 1
-0 1
.names 1570(74) 1577(795) 26(830)
0- 1
-0 1
.names 1562(76) 1569(792) 23(831)
0- 1
-0 1
.names 1554(78) 1561(791) 20(832)
0- 1
-0 1
.names 1546(80) 1553(790) 17(833)
0- 1
-0 1
.names 1538(82) 1545(789) 14(834)
0- 1
-0 1
.names 1530(84) 1537(788) 11(835)
0- 1
-0 1
.names 1522(86) 1529(787) 8(836)
0- 1
-0 1
.names 1514(88) 1521(786) 5(837)
0- 1
-0 1
.names 1506(90) 1513(785) 2(838)
0- 1
-0 1
.names 1913(822) 1916(650) 1637(839)
0- 1
-0 1
.names 1921(821) 1924(651) 1647(840)
0- 1
-0 1
.names 1921(821) 1925(841)
0 1
.names 1913(822) 1917(842)
0 1
.names 949(33) 867(736) 952(31) 887(819) 74(843)
1111 1
.names 457(205) 911(46) 462(820) 1020(844)
111 1
.names 459(200) 911(46) 462(820) 1402(845)
111 1
.names 478(27) 911(46) 462(820) 1394(846)
111 1
.names 475(26) 911(46) 462(820) 1386(847)
111 1
.names 472(25) 911(46) 462(820) 1806(848)
111 1
.names 469(24) 911(46) 462(820) 1144(849)
111 1
.names 46(803) 47(823) 48(850)
0- 1
-0 1
.names 43(804) 44(824) 45(851)
0- 1
-0 1
.names 40(805) 41(825) 42(852)
0- 1
-0 1
.names 37(806) 38(826) 39(853)
0- 1
-0 1
.names 34(807) 35(827) 36(854)
0- 1
-0 1
.names 31(808) 32(828) 33(855)
0- 1
-0 1
.names 28(809) 29(829) 30(856)
0- 1
-0 1
.names 25(810) 26(830) 27(857)
0- 1
-0 1
.names 22(811) 23(831) 24(858)
0- 1
-0 1
.names 19(812) 20(832) 21(859)
0- 1
-0 1
.names 16(813) 17(833) 18(860)
0- 1
-0 1
.names 13(814) 14(834) 15(861)
0- 1
-0 1
.names 10(815) 11(835) 12(862)
0- 1
-0 1
.names 7(816) 8(836) 9(863)
0- 1
-0 1
.names 4(817) 5(837) 6(864)
0- 1
-0 1
.names 1(818) 2(838) 3(865)
0- 1
-0 1
.names 73(741) 74(843) 75(866)
00 1
.names 1910(631) 1917(842) 1638(867)
0- 1
-0 1
.names 1918(632) 1925(841) 1648(868)
0- 1
-0 1
.names 1020(844) 1028(869)
0 1
.names 1402(845) 1408(870)
0 1
.names 1394(846) 1400(871)
0 1
.names 1386(847) 1392(872)
0 1
.names 1806(848) 1812(873)
0 1
.names 1144(849) 1152(874)
0 1
.names 1144(849) 1153(681) 350(875)
0- 1
-0 1
.names 1020(844) 1029(682) 287(876)
0- 1
-0 1
.names 1402(845) 1409(622) 431(877)
0- 1
-0 1
.names 1394(846) 1401(584) 429(878)
0- 1
-0 1
.names 1806(848) 1813(629) 1216(879)
0- 1
-0 1
.names 1386(847) 1393(612) 427(880)
0- 1
-0 1
.names 1637(839) 1638(867) 1639(881)
0- 1
-0 1
.names 1647(840) 1648(868) 1649(882)
0- 1
-0 1
.names 1149(669) 1152(874) 349(883)
0- 1
-0 1
.names 1025(670) 1028(869) 286(884)
0- 1
-0 1
.names 1405(604) 1408(870) 430(885)
0- 1
-0 1
.names 1397(564) 1400(871) 428(886)
0- 1
-0 1
.names 1809(610) 1812(873) 1215(887)
0- 1
-0 1
.names 1389(592) 1392(872) 426(888)
0- 1
-0 1
.names 1639(881) 1643(889)
0 1
.names 1649(882) 1653(890)
0 1
.names 1639(881) 1642(183) 67(891)
0- 1
-0 1
.names 1649(882) 1652(184) 70(892)
0- 1
-0 1
.names 349(883) 350(875) 53(893)
0- 1
-0 1
.names 286(884) 287(876) 49(894)
0- 1
-0 1
.names 430(885) 431(877) 65(895)
0- 1
-0 1
.names 428(886) 429(878) 61(896)
0- 1
-0 1
.names 1215(887) 1216(879) 1217(897)
0- 1
-0 1
.names 426(888) 427(880) 59(898)
0- 1
-0 1
.names 49(894) 50(91) 51(899)
11 1
.names 52(92) 53(893) 54(900)
11 1
.names 58(94) 59(898) 60(901)
11 1
.names 61(896) 62(95) 63(902)
11 1
.names 64(96) 65(895) 66(903)
11 1
.names 1634(99) 1643(889) 68(904)
0- 1
-0 1
.names 1644(100) 1653(890) 71(905)
0- 1
-0 1
.names 1217(897) 1220(391) 375(906)
0- 1
-0 1
.names 1217(897) 1221(907)
0 1
.names 67(891) 68(904) 69(908)
0- 1
-0 1
.names 70(892) 71(905) 72(909)
0- 1
-0 1
.names 1212(363) 1221(907) 376(910)
0- 1
-0 1
.names 375(906) 376(910) 55(911)
0- 1
-0 1
.names 55(911) 56(93) 57(912)
11 1
.end
