.model att3
.inputs a b c d e f g h i j k l m n o p q r s t u v w x y z a0 b0 c0 d0 e0 f0 g0 h0 i0 j0 k0 l0 m0 n0 o0 p0 q0 r0 s0 t0 u0 v0
.outputs w0 x0 y0 z0 a1 b1 c1 d1 e1 f1 g1 h1 i1 j1 k1 l1 m1 n1 o1 p1 q1 r1 s1 t1 u1 v1 w1 x1 y1 z1 a2 b2 c2 d2 e2 f2
.names q3 r3 s3 i l w0
0-0-0 1
-00-0 1
0--00 1
-0-00 1
.names i q3
0 1
.names m r3
0 1
.names f s3
0 1
.names q3 t3 u3 i l x0
0-0-0 1
-00-0 1
0--00 1
-0-00 1
.names n t3
0 1
.names g u3
0 1
.names q3 v3 w3 i l y0
0-0-0 1
-00-0 1
0--00 1
-0-00 1
.names o v3
0 1
.names h w3
0 1
.names q3 x3 y3 i l z0
0-0-0 1
-00-0 1
0--00 1
-0-00 1
.names p x3
0 1
.names c y3
0 1
.names q3 z3 a4 i l a1
0-0-0 1
-00-0 1
0--00 1
-0-00 1
.names q z3
0 1
.names d a4
0 1
.names q3 b4 c4 i l b1
0-0-0 1
-00-0 1
0--00 1
-0-00 1
.names r b4
0 1
.names e c4
0 1
.names j d4 e4 f4 l c1
0-0-0 1
-00-0 1
0--00 1
-0-00 1
.names t d4
0 1
.names j e4
0 1
.names s f4
0 1
.names j g4 e4 d4 l d1
0-0-0 1
-00-0 1
0--00 1
-0-00 1
.names u g4
0 1
.names j h4 e4 g4 l e1
0-0-0 1
-00-0 1
0--00 1
-0-00 1
.names v h4
0 1
.names j i4 e4 h4 l f1
0-0-0 1
-00-0 1
0--00 1
-0-00 1
.names w i4
0 1
.names j j4 e4 i4 l g1
0-0-0 1
-00-0 1
0--00 1
-0-00 1
.names x j4
0 1
.names j k4 e4 j4 l h1
0-0-0 1
-00-0 1
0--00 1
-0-00 1
.names y k4
0 1
.names j l4 e4 k4 l i1
0-0-0 1
-00-0 1
0--00 1
-0-00 1
.names z l4
0 1
.names j m4 e4 l4 l j1
0-0-0 1
-00-0 1
0--00 1
-0-00 1
.names a0 m4
0 1
.names j n4 e4 m4 l k1
0-0-0 1
-00-0 1
0--00 1
-0-00 1
.names b0 n4
0 1
.names j o4 e4 n4 l l1
0-0-0 1
-00-0 1
0--00 1
-0-00 1
.names c0 o4
0 1
.names j p4 e4 o4 l m1
0-0-0 1
-00-0 1
0--00 1
-0-00 1
.names d0 p4
0 1
.names j q4 e4 p4 l n1
0-0-0 1
-00-0 1
0--00 1
-0-00 1
.names e0 q4
0 1
.names j r4 e4 q4 l o1
0-0-0 1
-00-0 1
0--00 1
-0-00 1
.names f0 r4
0 1
.names e4 r4 s4 j l p1
0-0-0 1
-00-0 1
0--00 1
-0-00 1
.names a s4
0 1
.names k t4 u4 v4 l q1
0-0-0 1
-00-0 1
0--00 1
-0-00 1
.names h0 t4
0 1
.names k u4
0 1
.names g0 v4
0 1
.names k w4 u4 t4 l r1
0-0-0 1
-00-0 1
0--00 1
-0-00 1
.names i0 w4
0 1
.names k x4 u4 w4 l s1
0-0-0 1
-00-0 1
0--00 1
-0-00 1
.names j0 x4
0 1
.names k y4 u4 x4 l t1
0-0-0 1
-00-0 1
0--00 1
-0-00 1
.names k0 y4
0 1
.names k z4 u4 y4 l u1
0-0-0 1
-00-0 1
0--00 1
-0-00 1
.names l0 z4
0 1
.names k a5 u4 z4 l v1
0-0-0 1
-00-0 1
0--00 1
-0-00 1
.names m0 a5
0 1
.names k b5 u4 a5 l w1
0-0-0 1
-00-0 1
0--00 1
-0-00 1
.names n0 b5
0 1
.names k l p x3 s4 u4 b5 c5 x1
00---0-- 1
00----0- 1
-000-0-- 1
-0-000-- 1
-000--0- 1
-0-00-0- 1
-00--0-0 1
-0--00-0 1
-00---00 1
-0--0-00 1
.names o0 c5
0 1
.names k l p x3 u4 c5 d5 y1
00---0- 1
-0-0-0- 1
-0---00 1
000-0-- 1
-0000-- 1
-00-0-0 1
.names p0 d5
0 1
.names k l p x3 u4 d5 e5 z1
00---0- 1
-0-0-0- 1
-0---00 1
000-0-- 1
-0000-- 1
-00-0-0 1
.names q0 e5
0 1
.names k l p x3 u4 e5 f5 a2
00---0- 1
-0-0-0- 1
-0---00 1
000-0-- 1
-0000-- 1
-00-0-0 1
.names r0 f5
0 1
.names k l p x3 u4 f5 g5 b2
00---0- 1
-0-0-0- 1
-0---00 1
000-0-- 1
-0000-- 1
-00-0-0 1
.names s0 g5
0 1
.names k l p x3 u4 g5 h5 c2
00---0- 1
-0-0-0- 1
-0---00 1
000-0-- 1
-0000-- 1
-00-0-0 1
.names t0 h5
0 1
.names k l p x3 u4 h5 i5 d2
00---0- 1
-0-0-0- 1
-0---00 1
000-0-- 1
-0000-- 1
-00-0-0 1
.names u0 i5
0 1
.names k l p x3 u4 i5 j5 e2
00---0- 1
-0-0-0- 1
-0---00 1
000-0-- 1
-0000-- 1
-00-0-0 1
.names v0 j5
0 1
.names k l p x3 s4 u4 j5 f2
00----0 1
-0-0--0 1
-0--0-0 1
000--0- 1
-000-0- 1
-00-00- 1
.end
