.model C1355.iscas
.inputs 1GAT(0) 8GAT(1) 15GAT(2) 22GAT(3) 29GAT(4) 36GAT(5) 43GAT(6) 50GAT(7) 57GAT(8) 64GAT(9) 71GAT(10) 78GAT(11) 85GAT(12) 92GAT(13) 99GAT(14) 106GAT(15) 113GAT(16) 120GAT(17) 127GAT(18) 134GAT(19) 141GAT(20) 148GAT(21) 155GAT(22) 162GAT(23) 169GAT(24) 176GAT(25) 183GAT(26) 190GAT(27) 197GAT(28) 204GAT(29) 211GAT(30) 218GAT(31) 225GAT(32) 226GAT(33) 227GAT(34) 228GAT(35) 229GAT(36) 230GAT(37) 231GAT(38) 232GAT(39) 233GAT(40)
.outputs 1324GAT(583) 1325GAT(579) 1326GAT(575) 1327GAT(571) 1328GAT(584) 1329GAT(580) 1330GAT(576) 1331GAT(572) 1332GAT(585) 1333GAT(581) 1334GAT(577) 1335GAT(573) 1336GAT(586) 1337GAT(582) 1338GAT(578) 1339GAT(574) 1340GAT(567) 1341GAT(563) 1342GAT(559) 1343GAT(555) 1344GAT(568) 1345GAT(564) 1346GAT(560) 1347GAT(556) 1348GAT(569) 1349GAT(565) 1350GAT(561) 1351GAT(557) 1352GAT(570) 1353GAT(566) 1354GAT(562) 1355GAT(558)
.names 232GAT(39) 233GAT(40) 263GAT(41)
11 1
.names 231GAT(38) 233GAT(40) 260GAT(42)
11 1
.names 230GAT(37) 233GAT(40) 257GAT(43)
11 1
.names 229GAT(36) 233GAT(40) 254GAT(44)
11 1
.names 228GAT(35) 233GAT(40) 251GAT(45)
11 1
.names 227GAT(34) 233GAT(40) 248GAT(46)
11 1
.names 226GAT(33) 233GAT(40) 245GAT(47)
11 1
.names 225GAT(32) 233GAT(40) 242GAT(48)
11 1
.names 211GAT(30) 218GAT(31) 311GAT(49)
0- 1
-0 1
.names 197GAT(28) 204GAT(29) 308GAT(50)
0- 1
-0 1
.names 190GAT(27) 218GAT(31) 359GAT(51)
0- 1
-0 1
.names 183GAT(26) 211GAT(30) 353GAT(52)
0- 1
-0 1
.names 183GAT(26) 190GAT(27) 305GAT(53)
0- 1
-0 1
.names 176GAT(25) 204GAT(29) 347GAT(54)
0- 1
-0 1
.names 169GAT(24) 197GAT(28) 341GAT(55)
0- 1
-0 1
.names 169GAT(24) 176GAT(25) 302GAT(56)
0- 1
-0 1
.names 155GAT(22) 162GAT(23) 299GAT(57)
0- 1
-0 1
.names 141GAT(20) 148GAT(21) 296GAT(58)
0- 1
-0 1
.names 134GAT(19) 162GAT(23) 356GAT(59)
0- 1
-0 1
.names 127GAT(18) 155GAT(22) 350GAT(60)
0- 1
-0 1
.names 127GAT(18) 134GAT(19) 293GAT(61)
0- 1
-0 1
.names 120GAT(17) 148GAT(21) 344GAT(62)
0- 1
-0 1
.names 113GAT(16) 141GAT(20) 338GAT(63)
0- 1
-0 1
.names 113GAT(16) 120GAT(17) 290GAT(64)
0- 1
-0 1
.names 99GAT(14) 106GAT(15) 287GAT(65)
0- 1
-0 1
.names 85GAT(12) 92GAT(13) 284GAT(66)
0- 1
-0 1
.names 78GAT(11) 106GAT(15) 335GAT(67)
0- 1
-0 1
.names 71GAT(10) 99GAT(14) 329GAT(68)
0- 1
-0 1
.names 71GAT(10) 78GAT(11) 281GAT(69)
0- 1
-0 1
.names 64GAT(9) 92GAT(13) 323GAT(70)
0- 1
-0 1
.names 57GAT(8) 85GAT(12) 317GAT(71)
0- 1
-0 1
.names 57GAT(8) 64GAT(9) 278GAT(72)
0- 1
-0 1
.names 43GAT(6) 50GAT(7) 275GAT(73)
0- 1
-0 1
.names 29GAT(4) 36GAT(5) 272GAT(74)
0- 1
-0 1
.names 22GAT(3) 50GAT(7) 332GAT(75)
0- 1
-0 1
.names 15GAT(2) 43GAT(6) 326GAT(76)
0- 1
-0 1
.names 15GAT(2) 22GAT(3) 269GAT(77)
0- 1
-0 1
.names 8GAT(1) 36GAT(5) 320GAT(78)
0- 1
-0 1
.names 1GAT(0) 29GAT(4) 314GAT(79)
0- 1
-0 1
.names 1GAT(0) 8GAT(1) 266GAT(80)
0- 1
-0 1
.names 218GAT(31) 359GAT(51) 425GAT(81)
0- 1
-0 1
.names 218GAT(31) 311GAT(49) 393GAT(82)
0- 1
-0 1
.names 211GAT(30) 353GAT(52) 421GAT(83)
0- 1
-0 1
.names 211GAT(30) 311GAT(49) 392GAT(84)
0- 1
-0 1
.names 204GAT(29) 347GAT(54) 417GAT(85)
0- 1
-0 1
.names 204GAT(29) 308GAT(50) 391GAT(86)
0- 1
-0 1
.names 197GAT(28) 341GAT(55) 413GAT(87)
0- 1
-0 1
.names 197GAT(28) 308GAT(50) 390GAT(88)
0- 1
-0 1
.names 190GAT(27) 359GAT(51) 424GAT(89)
0- 1
-0 1
.names 190GAT(27) 305GAT(53) 389GAT(90)
0- 1
-0 1
.names 183GAT(26) 353GAT(52) 420GAT(91)
0- 1
-0 1
.names 183GAT(26) 305GAT(53) 388GAT(92)
0- 1
-0 1
.names 176GAT(25) 347GAT(54) 416GAT(93)
0- 1
-0 1
.names 176GAT(25) 302GAT(56) 387GAT(94)
0- 1
-0 1
.names 169GAT(24) 341GAT(55) 412GAT(95)
0- 1
-0 1
.names 169GAT(24) 302GAT(56) 386GAT(96)
0- 1
-0 1
.names 162GAT(23) 356GAT(59) 423GAT(97)
0- 1
-0 1
.names 162GAT(23) 299GAT(57) 385GAT(98)
0- 1
-0 1
.names 155GAT(22) 350GAT(60) 419GAT(99)
0- 1
-0 1
.names 155GAT(22) 299GAT(57) 384GAT(100)
0- 1
-0 1
.names 148GAT(21) 344GAT(62) 415GAT(101)
0- 1
-0 1
.names 148GAT(21) 296GAT(58) 383GAT(102)
0- 1
-0 1
.names 141GAT(20) 338GAT(63) 411GAT(103)
0- 1
-0 1
.names 141GAT(20) 296GAT(58) 382GAT(104)
0- 1
-0 1
.names 134GAT(19) 356GAT(59) 422GAT(105)
0- 1
-0 1
.names 134GAT(19) 293GAT(61) 381GAT(106)
0- 1
-0 1
.names 127GAT(18) 350GAT(60) 418GAT(107)
0- 1
-0 1
.names 127GAT(18) 293GAT(61) 380GAT(108)
0- 1
-0 1
.names 120GAT(17) 344GAT(62) 414GAT(109)
0- 1
-0 1
.names 120GAT(17) 290GAT(64) 379GAT(110)
0- 1
-0 1
.names 113GAT(16) 338GAT(63) 410GAT(111)
0- 1
-0 1
.names 113GAT(16) 290GAT(64) 378GAT(112)
0- 1
-0 1
.names 106GAT(15) 335GAT(67) 409GAT(113)
0- 1
-0 1
.names 106GAT(15) 287GAT(65) 377GAT(114)
0- 1
-0 1
.names 99GAT(14) 329GAT(68) 405GAT(115)
0- 1
-0 1
.names 99GAT(14) 287GAT(65) 376GAT(116)
0- 1
-0 1
.names 92GAT(13) 323GAT(70) 401GAT(117)
0- 1
-0 1
.names 92GAT(13) 284GAT(66) 375GAT(118)
0- 1
-0 1
.names 85GAT(12) 317GAT(71) 397GAT(119)
0- 1
-0 1
.names 85GAT(12) 284GAT(66) 374GAT(120)
0- 1
-0 1
.names 78GAT(11) 335GAT(67) 408GAT(121)
0- 1
-0 1
.names 78GAT(11) 281GAT(69) 373GAT(122)
0- 1
-0 1
.names 71GAT(10) 329GAT(68) 404GAT(123)
0- 1
-0 1
.names 71GAT(10) 281GAT(69) 372GAT(124)
0- 1
-0 1
.names 64GAT(9) 323GAT(70) 400GAT(125)
0- 1
-0 1
.names 64GAT(9) 278GAT(72) 371GAT(126)
0- 1
-0 1
.names 57GAT(8) 317GAT(71) 396GAT(127)
0- 1
-0 1
.names 57GAT(8) 278GAT(72) 370GAT(128)
0- 1
-0 1
.names 50GAT(7) 332GAT(75) 407GAT(129)
0- 1
-0 1
.names 50GAT(7) 275GAT(73) 369GAT(130)
0- 1
-0 1
.names 43GAT(6) 326GAT(76) 403GAT(131)
0- 1
-0 1
.names 43GAT(6) 275GAT(73) 368GAT(132)
0- 1
-0 1
.names 36GAT(5) 320GAT(78) 399GAT(133)
0- 1
-0 1
.names 36GAT(5) 272GAT(74) 367GAT(134)
0- 1
-0 1
.names 29GAT(4) 314GAT(79) 395GAT(135)
0- 1
-0 1
.names 29GAT(4) 272GAT(74) 366GAT(136)
0- 1
-0 1
.names 22GAT(3) 332GAT(75) 406GAT(137)
0- 1
-0 1
.names 22GAT(3) 269GAT(77) 365GAT(138)
0- 1
-0 1
.names 15GAT(2) 326GAT(76) 402GAT(139)
0- 1
-0 1
.names 15GAT(2) 269GAT(77) 364GAT(140)
0- 1
-0 1
.names 8GAT(1) 320GAT(78) 398GAT(141)
0- 1
-0 1
.names 8GAT(1) 266GAT(80) 363GAT(142)
0- 1
-0 1
.names 1GAT(0) 314GAT(79) 394GAT(143)
0- 1
-0 1
.names 1GAT(0) 266GAT(80) 362GAT(144)
0- 1
-0 1
.names 424GAT(89) 425GAT(81) 519GAT(145)
0- 1
-0 1
.names 392GAT(84) 393GAT(82) 471GAT(146)
0- 1
-0 1
.names 420GAT(91) 421GAT(83) 513GAT(147)
0- 1
-0 1
.names 416GAT(93) 417GAT(85) 507GAT(148)
0- 1
-0 1
.names 390GAT(88) 391GAT(86) 468GAT(149)
0- 1
-0 1
.names 412GAT(95) 413GAT(87) 501GAT(150)
0- 1
-0 1
.names 388GAT(92) 389GAT(90) 465GAT(151)
0- 1
-0 1
.names 386GAT(96) 387GAT(94) 462GAT(152)
0- 1
-0 1
.names 422GAT(105) 423GAT(97) 516GAT(153)
0- 1
-0 1
.names 384GAT(100) 385GAT(98) 459GAT(154)
0- 1
-0 1
.names 418GAT(107) 419GAT(99) 510GAT(155)
0- 1
-0 1
.names 414GAT(109) 415GAT(101) 504GAT(156)
0- 1
-0 1
.names 382GAT(104) 383GAT(102) 456GAT(157)
0- 1
-0 1
.names 410GAT(111) 411GAT(103) 498GAT(158)
0- 1
-0 1
.names 380GAT(108) 381GAT(106) 453GAT(159)
0- 1
-0 1
.names 378GAT(112) 379GAT(110) 450GAT(160)
0- 1
-0 1
.names 408GAT(121) 409GAT(113) 495GAT(161)
0- 1
-0 1
.names 376GAT(116) 377GAT(114) 447GAT(162)
0- 1
-0 1
.names 404GAT(123) 405GAT(115) 489GAT(163)
0- 1
-0 1
.names 400GAT(125) 401GAT(117) 483GAT(164)
0- 1
-0 1
.names 374GAT(120) 375GAT(118) 444GAT(165)
0- 1
-0 1
.names 396GAT(127) 397GAT(119) 477GAT(166)
0- 1
-0 1
.names 372GAT(124) 373GAT(122) 441GAT(167)
0- 1
-0 1
.names 370GAT(128) 371GAT(126) 438GAT(168)
0- 1
-0 1
.names 406GAT(137) 407GAT(129) 492GAT(169)
0- 1
-0 1
.names 368GAT(132) 369GAT(130) 435GAT(170)
0- 1
-0 1
.names 402GAT(139) 403GAT(131) 486GAT(171)
0- 1
-0 1
.names 398GAT(141) 399GAT(133) 480GAT(172)
0- 1
-0 1
.names 366GAT(136) 367GAT(134) 432GAT(173)
0- 1
-0 1
.names 394GAT(143) 395GAT(135) 474GAT(174)
0- 1
-0 1
.names 364GAT(140) 365GAT(138) 429GAT(175)
0- 1
-0 1
.names 362GAT(144) 363GAT(142) 426GAT(176)
0- 1
-0 1
.names 516GAT(153) 519GAT(145) 567GAT(177)
0- 1
-0 1
.names 468GAT(149) 471GAT(146) 543GAT(178)
0- 1
-0 1
.names 510GAT(155) 513GAT(147) 564GAT(179)
0- 1
-0 1
.names 504GAT(156) 507GAT(148) 561GAT(180)
0- 1
-0 1
.names 498GAT(158) 501GAT(150) 558GAT(181)
0- 1
-0 1
.names 462GAT(152) 465GAT(151) 540GAT(182)
0- 1
-0 1
.names 456GAT(157) 459GAT(154) 537GAT(183)
0- 1
-0 1
.names 450GAT(160) 453GAT(159) 534GAT(184)
0- 1
-0 1
.names 492GAT(169) 495GAT(161) 555GAT(185)
0- 1
-0 1
.names 444GAT(165) 447GAT(162) 531GAT(186)
0- 1
-0 1
.names 486GAT(171) 489GAT(163) 552GAT(187)
0- 1
-0 1
.names 480GAT(172) 483GAT(164) 549GAT(188)
0- 1
-0 1
.names 474GAT(174) 477GAT(166) 546GAT(189)
0- 1
-0 1
.names 438GAT(168) 441GAT(167) 528GAT(190)
0- 1
-0 1
.names 432GAT(173) 435GAT(170) 525GAT(191)
0- 1
-0 1
.names 426GAT(176) 429GAT(175) 522GAT(192)
0- 1
-0 1
.names 519GAT(145) 567GAT(177) 601GAT(193)
0- 1
-0 1
.names 471GAT(146) 543GAT(178) 585GAT(194)
0- 1
-0 1
.names 513GAT(147) 564GAT(179) 599GAT(195)
0- 1
-0 1
.names 507GAT(148) 561GAT(180) 597GAT(196)
0- 1
-0 1
.names 468GAT(149) 543GAT(178) 584GAT(197)
0- 1
-0 1
.names 501GAT(150) 558GAT(181) 595GAT(198)
0- 1
-0 1
.names 465GAT(151) 540GAT(182) 583GAT(199)
0- 1
-0 1
.names 462GAT(152) 540GAT(182) 582GAT(200)
0- 1
-0 1
.names 516GAT(153) 567GAT(177) 600GAT(201)
0- 1
-0 1
.names 459GAT(154) 537GAT(183) 581GAT(202)
0- 1
-0 1
.names 510GAT(155) 564GAT(179) 598GAT(203)
0- 1
-0 1
.names 504GAT(156) 561GAT(180) 596GAT(204)
0- 1
-0 1
.names 456GAT(157) 537GAT(183) 580GAT(205)
0- 1
-0 1
.names 498GAT(158) 558GAT(181) 594GAT(206)
0- 1
-0 1
.names 453GAT(159) 534GAT(184) 579GAT(207)
0- 1
-0 1
.names 450GAT(160) 534GAT(184) 578GAT(208)
0- 1
-0 1
.names 495GAT(161) 555GAT(185) 593GAT(209)
0- 1
-0 1
.names 447GAT(162) 531GAT(186) 577GAT(210)
0- 1
-0 1
.names 489GAT(163) 552GAT(187) 591GAT(211)
0- 1
-0 1
.names 483GAT(164) 549GAT(188) 589GAT(212)
0- 1
-0 1
.names 444GAT(165) 531GAT(186) 576GAT(213)
0- 1
-0 1
.names 477GAT(166) 546GAT(189) 587GAT(214)
0- 1
-0 1
.names 441GAT(167) 528GAT(190) 575GAT(215)
0- 1
-0 1
.names 438GAT(168) 528GAT(190) 574GAT(216)
0- 1
-0 1
.names 492GAT(169) 555GAT(185) 592GAT(217)
0- 1
-0 1
.names 435GAT(170) 525GAT(191) 573GAT(218)
0- 1
-0 1
.names 486GAT(171) 552GAT(187) 590GAT(219)
0- 1
-0 1
.names 480GAT(172) 549GAT(188) 588GAT(220)
0- 1
-0 1
.names 432GAT(173) 525GAT(191) 572GAT(221)
0- 1
-0 1
.names 474GAT(174) 546GAT(189) 586GAT(222)
0- 1
-0 1
.names 429GAT(175) 522GAT(192) 571GAT(223)
0- 1
-0 1
.names 426GAT(176) 522GAT(192) 570GAT(224)
0- 1
-0 1
.names 600GAT(201) 601GAT(193) 663GAT(225)
0- 1
-0 1
.names 584GAT(197) 585GAT(194) 637GAT(226)
0- 1
-0 1
.names 598GAT(203) 599GAT(195) 660GAT(227)
0- 1
-0 1
.names 596GAT(204) 597GAT(196) 657GAT(228)
0- 1
-0 1
.names 594GAT(206) 595GAT(198) 654GAT(229)
0- 1
-0 1
.names 582GAT(200) 583GAT(199) 632GAT(230)
0- 1
-0 1
.names 580GAT(205) 581GAT(202) 627GAT(231)
0- 1
-0 1
.names 578GAT(208) 579GAT(207) 622GAT(232)
0- 1
-0 1
.names 592GAT(217) 593GAT(209) 651GAT(233)
0- 1
-0 1
.names 576GAT(213) 577GAT(210) 617GAT(234)
0- 1
-0 1
.names 590GAT(219) 591GAT(211) 648GAT(235)
0- 1
-0 1
.names 588GAT(220) 589GAT(212) 645GAT(236)
0- 1
-0 1
.names 586GAT(222) 587GAT(214) 642GAT(237)
0- 1
-0 1
.names 574GAT(216) 575GAT(215) 612GAT(238)
0- 1
-0 1
.names 572GAT(221) 573GAT(218) 607GAT(239)
0- 1
-0 1
.names 570GAT(224) 571GAT(223) 602GAT(240)
0- 1
-0 1
.names 632GAT(230) 637GAT(226) 681GAT(241)
0- 1
-0 1
.names 627GAT(231) 637GAT(226) 687GAT(242)
0- 1
-0 1
.names 622GAT(232) 632GAT(230) 684GAT(243)
0- 1
-0 1
.names 622GAT(232) 627GAT(231) 678GAT(244)
0- 1
-0 1
.names 612GAT(238) 617GAT(234) 669GAT(245)
0- 1
-0 1
.names 607GAT(239) 617GAT(234) 675GAT(246)
0- 1
-0 1
.names 602GAT(240) 612GAT(238) 672GAT(247)
0- 1
-0 1
.names 602GAT(240) 607GAT(239) 666GAT(248)
0- 1
-0 1
.names 637GAT(226) 681GAT(241) 701GAT(249)
0- 1
-0 1
.names 637GAT(226) 687GAT(242) 705GAT(250)
0- 1
-0 1
.names 632GAT(230) 681GAT(241) 700GAT(251)
0- 1
-0 1
.names 632GAT(230) 684GAT(243) 703GAT(252)
0- 1
-0 1
.names 627GAT(231) 678GAT(244) 699GAT(253)
0- 1
-0 1
.names 627GAT(231) 687GAT(242) 704GAT(254)
0- 1
-0 1
.names 622GAT(232) 678GAT(244) 698GAT(255)
0- 1
-0 1
.names 622GAT(232) 684GAT(243) 702GAT(256)
0- 1
-0 1
.names 617GAT(234) 669GAT(245) 693GAT(257)
0- 1
-0 1
.names 617GAT(234) 675GAT(246) 697GAT(258)
0- 1
-0 1
.names 612GAT(238) 669GAT(245) 692GAT(259)
0- 1
-0 1
.names 612GAT(238) 672GAT(247) 695GAT(260)
0- 1
-0 1
.names 607GAT(239) 666GAT(248) 691GAT(261)
0- 1
-0 1
.names 607GAT(239) 675GAT(246) 696GAT(262)
0- 1
-0 1
.names 602GAT(240) 666GAT(248) 690GAT(263)
0- 1
-0 1
.names 602GAT(240) 672GAT(247) 694GAT(264)
0- 1
-0 1
.names 700GAT(251) 701GAT(249) 721GAT(265)
0- 1
-0 1
.names 704GAT(254) 705GAT(250) 727GAT(266)
0- 1
-0 1
.names 702GAT(256) 703GAT(252) 724GAT(267)
0- 1
-0 1
.names 698GAT(255) 699GAT(253) 718GAT(268)
0- 1
-0 1
.names 692GAT(259) 693GAT(257) 709GAT(269)
0- 1
-0 1
.names 696GAT(262) 697GAT(258) 715GAT(270)
0- 1
-0 1
.names 694GAT(264) 695GAT(260) 712GAT(271)
0- 1
-0 1
.names 690GAT(263) 691GAT(261) 706GAT(272)
0- 1
-0 1
.names 263GAT(41) 715GAT(270) 751GAT(273)
0- 1
-0 1
.names 260GAT(42) 712GAT(271) 748GAT(274)
0- 1
-0 1
.names 257GAT(43) 709GAT(269) 745GAT(275)
0- 1
-0 1
.names 254GAT(44) 706GAT(272) 742GAT(276)
0- 1
-0 1
.names 251GAT(45) 727GAT(266) 739GAT(277)
0- 1
-0 1
.names 248GAT(46) 724GAT(267) 736GAT(278)
0- 1
-0 1
.names 245GAT(47) 721GAT(265) 733GAT(279)
0- 1
-0 1
.names 242GAT(48) 718GAT(268) 730GAT(280)
0- 1
-0 1
.names 263GAT(41) 751GAT(273) 768GAT(281)
0- 1
-0 1
.names 260GAT(42) 748GAT(274) 766GAT(282)
0- 1
-0 1
.names 257GAT(43) 745GAT(275) 764GAT(283)
0- 1
-0 1
.names 254GAT(44) 742GAT(276) 762GAT(284)
0- 1
-0 1
.names 251GAT(45) 739GAT(277) 760GAT(285)
0- 1
-0 1
.names 248GAT(46) 736GAT(278) 758GAT(286)
0- 1
-0 1
.names 245GAT(47) 733GAT(279) 756GAT(287)
0- 1
-0 1
.names 242GAT(48) 730GAT(280) 754GAT(288)
0- 1
-0 1
.names 721GAT(265) 733GAT(279) 757GAT(289)
0- 1
-0 1
.names 727GAT(266) 739GAT(277) 761GAT(290)
0- 1
-0 1
.names 724GAT(267) 736GAT(278) 759GAT(291)
0- 1
-0 1
.names 718GAT(268) 730GAT(280) 755GAT(292)
0- 1
-0 1
.names 709GAT(269) 745GAT(275) 765GAT(293)
0- 1
-0 1
.names 715GAT(270) 751GAT(273) 769GAT(294)
0- 1
-0 1
.names 712GAT(271) 748GAT(274) 767GAT(295)
0- 1
-0 1
.names 706GAT(272) 742GAT(276) 763GAT(296)
0- 1
-0 1
.names 768GAT(281) 769GAT(294) 791GAT(297)
0- 1
-0 1
.names 766GAT(282) 767GAT(295) 788GAT(298)
0- 1
-0 1
.names 764GAT(283) 765GAT(293) 785GAT(299)
0- 1
-0 1
.names 762GAT(284) 763GAT(296) 782GAT(300)
0- 1
-0 1
.names 760GAT(285) 761GAT(290) 779GAT(301)
0- 1
-0 1
.names 758GAT(286) 759GAT(291) 776GAT(302)
0- 1
-0 1
.names 756GAT(287) 757GAT(289) 773GAT(303)
0- 1
-0 1
.names 754GAT(288) 755GAT(292) 770GAT(304)
0- 1
-0 1
.names 663GAT(225) 791GAT(297) 815GAT(305)
0- 1
-0 1
.names 660GAT(227) 788GAT(298) 812GAT(306)
0- 1
-0 1
.names 657GAT(228) 785GAT(299) 809GAT(307)
0- 1
-0 1
.names 654GAT(229) 782GAT(300) 806GAT(308)
0- 1
-0 1
.names 651GAT(233) 779GAT(301) 803GAT(309)
0- 1
-0 1
.names 648GAT(235) 776GAT(302) 800GAT(310)
0- 1
-0 1
.names 645GAT(236) 773GAT(303) 797GAT(311)
0- 1
-0 1
.names 642GAT(237) 770GAT(304) 794GAT(312)
0- 1
-0 1
.names 791GAT(297) 815GAT(305) 833GAT(313)
0- 1
-0 1
.names 788GAT(298) 812GAT(306) 831GAT(314)
0- 1
-0 1
.names 785GAT(299) 809GAT(307) 829GAT(315)
0- 1
-0 1
.names 782GAT(300) 806GAT(308) 827GAT(316)
0- 1
-0 1
.names 779GAT(301) 803GAT(309) 825GAT(317)
0- 1
-0 1
.names 776GAT(302) 800GAT(310) 823GAT(318)
0- 1
-0 1
.names 773GAT(303) 797GAT(311) 821GAT(319)
0- 1
-0 1
.names 770GAT(304) 794GAT(312) 819GAT(320)
0- 1
-0 1
.names 663GAT(225) 815GAT(305) 832GAT(321)
0- 1
-0 1
.names 660GAT(227) 812GAT(306) 830GAT(322)
0- 1
-0 1
.names 657GAT(228) 809GAT(307) 828GAT(323)
0- 1
-0 1
.names 654GAT(229) 806GAT(308) 826GAT(324)
0- 1
-0 1
.names 651GAT(233) 803GAT(309) 824GAT(325)
0- 1
-0 1
.names 648GAT(235) 800GAT(310) 822GAT(326)
0- 1
-0 1
.names 645GAT(236) 797GAT(311) 820GAT(327)
0- 1
-0 1
.names 642GAT(237) 794GAT(312) 818GAT(328)
0- 1
-0 1
.names 832GAT(321) 833GAT(313) 899GAT(329)
0- 1
-0 1
.names 830GAT(322) 831GAT(314) 912GAT(330)
0- 1
-0 1
.names 828GAT(323) 829GAT(315) 886GAT(331)
0- 1
-0 1
.names 826GAT(324) 827GAT(316) 925GAT(332)
0- 1
-0 1
.names 824GAT(325) 825GAT(317) 873GAT(333)
0- 1
-0 1
.names 822GAT(326) 823GAT(318) 860GAT(334)
0- 1
-0 1
.names 820GAT(327) 821GAT(319) 847GAT(335)
0- 1
-0 1
.names 818GAT(328) 819GAT(320) 834GAT(336)
0- 1
-0 1
.names 899GAT(329) 951GAT(337)
0 1
.names 899GAT(329) 955GAT(338)
0 1
.names 899GAT(329) 963GAT(339)
0 1
.names 899GAT(329) 966GAT(340)
0 1
.names 899GAT(329) 969GAT(341)
0 1
.names 912GAT(330) 953GAT(342)
0 1
.names 912GAT(330) 957GAT(343)
0 1
.names 912GAT(330) 960GAT(344)
0 1
.names 912GAT(330) 965GAT(345)
0 1
.names 912GAT(330) 968GAT(346)
0 1
.names 886GAT(331) 950GAT(347)
0 1
.names 886GAT(331) 952GAT(348)
0 1
.names 886GAT(331) 959GAT(349)
0 1
.names 886GAT(331) 962GAT(350)
0 1
.names 886GAT(331) 967GAT(351)
0 1
.names 925GAT(332) 954GAT(352)
0 1
.names 925GAT(332) 956GAT(353)
0 1
.names 925GAT(332) 958GAT(354)
0 1
.names 925GAT(332) 961GAT(355)
0 1
.names 925GAT(332) 964GAT(356)
0 1
.names 873GAT(333) 943GAT(357)
0 1
.names 873GAT(333) 946GAT(358)
0 1
.names 873GAT(333) 949GAT(359)
0 1
.names 873GAT(333) 971GAT(360)
0 1
.names 873GAT(333) 975GAT(361)
0 1
.names 860GAT(334) 940GAT(362)
0 1
.names 860GAT(334) 945GAT(363)
0 1
.names 860GAT(334) 948GAT(364)
0 1
.names 860GAT(334) 973GAT(365)
0 1
.names 860GAT(334) 977GAT(366)
0 1
.names 847GAT(335) 939GAT(367)
0 1
.names 847GAT(335) 942GAT(368)
0 1
.names 847GAT(335) 947GAT(369)
0 1
.names 847GAT(335) 970GAT(370)
0 1
.names 847GAT(335) 972GAT(371)
0 1
.names 834GAT(336) 938GAT(372)
0 1
.names 834GAT(336) 941GAT(373)
0 1
.names 834GAT(336) 944GAT(374)
0 1
.names 834GAT(336) 974GAT(375)
0 1
.names 834GAT(336) 976GAT(376)
0 1
.names 958GAT(354) 959GAT(349) 960GAT(344) 899GAT(329) 982GAT(377)
1111 1
.names 961GAT(355) 962GAT(350) 912GAT(330) 963GAT(339) 983GAT(378)
1111 1
.names 964GAT(356) 886GAT(331) 965GAT(345) 966GAT(340) 984GAT(379)
1111 1
.names 925GAT(332) 967GAT(351) 968GAT(346) 969GAT(341) 985GAT(380)
1111 1
.names 938GAT(372) 939GAT(367) 940GAT(362) 873GAT(333) 978GAT(381)
1111 1
.names 941GAT(373) 942GAT(368) 860GAT(334) 943GAT(357) 979GAT(382)
1111 1
.names 944GAT(374) 847GAT(335) 945GAT(363) 946GAT(358) 980GAT(383)
1111 1
.names 834GAT(336) 947GAT(369) 948GAT(364) 949GAT(359) 981GAT(384)
1111 1
.names 982GAT(377) 983GAT(378) 984GAT(379) 985GAT(380) 991GAT(385)
1--- 1
-1-- 1
--1- 1
---1 1
.names 978GAT(381) 979GAT(382) 980GAT(383) 981GAT(384) 986GAT(386)
1--- 1
-1-- 1
--1- 1
---1 1
.names 925GAT(332) 952GAT(348) 953GAT(342) 899GAT(329) 986GAT(386) 1001GAT(387)
11111 1
.names 956GAT(353) 886GAT(331) 957GAT(343) 899GAT(329) 986GAT(386) 1011GAT(388)
11111 1
.names 925GAT(332) 950GAT(347) 912GAT(330) 951GAT(337) 986GAT(386) 996GAT(389)
11111 1
.names 954GAT(352) 886GAT(331) 912GAT(330) 955GAT(338) 986GAT(386) 1006GAT(390)
11111 1
.names 834GAT(336) 972GAT(371) 973GAT(365) 873GAT(333) 991GAT(385) 1021GAT(391)
11111 1
.names 976GAT(376) 847GAT(335) 977GAT(366) 873GAT(333) 991GAT(385) 1031GAT(392)
11111 1
.names 834GAT(336) 970GAT(370) 860GAT(334) 971GAT(360) 991GAT(385) 1016GAT(393)
11111 1
.names 974GAT(375) 847GAT(335) 860GAT(334) 975GAT(361) 991GAT(385) 1026GAT(394)
11111 1
.names 899GAT(329) 1016GAT(393) 1093GAT(395)
11 1
.names 899GAT(329) 1021GAT(391) 1105GAT(396)
11 1
.names 899GAT(329) 1026GAT(394) 1117GAT(397)
11 1
.names 899GAT(329) 1031GAT(392) 1129GAT(398)
11 1
.names 912GAT(330) 1016GAT(393) 1090GAT(399)
11 1
.names 912GAT(330) 1021GAT(391) 1102GAT(400)
11 1
.names 912GAT(330) 1026GAT(394) 1114GAT(401)
11 1
.names 912GAT(330) 1031GAT(392) 1126GAT(402)
11 1
.names 886GAT(331) 1016GAT(393) 1087GAT(403)
11 1
.names 886GAT(331) 1021GAT(391) 1099GAT(404)
11 1
.names 886GAT(331) 1026GAT(394) 1111GAT(405)
11 1
.names 886GAT(331) 1031GAT(392) 1123GAT(406)
11 1
.names 925GAT(332) 1016GAT(393) 1084GAT(407)
11 1
.names 925GAT(332) 1021GAT(391) 1096GAT(408)
11 1
.names 925GAT(332) 1026GAT(394) 1108GAT(409)
11 1
.names 925GAT(332) 1031GAT(392) 1120GAT(410)
11 1
.names 873GAT(333) 996GAT(389) 1045GAT(411)
11 1
.names 873GAT(333) 1001GAT(387) 1057GAT(412)
11 1
.names 873GAT(333) 1006GAT(390) 1069GAT(413)
11 1
.names 873GAT(333) 1011GAT(388) 1081GAT(414)
11 1
.names 860GAT(334) 996GAT(389) 1042GAT(415)
11 1
.names 860GAT(334) 1001GAT(387) 1054GAT(416)
11 1
.names 860GAT(334) 1006GAT(390) 1066GAT(417)
11 1
.names 860GAT(334) 1011GAT(388) 1078GAT(418)
11 1
.names 847GAT(335) 996GAT(389) 1039GAT(419)
11 1
.names 847GAT(335) 1001GAT(387) 1051GAT(420)
11 1
.names 847GAT(335) 1006GAT(390) 1063GAT(421)
11 1
.names 847GAT(335) 1011GAT(388) 1075GAT(422)
11 1
.names 834GAT(336) 996GAT(389) 1036GAT(423)
11 1
.names 834GAT(336) 1001GAT(387) 1048GAT(424)
11 1
.names 834GAT(336) 1006GAT(390) 1060GAT(425)
11 1
.names 834GAT(336) 1011GAT(388) 1072GAT(426)
11 1
.names 218GAT(31) 1129GAT(398) 1225GAT(427)
0- 1
-0 1
.names 211GAT(30) 1126GAT(402) 1222GAT(428)
0- 1
-0 1
.names 204GAT(29) 1123GAT(406) 1219GAT(429)
0- 1
-0 1
.names 197GAT(28) 1120GAT(410) 1216GAT(430)
0- 1
-0 1
.names 190GAT(27) 1117GAT(397) 1213GAT(431)
0- 1
-0 1
.names 183GAT(26) 1114GAT(401) 1210GAT(432)
0- 1
-0 1
.names 176GAT(25) 1111GAT(405) 1207GAT(433)
0- 1
-0 1
.names 169GAT(24) 1108GAT(409) 1204GAT(434)
0- 1
-0 1
.names 162GAT(23) 1105GAT(396) 1201GAT(435)
0- 1
-0 1
.names 155GAT(22) 1102GAT(400) 1198GAT(436)
0- 1
-0 1
.names 148GAT(21) 1099GAT(404) 1195GAT(437)
0- 1
-0 1
.names 141GAT(20) 1096GAT(408) 1192GAT(438)
0- 1
-0 1
.names 134GAT(19) 1093GAT(395) 1189GAT(439)
0- 1
-0 1
.names 127GAT(18) 1090GAT(399) 1186GAT(440)
0- 1
-0 1
.names 120GAT(17) 1087GAT(403) 1183GAT(441)
0- 1
-0 1
.names 113GAT(16) 1084GAT(407) 1180GAT(442)
0- 1
-0 1
.names 106GAT(15) 1081GAT(414) 1177GAT(443)
0- 1
-0 1
.names 99GAT(14) 1078GAT(418) 1174GAT(444)
0- 1
-0 1
.names 92GAT(13) 1075GAT(422) 1171GAT(445)
0- 1
-0 1
.names 85GAT(12) 1072GAT(426) 1168GAT(446)
0- 1
-0 1
.names 78GAT(11) 1069GAT(413) 1165GAT(447)
0- 1
-0 1
.names 71GAT(10) 1066GAT(417) 1162GAT(448)
0- 1
-0 1
.names 64GAT(9) 1063GAT(421) 1159GAT(449)
0- 1
-0 1
.names 57GAT(8) 1060GAT(425) 1156GAT(450)
0- 1
-0 1
.names 50GAT(7) 1057GAT(412) 1153GAT(451)
0- 1
-0 1
.names 43GAT(6) 1054GAT(416) 1150GAT(452)
0- 1
-0 1
.names 36GAT(5) 1051GAT(420) 1147GAT(453)
0- 1
-0 1
.names 29GAT(4) 1048GAT(424) 1144GAT(454)
0- 1
-0 1
.names 22GAT(3) 1045GAT(411) 1141GAT(455)
0- 1
-0 1
.names 15GAT(2) 1042GAT(415) 1138GAT(456)
0- 1
-0 1
.names 8GAT(1) 1039GAT(419) 1135GAT(457)
0- 1
-0 1
.names 1GAT(0) 1036GAT(423) 1132GAT(458)
0- 1
-0 1
.names 1093GAT(395) 1189GAT(439) 1267GAT(459)
0- 1
-0 1
.names 1105GAT(396) 1201GAT(435) 1275GAT(460)
0- 1
-0 1
.names 1117GAT(397) 1213GAT(431) 1283GAT(461)
0- 1
-0 1
.names 1129GAT(398) 1225GAT(427) 1291GAT(462)
0- 1
-0 1
.names 1090GAT(399) 1186GAT(440) 1265GAT(463)
0- 1
-0 1
.names 1102GAT(400) 1198GAT(436) 1273GAT(464)
0- 1
-0 1
.names 1114GAT(401) 1210GAT(432) 1281GAT(465)
0- 1
-0 1
.names 1126GAT(402) 1222GAT(428) 1289GAT(466)
0- 1
-0 1
.names 1087GAT(403) 1183GAT(441) 1263GAT(467)
0- 1
-0 1
.names 1099GAT(404) 1195GAT(437) 1271GAT(468)
0- 1
-0 1
.names 1111GAT(405) 1207GAT(433) 1279GAT(469)
0- 1
-0 1
.names 1123GAT(406) 1219GAT(429) 1287GAT(470)
0- 1
-0 1
.names 1084GAT(407) 1180GAT(442) 1261GAT(471)
0- 1
-0 1
.names 1096GAT(408) 1192GAT(438) 1269GAT(472)
0- 1
-0 1
.names 1108GAT(409) 1204GAT(434) 1277GAT(473)
0- 1
-0 1
.names 1120GAT(410) 1216GAT(430) 1285GAT(474)
0- 1
-0 1
.names 1045GAT(411) 1141GAT(455) 1235GAT(475)
0- 1
-0 1
.names 1057GAT(412) 1153GAT(451) 1243GAT(476)
0- 1
-0 1
.names 1069GAT(413) 1165GAT(447) 1251GAT(477)
0- 1
-0 1
.names 1081GAT(414) 1177GAT(443) 1259GAT(478)
0- 1
-0 1
.names 1042GAT(415) 1138GAT(456) 1233GAT(479)
0- 1
-0 1
.names 1054GAT(416) 1150GAT(452) 1241GAT(480)
0- 1
-0 1
.names 1066GAT(417) 1162GAT(448) 1249GAT(481)
0- 1
-0 1
.names 1078GAT(418) 1174GAT(444) 1257GAT(482)
0- 1
-0 1
.names 1039GAT(419) 1135GAT(457) 1231GAT(483)
0- 1
-0 1
.names 1051GAT(420) 1147GAT(453) 1239GAT(484)
0- 1
-0 1
.names 1063GAT(421) 1159GAT(449) 1247GAT(485)
0- 1
-0 1
.names 1075GAT(422) 1171GAT(445) 1255GAT(486)
0- 1
-0 1
.names 1036GAT(423) 1132GAT(458) 1229GAT(487)
0- 1
-0 1
.names 1048GAT(424) 1144GAT(454) 1237GAT(488)
0- 1
-0 1
.names 1060GAT(425) 1156GAT(450) 1245GAT(489)
0- 1
-0 1
.names 1072GAT(426) 1168GAT(446) 1253GAT(490)
0- 1
-0 1
.names 218GAT(31) 1225GAT(427) 1290GAT(491)
0- 1
-0 1
.names 211GAT(30) 1222GAT(428) 1288GAT(492)
0- 1
-0 1
.names 204GAT(29) 1219GAT(429) 1286GAT(493)
0- 1
-0 1
.names 197GAT(28) 1216GAT(430) 1284GAT(494)
0- 1
-0 1
.names 190GAT(27) 1213GAT(431) 1282GAT(495)
0- 1
-0 1
.names 183GAT(26) 1210GAT(432) 1280GAT(496)
0- 1
-0 1
.names 176GAT(25) 1207GAT(433) 1278GAT(497)
0- 1
-0 1
.names 169GAT(24) 1204GAT(434) 1276GAT(498)
0- 1
-0 1
.names 162GAT(23) 1201GAT(435) 1274GAT(499)
0- 1
-0 1
.names 155GAT(22) 1198GAT(436) 1272GAT(500)
0- 1
-0 1
.names 148GAT(21) 1195GAT(437) 1270GAT(501)
0- 1
-0 1
.names 141GAT(20) 1192GAT(438) 1268GAT(502)
0- 1
-0 1
.names 134GAT(19) 1189GAT(439) 1266GAT(503)
0- 1
-0 1
.names 127GAT(18) 1186GAT(440) 1264GAT(504)
0- 1
-0 1
.names 120GAT(17) 1183GAT(441) 1262GAT(505)
0- 1
-0 1
.names 113GAT(16) 1180GAT(442) 1260GAT(506)
0- 1
-0 1
.names 106GAT(15) 1177GAT(443) 1258GAT(507)
0- 1
-0 1
.names 99GAT(14) 1174GAT(444) 1256GAT(508)
0- 1
-0 1
.names 92GAT(13) 1171GAT(445) 1254GAT(509)
0- 1
-0 1
.names 85GAT(12) 1168GAT(446) 1252GAT(510)
0- 1
-0 1
.names 78GAT(11) 1165GAT(447) 1250GAT(511)
0- 1
-0 1
.names 71GAT(10) 1162GAT(448) 1248GAT(512)
0- 1
-0 1
.names 64GAT(9) 1159GAT(449) 1246GAT(513)
0- 1
-0 1
.names 57GAT(8) 1156GAT(450) 1244GAT(514)
0- 1
-0 1
.names 50GAT(7) 1153GAT(451) 1242GAT(515)
0- 1
-0 1
.names 43GAT(6) 1150GAT(452) 1240GAT(516)
0- 1
-0 1
.names 36GAT(5) 1147GAT(453) 1238GAT(517)
0- 1
-0 1
.names 29GAT(4) 1144GAT(454) 1236GAT(518)
0- 1
-0 1
.names 22GAT(3) 1141GAT(455) 1234GAT(519)
0- 1
-0 1
.names 15GAT(2) 1138GAT(456) 1232GAT(520)
0- 1
-0 1
.names 8GAT(1) 1135GAT(457) 1230GAT(521)
0- 1
-0 1
.names 1GAT(0) 1132GAT(458) 1228GAT(522)
0- 1
-0 1
.names 1266GAT(503) 1267GAT(459) 1311GAT(523)
0- 1
-0 1
.names 1274GAT(499) 1275GAT(460) 1315GAT(524)
0- 1
-0 1
.names 1282GAT(495) 1283GAT(461) 1319GAT(525)
0- 1
-0 1
.names 1290GAT(491) 1291GAT(462) 1323GAT(526)
0- 1
-0 1
.names 1264GAT(504) 1265GAT(463) 1310GAT(527)
0- 1
-0 1
.names 1272GAT(500) 1273GAT(464) 1314GAT(528)
0- 1
-0 1
.names 1280GAT(496) 1281GAT(465) 1318GAT(529)
0- 1
-0 1
.names 1288GAT(492) 1289GAT(466) 1322GAT(530)
0- 1
-0 1
.names 1262GAT(505) 1263GAT(467) 1309GAT(531)
0- 1
-0 1
.names 1270GAT(501) 1271GAT(468) 1313GAT(532)
0- 1
-0 1
.names 1278GAT(497) 1279GAT(469) 1317GAT(533)
0- 1
-0 1
.names 1286GAT(493) 1287GAT(470) 1321GAT(534)
0- 1
-0 1
.names 1260GAT(506) 1261GAT(471) 1308GAT(535)
0- 1
-0 1
.names 1268GAT(502) 1269GAT(472) 1312GAT(536)
0- 1
-0 1
.names 1276GAT(498) 1277GAT(473) 1316GAT(537)
0- 1
-0 1
.names 1284GAT(494) 1285GAT(474) 1320GAT(538)
0- 1
-0 1
.names 1234GAT(519) 1235GAT(475) 1295GAT(539)
0- 1
-0 1
.names 1242GAT(515) 1243GAT(476) 1299GAT(540)
0- 1
-0 1
.names 1250GAT(511) 1251GAT(477) 1303GAT(541)
0- 1
-0 1
.names 1258GAT(507) 1259GAT(478) 1307GAT(542)
0- 1
-0 1
.names 1232GAT(520) 1233GAT(479) 1294GAT(543)
0- 1
-0 1
.names 1240GAT(516) 1241GAT(480) 1298GAT(544)
0- 1
-0 1
.names 1248GAT(512) 1249GAT(481) 1302GAT(545)
0- 1
-0 1
.names 1256GAT(508) 1257GAT(482) 1306GAT(546)
0- 1
-0 1
.names 1230GAT(521) 1231GAT(483) 1293GAT(547)
0- 1
-0 1
.names 1238GAT(517) 1239GAT(484) 1297GAT(548)
0- 1
-0 1
.names 1246GAT(513) 1247GAT(485) 1301GAT(549)
0- 1
-0 1
.names 1254GAT(509) 1255GAT(486) 1305GAT(550)
0- 1
-0 1
.names 1228GAT(522) 1229GAT(487) 1292GAT(551)
0- 1
-0 1
.names 1236GAT(518) 1237GAT(488) 1296GAT(552)
0- 1
-0 1
.names 1244GAT(514) 1245GAT(489) 1300GAT(553)
0- 1
-0 1
.names 1252GAT(510) 1253GAT(490) 1304GAT(554)
0- 1
-0 1
.names 1311GAT(523) 1343GAT(555)
1 1
.names 1315GAT(524) 1347GAT(556)
1 1
.names 1319GAT(525) 1351GAT(557)
1 1
.names 1323GAT(526) 1355GAT(558)
1 1
.names 1310GAT(527) 1342GAT(559)
1 1
.names 1314GAT(528) 1346GAT(560)
1 1
.names 1318GAT(529) 1350GAT(561)
1 1
.names 1322GAT(530) 1354GAT(562)
1 1
.names 1309GAT(531) 1341GAT(563)
1 1
.names 1313GAT(532) 1345GAT(564)
1 1
.names 1317GAT(533) 1349GAT(565)
1 1
.names 1321GAT(534) 1353GAT(566)
1 1
.names 1308GAT(535) 1340GAT(567)
1 1
.names 1312GAT(536) 1344GAT(568)
1 1
.names 1316GAT(537) 1348GAT(569)
1 1
.names 1320GAT(538) 1352GAT(570)
1 1
.names 1295GAT(539) 1327GAT(571)
1 1
.names 1299GAT(540) 1331GAT(572)
1 1
.names 1303GAT(541) 1335GAT(573)
1 1
.names 1307GAT(542) 1339GAT(574)
1 1
.names 1294GAT(543) 1326GAT(575)
1 1
.names 1298GAT(544) 1330GAT(576)
1 1
.names 1302GAT(545) 1334GAT(577)
1 1
.names 1306GAT(546) 1338GAT(578)
1 1
.names 1293GAT(547) 1325GAT(579)
1 1
.names 1297GAT(548) 1329GAT(580)
1 1
.names 1301GAT(549) 1333GAT(581)
1 1
.names 1305GAT(550) 1337GAT(582)
1 1
.names 1292GAT(551) 1324GAT(583)
1 1
.names 1296GAT(552) 1328GAT(584)
1 1
.names 1300GAT(553) 1332GAT(585)
1 1
.names 1304GAT(554) 1336GAT(586)
1 1
.end
