.model C17.iscas
.inputs 1GAT(0) 2GAT(1) 3GAT(2) 6GAT(3) 7GAT(4)
.outputs 22GAT(10) 23GAT(9)
.names 3GAT(2) 6GAT(3) 11GAT(5)
0- 1
-0 1
.names 1GAT(0) 3GAT(2) 10GAT(6)
0- 1
-0 1
.names 11GAT(5) 7GAT(4) 19GAT(7)
0- 1
-0 1
.names 2GAT(1) 11GAT(5) 16GAT(8)
0- 1
-0 1
.names 16GAT(8) 19GAT(7) 23GAT(9)
0- 1
-0 1
.names 10GAT(6) 16GAT(8) 22GAT(10)
0- 1
-0 1
.end
