.model test1
	["3-3-4.blif" line: 3, columns:1-6]
	["3-3-4.blif" line: 3, columns:8-12]
  outputs elem: a
	["3-3-4.blif" line: 4, column: 10]
  inputs elem: a
	["3-3-4.blif" line: 5, column: 9]
  inputs elem: b
	["3-3-4.blif" line: 5, column: 11]
  outputs elem: x
	["3-3-4.blif" line: 6, column: 10]
.names
a
	["3-3-4.blif" line: 7, column: 8]
b
	["3-3-4.blif" line: 7, column: 10]
x
	["3-3-4.blif" line: 7, column: 12]
11 1
.end
	["3-3-4.blif" line: 9, columns:1-4]
normal_exit
