.model att12
.inputs a b c d e f g h i
.outputs j k l m n o p q r s t u v w x y z a0 b0
.names v0 j
1 1
.names p1 q1 u1 d1 e1 o1 f1 z1 g1 v1 w1 v0
1---------- 1
-1--------- 1
--1-------- 1
---1------- 1
----1------ 1
-----1----- 1
------1---- 1
-------1--- 1
--------1-- 1
---------1- 1
----------1 1
.names w0 k
1 1
.names r1 s1 u1 x1 d1 y1 e1 f1 g1 v1 w1 w0
1---------- 1
-1--------- 1
--1-------- 1
---1------- 1
----1------ 1
-----1----- 1
------1---- 1
-------1--- 1
--------1-- 1
---------1- 1
----------1 1
.names x0 l
1 1
.names p1 r1 n1 t1 u1 d1 y1 e1 f1 z1 w1 x0
1---------- 1
-1--------- 1
--1-------- 1
---1------- 1
----1------ 1
-----1----- 1
------1---- 1
-------1--- 1
--------1-- 1
---------1- 1
----------1 1
.names y0 m
1 1
.names x1 d1 y1 e1 z1 g1 y0
1----- 1
-1---- 1
--1--- 1
---1-- 1
----1- 1
-----1 1
.names z0 n
1 1
.names o1 f1 z0
1- 1
-1 1
.names a1 o
1 1
.names v1 w1 a1
1- 1
-1 1
.names b1 p
1 1
.names t1 u1 b1
1- 1
-1 1
.names c1 q
1 1
.names p1 q1 r1 s1 n1 a b c d e f g h c1
1------------ 1
-1----------- 1
--1---------- 1
---1--------- 1
----1-------- 1
-----00000000 1
.names d1 r
1 1
.names a b c i d1
0101 1
.names e1 s
1 1
.names a b c i e1
0111 1
.names f1 t
1 1
.names a b c i f1
1001 1
.names g1 u
1 1
.names a b c i g1
1011 1
.names h1 v
1 1
.names p1 q1 r1 s1 d1 e1 f1 z1 g1 h1
1-------- 1
-1------- 1
--1------ 1
---1----- 1
----1---- 1
-----1--- 1
------1-- 1
-------1- 1
--------1 1
.names i1 w
1 1
.names p1 q1 r1 s1 d1 e1 f1 g1 i1
1------- 1
-1------ 1
--1----- 1
---1---- 1
----1--- 1
-----1-- 1
------1- 1
-------1 1
.names j1 x
1 1
.names p1 q1 r1 s1 d1 e1 f1 g1 j1
1------- 1
-1------ 1
--1----- 1
---1---- 1
----1--- 1
-----1-- 1
------1- 1
-------1 1
.names k1 y
1 1
.names q1 s1 d1 f1 k1
1--- 1
-1-- 1
--1- 1
---1 1
.names l1 z
1 1
.names p1 s1 d1 g1 l1
1--- 1
-1-- 1
--1- 1
---1 1
.names m1 a0
1 1
.names q1 r1 s1 g1 m1
1--- 1
-1-- 1
--1- 1
---1 1
.names n1 b0
1 1
.names a b c d n1
0001 1
.names a b c d e f g h p1
00000001 1
.names a b c d e f g q1
0000001 1
.names a b c i u1
0011 1
.names a b c i o1
1000 1
.names a b c i z1
1010 1
.names a b c i v1
1100 1
.names a b c i w1
1101 1
.names a b c d e f r1
000001 1
.names a b c d e s1
00001 1
.names a b c i x1
0100 1
.names a b c i y1
0110 1
.names a b c i t1
0010 1
.end
