.model att15
.inputs a b c d e f g h i j k l m n o p q r s t u v w x y z a0 b0 c0 d0 e0 f0 g0 h0 i0 j0 k0 l0 m0 n0 o0 p0 q0 r0 s0 t0 u0 v0 w0 x0 y0 z0 a1 b1 c1 d1 e1 f1 g1 h1 i1 j1 k1 l1 m1 n1 o1 p1 q1 r1 s1 t1 u1 v1 w1 x1 y1 z1 a2 b2 c2 d2 e2 f2 g2 h2 i2 j2 k2 l2 m2 n2 o2 p2 q2 r2 s2 t2 u2 v2 w2 x2 y2 z2 a3 b3 c3 d3 e3 f3 g3 h3 i3 j3 k3 l3 m3 n3 o3 p3 q3 r3 s3 t3 u3 v3 w3 x3 y3 z3 a4 b4 c4 d4 e4 f4 g4 h4 i4 j4 k4 l4 m4 n4
.outputs o4 p4 q4 r4 s4 t4 u4 v4 w4 x4 y4 z4 a5 b5 c5 d5 e5 f5 g5 h5 i5 j5 k5 l5 m5 n5 o5 p5 q5 r5 s5 t5 u5 v5 w5 x5 y5 z5 a6 b6 c6 d6 e6 f6 g6 h6 i6 j6 k6 l6 m6 n6 o6 p6 q6 r6 s6 t6 u6 v6 w6 x6 y6 z6 a7 b7 c7 d7 e7 f7 g7 h7 i7 j7 k7 l7 m7 n7 o7 p7 q7 r7 s7 t7 u7 v7 w7 x7 y7 z7 a8 b8 c8 d8 e8 f8 g8 h8 i8 j8 k8 l8 m8 n8 o8 p8 q8 r8 s8 t8 u8 v8 w8 x8 y8 z8 a9 b9 c9 d9 e9 f9 g9 h9 i9 j9 k9 l9 m9 n9 o9 p9 q9 r9 s9 t9 u9 v9 w9
.names g1 o4
0 1
.names k0 m0 o18 h33 i33 j33 p4
-0---0 1
0-0--0 1
0--0-0 1
--0-00 1
---000 1
.names k0 o18
0 1
.names t18 d3 l0 l3 h33
0-0- 1
-00- 1
0--0 1
-0-0 1
.names l0 d3 t18 l3 i33
0-0- 1
-00- 1
0--0 1
-0-0 1
.names t3 m0 j33
00 1
.names k0 m0 o18 k33 l33 m33 q4
-0---0 1
0-0--0 1
0--0-0 1
--0-00 1
---000 1
.names t18 c3 l0 k3 k33
0-0- 1
-00- 1
0--0 1
-0-0 1
.names l0 c3 t18 k3 l33
0-0- 1
-00- 1
0--0 1
-0-0 1
.names s3 m0 m33
00 1
.names k0 m0 o18 n33 o33 p33 r4
-0---0 1
0-0--0 1
0--0-0 1
--0-00 1
---000 1
.names t18 b3 l0 j3 n33
0-0- 1
-00- 1
0--0 1
-0-0 1
.names l0 b3 t18 j3 o33
0-0- 1
-00- 1
0--0 1
-0-0 1
.names r3 m0 p33
00 1
.names k0 m0 o18 q33 r33 s33 s4
-0---0 1
0-0--0 1
0--0-0 1
--0-00 1
---000 1
.names t18 a3 l0 i3 q33
0-0- 1
-00- 1
0--0 1
-0-0 1
.names l0 a3 t18 i3 r33
0-0- 1
-00- 1
0--0 1
-0-0 1
.names q3 m0 s33
00 1
.names d28 t4
0 1
.names u3 d28
0 1
.names g28 u4
0 1
.names v3 g28
0 1
.names k0 l0 o18 t18 f27 t33 v4
----00 1
00---0 1
0-0--0 1
-0-0-0 1
--00-0 1
.names l0 t18
0 1
.names m3 f27
0 1
.names k0 l0 m0 e3 o18 t18 t33
--0--- 1
00-0-- 1
0--00- 1
-0-0-0 1
---000 1
.names k0 l0 o18 t18 i27 u33 w4
----00 1
00---0 1
0-0--0 1
-0-0-0 1
--00-0 1
.names n3 i27
0 1
.names k0 l0 m0 f3 o18 t18 u33
--0--- 1
00-0-- 1
0--00- 1
-0-0-0 1
---000 1
.names k0 l0 o18 t18 l27 v33 x4
----00 1
00---0 1
0-0--0 1
-0-0-0 1
--00-0 1
.names o3 l27
0 1
.names k0 l0 m0 g3 o18 t18 v33
--0--- 1
00-0-- 1
0--00- 1
-0-0-0 1
---000 1
.names k0 l0 o18 t18 o27 w33 y4
----00 1
00---0 1
0-0--0 1
-0-0-0 1
--00-0 1
.names p3 o27
0 1
.names k0 l0 m0 h3 o18 t18 w33
--0--- 1
00-0-- 1
0--00- 1
-0-0-0 1
---000 1
.names k0 l0 o18 t18 r27 x33 z4
----00 1
00---0 1
0-0--0 1
-0-0-0 1
--00-0 1
.names q3 r27
0 1
.names k0 l0 m0 i3 o18 t18 x33
--0--- 1
00-0-- 1
0--00- 1
-0-0-0 1
---000 1
.names k0 l0 o18 t18 u27 y33 a5
----00 1
00---0 1
0-0--0 1
-0-0-0 1
--00-0 1
.names r3 u27
0 1
.names k0 l0 m0 j3 o18 t18 y33
--0--- 1
00-0-- 1
0--00- 1
-0-0-0 1
---000 1
.names k0 l0 o18 t18 x27 z33 b5
----00 1
00---0 1
0-0--0 1
-0-0-0 1
--00-0 1
.names s3 x27
0 1
.names k0 l0 m0 k3 o18 t18 z33
--0--- 1
00-0-- 1
0--00- 1
-0-0-0 1
---000 1
.names k0 l0 o18 t18 a28 a34 c5
----00 1
00---0 1
0-0--0 1
-0-0-0 1
--00-0 1
.names t3 a28
0 1
.names k0 l0 m0 l3 o18 t18 a34
--0--- 1
00-0-- 1
0--00- 1
-0-0-0 1
---000 1
.names f27 j18 d5
00 1
.names m0 j18
0 1
.names i27 j18 e5
00 1
.names l27 j18 f5
00 1
.names o27 j18 g5
00 1
.names r27 j18 h5
00 1
.names u27 j18 i5
00 1
.names x27 j18 j5
00 1
.names a28 j18 k5
00 1
.names j4 i15 l5
00 1
.names g1 i15
0 1
.names g33 m5
0 1
.names m4 g33
0 1
.names b34 n5
0 1
.names k4 u15 n0 b34
000 1
.names c34 o5
0 1
.names k4 a16 n0 c34
000 1
.names d34 p5
0 1
.names k4 e16 n0 d34
000 1
.names e34 q5
0 1
.names k4 i16 n0 e34
000 1
.names f34 r5
0 1
.names k4 k16 n0 f34
000 1
.names g30 g34 h34 t16 i34 s5
0--0- 1
-0-0- 1
--00- 1
0---0 1
-0--0 1
--0-0 1
.names h29 c29 g30
00 1
.names c4 b4 a4 g34
000 1
.names f1 i4 h34
01 1
10 1
.names n1 t16
0 1
.names z3 y3 g34 i34
0-- 1
-0- 1
--0 1
.names g30 g34 h34 t16 i34 t5
0--0- 1
-0-0- 1
--00- 1
0---0 1
-0--0 1
--0-0 1
.names g30 g34 h34 t16 i34 u5
0--0- 1
-0-0- 1
--00- 1
0---0 1
-0--0 1
--0-0 1
.names g30 g34 h34 t16 i34 v5
0--0- 1
-0-0- 1
--00- 1
0---0 1
-0--0 1
--0-0 1
.names g30 g34 h34 t16 i34 w5
0--0- 1
-0-0- 1
--00- 1
0---0 1
-0--0 1
--0-0 1
.names k34 x5
0 1
.names k4 n16 u15 k34
000 1
.names l34 y5
0 1
.names k4 n16 a16 l34
000 1
.names m34 z5
0 1
.names k4 n16 e16 m34
000 1
.names n34 a6
0 1
.names k4 n16 i16 n34
000 1
.names o34 b6
0 1
.names k4 n16 k16 o34
000 1
.names p34 c6
0 1
.names z16 u15 p34
00 1
.names q34 d6
0 1
.names z16 a16 q34
00 1
.names r34 e6
0 1
.names z16 e16 r34
00 1
.names s34 f6
0 1
.names z16 i16 s34
00 1
.names t34 g6
0 1
.names z16 k16 t34
00 1
.names h1 h6
0 1
.names i1 i6
0 1
.names j1 j6
0 1
.names k1 k6
0 1
.names l1 l6
0 1
.names y30 m6
0 1
.names k4 y30
0 1
.names f1 i4 n6
11 1
00 1
.names c4 b4 v34 o6
000 1
.names y3 x3 w34 v34
0-- 1
-0- 1
--0 1
.names g15 q0 h15 p6
000 1
.names x0 y0 u15 a16 g35 h35 g15
-----0 1
0-0-0- 1
-0-00- 1
.names o0 h15
0 1
.names n0 j15 k15 h15 l15 m15 q6
000--- 1
---000 1
.names r15 s15 o0 j15
0-- 1
-0- 1
--0 1
.names t15 q15 p15 k15
0-- 1
-0- 1
--0 1
.names h1 i15 s15 l15
0-- 1
-0- 1
--0 1
.names n15 n0 o15 m15
000 1
.names t15 v15 w15 g1 x15 y15 r6
0--0-0 1
-0-0-0 1
--00-0 1
0---00 1
-0--00 1
--0-00 1
.names l1 k1 p35 t15
000 1
.names n0 v15
0 1
.names d1 e1 c1 p15 w15
0-0- 1
-00- 1
0--0 1
-0-0 1
.names t15 q15 v15 x15
0-- 1
-0- 1
--0 1
.names s15 o0 z15 y15
0-- 1
-0- 1
--0 1
.names t15 v15 b16 g1 x15 c16 s6
0--0-0 1
-0-0-0 1
--00-0 1
0---00 1
-0--00 1
--0-00 1
.names r15 d1 c1 e1 b16
0-0- 1
-00- 1
0--0 1
-0-0 1
.names s15 o0 d16 c16
0-- 1
-0- 1
--0 1
.names t15 v15 f16 g1 x15 g16 t6
0--0-0 1
-0-0-0 1
--00-0 1
0---00 1
-0--00 1
--0-00 1
.names c1 d1 e1 f16
00- 1
0-0 1
-00 1
.names s15 o0 h16 g16
0-- 1
-0- 1
--0 1
.names g1 j16 k16 l16 u6
-0-0 1
0-00 1
.names r15 v15 m16 j16
0-- 1
-0- 1
--0 1
.names l1 k16
0 1
.names n0 e1 n15 s15 o0 l16
---0- 1
----0 1
000-- 1
.names n0 n16 o16 p16 v6
-0-0 1
0-00 1
.names m1 n16
0 1
.names p0 o16
0 1
.names g15 n16 s15 o0 p16
--0- 1
---0 1
00-- 1
.names q16 r16 s16 t16 n0 u16 v16 w6
0--0--0 1
-0-0--0 1
--00--0 1
0---0-0 1
-0--0-0 1
--0-0-0 1
0----00 1
-0---00 1
--0--00 1
.names a17 q16
0 1
.names z16 o1 r16
00 1
.names t15 v15 s16
0- 1
-0 1
.names l4 q16 u16
0- 1
-0 1
.names n1 t15 w16 x16 v16
---0 1
000- 1
.names q16 b17 s16 c17 n0 u16 d17 x6
0--0--0 1
-0-0--0 1
--00--0 1
0---0-0 1
-0--0-0 1
--0-0-0 1
0----00 1
-0---00 1
--0--00 1
.names z16 p1 b17
00 1
.names o1 c17
0 1
.names o1 t15 w16 e17 d17
---0 1
000- 1
.names q16 g17 s16 h17 n0 u16 i17 y6
0--0--0 1
-0-0--0 1
--00--0 1
0---0-0 1
-0--0-0 1
--0-0-0 1
0----00 1
-0---00 1
--0--00 1
.names z16 q1 g17
00 1
.names p1 h17
0 1
.names p1 t15 w16 j17 i17
---0 1
000- 1
.names q16 l17 s16 m17 n0 u16 n17 z6
0--0--0 1
-0-0--0 1
--00--0 1
0---0-0 1
-0--0-0 1
--0-0-0 1
0----00 1
-0---00 1
--0--00 1
.names z16 r1 l17
00 1
.names q1 m17
0 1
.names q1 t15 w16 o17 n17
---0 1
000- 1
.names q16 q17 s16 r17 n0 u16 s17 a7
0--0--0 1
-0-0--0 1
--00--0 1
0---0-0 1
-0--0-0 1
--0-0-0 1
0----00 1
-0---00 1
--0--00 1
.names z16 s1 q17
00 1
.names r1 r17
0 1
.names r1 t15 w16 t17 s17
---0 1
000- 1
.names q16 v17 s16 w17 n0 u16 x17 b7
0--0--0 1
-0-0--0 1
--00--0 1
0---0-0 1
-0--0-0 1
--0-0-0 1
0----00 1
-0---00 1
--0--00 1
.names z16 t1 v17
00 1
.names s1 w17
0 1
.names s1 t15 w16 y17 x17
---0 1
000- 1
.names q16 a18 s16 b18 n0 u16 c18 c7
0--0--0 1
-0-0--0 1
--00--0 1
0---0-0 1
-0--0-0 1
--0-0-0 1
0----00 1
-0---00 1
--0--00 1
.names z16 u1 a18
00 1
.names t1 b18
0 1
.names t1 t15 w16 d18 c18
---0 1
000- 1
.names q16 f18 s16 g18 n0 u16 h18 d7
0--0--0 1
-0-0--0 1
--00--0 1
0---0-0 1
-0--0-0 1
--0-0-0 1
0----00 1
-0---00 1
--0--00 1
.names z16 v1 f18
00 1
.names u1 g18
0 1
.names u1 t15 w16 i18 h18
---0 1
000- 1
.names q16 k18 s16 l18 n0 u16 m18 e7
0--0--0 1
-0-0--0 1
--00--0 1
0---0-0 1
-0--0-0 1
--0-0-0 1
0----00 1
-0---00 1
--0--00 1
.names z16 w1 k18
00 1
.names v1 l18
0 1
.names v1 t15 w16 n18 m18
---0 1
000- 1
.names q16 p18 s16 q18 n0 u16 r18 f7
0--0--0 1
-0-0--0 1
--00--0 1
0---0-0 1
-0--0-0 1
--0-0-0 1
0----00 1
-0---00 1
--0--00 1
.names z16 x1 p18
00 1
.names w1 q18
0 1
.names w1 t15 w16 s18 r18
---0 1
000- 1
.names q16 u18 s16 v18 n0 u16 w18 g7
0--0--0 1
-0-0--0 1
--00--0 1
0---0-0 1
-0--0-0 1
--0-0-0 1
0----00 1
-0---00 1
--0--00 1
.names z16 y1 u18
00 1
.names x1 v18
0 1
.names x1 t15 w16 x18 w18
---0 1
000- 1
.names q16 z18 s16 a19 n0 u16 b19 h7
0--0--0 1
-0-0--0 1
--00--0 1
0---0-0 1
-0--0-0 1
--0-0-0 1
0----00 1
-0---00 1
--0--00 1
.names z16 z1 z18
00 1
.names y1 a19
0 1
.names y1 t15 w16 c19 b19
---0 1
000- 1
.names q16 e19 s16 f19 n0 u16 g19 i7
0--0--0 1
-0-0--0 1
--00--0 1
0---0-0 1
-0--0-0 1
--0-0-0 1
0----00 1
-0---00 1
--0--00 1
.names z16 a2 e19
00 1
.names z1 f19
0 1
.names z1 t15 w16 h19 g19
---0 1
000- 1
.names q16 j19 s16 k19 n0 u16 l19 j7
0--0--0 1
-0-0--0 1
--00--0 1
0---0-0 1
-0--0-0 1
--0-0-0 1
0----00 1
-0---00 1
--0--00 1
.names z16 b2 j19
00 1
.names a2 k19
0 1
.names a2 t15 w16 m19 l19
---0 1
000- 1
.names q16 o19 s16 p19 n0 u16 q19 k7
0--0--0 1
-0-0--0 1
--00--0 1
0---0-0 1
-0--0-0 1
--0-0-0 1
0----00 1
-0---00 1
--0--00 1
.names z16 c2 o19
00 1
.names b2 p19
0 1
.names b2 t15 w16 r19 q19
---0 1
000- 1
.names q16 t19 s16 u19 n0 u16 v19 l7
0--0--0 1
-0-0--0 1
--00--0 1
0---0-0 1
-0--0-0 1
--0-0-0 1
0----00 1
-0---00 1
--0--00 1
.names z16 d2 t19
00 1
.names c2 u19
0 1
.names c2 t15 w16 w19 v19
---0 1
000- 1
.names q16 y19 s16 z19 n0 u16 a20 m7
0--0--0 1
-0-0--0 1
--00--0 1
0---0-0 1
-0--0-0 1
--0-0-0 1
0----00 1
-0---00 1
--0--00 1
.names z16 e2 y19
00 1
.names d2 z19
0 1
.names d2 t15 w16 b20 a20
---0 1
000- 1
.names q16 d20 s16 e20 n0 u16 f20 n7
0--0--0 1
-0-0--0 1
--00--0 1
0---0-0 1
-0--0-0 1
--0-0-0 1
0----00 1
-0---00 1
--0--00 1
.names z16 f2 d20
00 1
.names e2 e20
0 1
.names e2 t15 w16 g20 f20
---0 1
000- 1
.names q16 i20 s16 j20 n0 u16 k20 o7
0--0--0 1
-0-0--0 1
--00--0 1
0---0-0 1
-0--0-0 1
--0-0-0 1
0----00 1
-0---00 1
--0--00 1
.names z16 g2 i20
00 1
.names f2 j20
0 1
.names f2 t15 w16 l20 k20
---0 1
000- 1
.names q16 n20 s16 o20 n0 u16 p20 p7
0--0--0 1
-0-0--0 1
--00--0 1
0---0-0 1
-0--0-0 1
--0-0-0 1
0----00 1
-0---00 1
--0--00 1
.names z16 h2 n20
00 1
.names g2 o20
0 1
.names g2 t15 w16 q20 p20
---0 1
000- 1
.names q16 s20 s16 t20 n0 u16 u20 q7
0--0--0 1
-0-0--0 1
--00--0 1
0---0-0 1
-0--0-0 1
--0-0-0 1
0----00 1
-0---00 1
--0--00 1
.names z16 i2 s20
00 1
.names h2 t20
0 1
.names h2 t15 w16 v20 u20
---0 1
000- 1
.names q16 x20 s16 y20 n0 u16 z20 r7
0--0--0 1
-0-0--0 1
--00--0 1
0---0-0 1
-0--0-0 1
--0-0-0 1
0----00 1
-0---00 1
--0--00 1
.names z16 j2 x20
00 1
.names i2 y20
0 1
.names i2 t15 w16 a21 z20
---0 1
000- 1
.names q16 c21 s16 d21 n0 u16 e21 s7
0--0--0 1
-0-0--0 1
--00--0 1
0---0-0 1
-0--0-0 1
--0-0-0 1
0----00 1
-0---00 1
--0--00 1
.names z16 k2 c21
00 1
.names j2 d21
0 1
.names j2 t15 w16 f21 e21
---0 1
000- 1
.names q0 h15 h21 t7
000 1
.names m0 s16 i21 a17 j21 k21 l21 h21
------0 1
000---- 1
---000- 1
.names q0 h15 q21 u7
000 1
.names m0 s16 r21 a17 s21 k21 t21 q21
------0 1
000---- 1
---000- 1
.names q0 h15 x21 v7
000 1
.names m0 s16 y21 a17 z21 k21 a22 x21
------0 1
000---- 1
---000- 1
.names q0 h15 e22 w7
000 1
.names m0 s16 f22 a17 g22 k21 h22 e22
------0 1
000---- 1
---000- 1
.names q0 h15 l22 x7
000 1
.names m0 s16 m22 a17 n22 k21 o22 l22
------0 1
000---- 1
---000- 1
.names q0 h15 s22 y7
000 1
.names m0 s16 t22 a17 u22 k21 v22 s22
------0 1
000---- 1
---000- 1
.names q0 h15 z22 z7
000 1
.names m0 s16 a23 a17 b23 k21 c23 z22
------0 1
000---- 1
---000- 1
.names q0 h15 g23 a8
000 1
.names m0 s16 h23 a17 i23 k21 j23 g23
------0 1
000---- 1
---000- 1
.names q0 h15 n23 b8
000 1
.names s2 q16 a17 o23 p23 q23 n23
----00 1
00---0 1
-00--0 1
0--0-0 1
--00-0 1
.names q0 h15 y23 c8
000 1
.names t2 q16 a17 p23 z23 a24 y23
---0-0 1
00---0 1
-00--0 1
0---00 1
--0-00 1
.names q0 h15 c24 d8
000 1
.names u2 q16 a17 p23 d24 e24 c24
---0-0 1
00---0 1
-00--0 1
0---00 1
--0-00 1
.names q0 h15 g24 e8
000 1
.names v2 q16 a17 p23 h24 i24 g24
---0-0 1
00---0 1
-00--0 1
0---00 1
--0-00 1
.names q0 h15 k24 f8
000 1
.names w2 q16 a17 p23 l24 m24 k24
---0-0 1
00---0 1
-00--0 1
0---00 1
--0-00 1
.names q0 h15 o24 g8
000 1
.names x2 q16 a17 p23 p24 q24 o24
---0-0 1
00---0 1
-00--0 1
0---00 1
--0-00 1
.names q0 h15 s24 h8
000 1
.names y2 q16 a17 p23 t24 u24 s24
---0-0 1
00---0 1
-00--0 1
0---00 1
--0-00 1
.names w24 x24 s23 h15 y24 z24 i8
000--- 1
---000 1
.names v15 j18 p w24
0-- 1
-0- 1
--0 1
.names t15 s15 o0 x24
0-- 1
-0- 1
--0 1
.names k0 l0 s23
01 1
10 1
.names z2 s15 y24
0- 1
-0 1
.names m0 s16 s23 z16 a17 z24
---00 1
000-- 1
.names a25 b25 c25 h15 d25 e25 j8
000--- 1
---000 1
.names l25 s15 o0 a25
0-- 1
-0- 1
--0 1
.names k4 b3 u25 b25
0-- 1
-0- 1
--0 1
.names u15 p25 a16 q25 r25 c25
----0 1
00--- 1
--00- 1
.names a3 s15 d25
0- 1
-0 1
.names h1 f25 i1 g25 h25 e25
0-0-0 1
-00-0 1
0--00 1
-0-00 1
.names a25 w25 c25 h15 x25 e25 k8
000--- 1
---000 1
.names k4 c3 u25 w25
0-- 1
-0- 1
--0 1
.names b3 s15 x25
0- 1
-0 1
.names a25 z25 c25 h15 a26 e25 l8
000--- 1
---000 1
.names k4 d3 u25 z25
0-- 1
-0- 1
--0 1
.names c3 s15 a26
0- 1
-0 1
.names a25 c26 c25 h15 d26 e25 m8
000--- 1
---000 1
.names k4 e3 u25 c26
0-- 1
-0- 1
--0 1
.names d3 s15 d26
0- 1
-0 1
.names a25 f26 c25 h15 g26 e25 n8
000--- 1
---000 1
.names k4 f3 u25 f26
0-- 1
-0- 1
--0 1
.names e3 s15 g26
0- 1
-0 1
.names a25 i26 c25 h15 j26 e25 o8
000--- 1
---000 1
.names k4 g3 u25 i26
0-- 1
-0- 1
--0 1
.names f3 s15 j26
0- 1
-0 1
.names a25 l26 c25 h15 m26 e25 p8
000--- 1
---000 1
.names k4 h3 u25 l26
0-- 1
-0- 1
--0 1
.names g3 s15 m26
0- 1
-0 1
.names a25 o26 c25 h15 p26 e25 q8
000--- 1
---000 1
.names k4 i3 u25 o26
0-- 1
-0- 1
--0 1
.names h3 s15 p26
0- 1
-0 1
.names a25 r26 c25 h15 s26 e25 r8
000--- 1
---000 1
.names k4 j3 u25 r26
0-- 1
-0- 1
--0 1
.names i3 s15 s26
0- 1
-0 1
.names a25 u26 c25 h15 v26 e25 s8
000--- 1
---000 1
.names k4 k3 u25 u26
0-- 1
-0- 1
--0 1
.names j3 s15 v26
0- 1
-0 1
.names a25 x26 c25 h15 y26 e25 t8
000--- 1
---000 1
.names k4 l3 u25 x26
0-- 1
-0- 1
--0 1
.names k3 s15 y26
0- 1
-0 1
.names a25 a27 c25 h15 b27 e25 u8
000--- 1
---000 1
.names k4 m3 u25 a27
0-- 1
-0- 1
--0 1
.names l3 s15 b27
0- 1
-0 1
.names a25 d27 c25 h15 e27 e25 v8
000--- 1
---000 1
.names k4 n3 u25 d27
0-- 1
-0- 1
--0 1
.names m3 s15 e27
0- 1
-0 1
.names a25 g27 c25 h15 h27 e25 w8
000--- 1
---000 1
.names k4 o3 u25 g27
0-- 1
-0- 1
--0 1
.names n3 s15 h27
0- 1
-0 1
.names a25 j27 c25 h15 k27 e25 x8
000--- 1
---000 1
.names k4 p3 u25 j27
0-- 1
-0- 1
--0 1
.names o3 s15 k27
0- 1
-0 1
.names a25 m27 c25 h15 n27 e25 y8
000--- 1
---000 1
.names k4 q3 u25 m27
0-- 1
-0- 1
--0 1
.names p3 s15 n27
0- 1
-0 1
.names a25 p27 c25 h15 q27 e25 z8
000--- 1
---000 1
.names k4 r3 u25 p27
0-- 1
-0- 1
--0 1
.names q3 s15 q27
0- 1
-0 1
.names a25 s27 c25 h15 t27 e25 a9
000--- 1
---000 1
.names k4 s3 u25 s27
0-- 1
-0- 1
--0 1
.names r3 s15 t27
0- 1
-0 1
.names a25 v27 c25 h15 w27 e25 b9
000--- 1
---000 1
.names k4 t3 u25 v27
0-- 1
-0- 1
--0 1
.names s3 s15 w27
0- 1
-0 1
.names a25 y27 c25 h15 z27 e25 c9
000--- 1
---000 1
.names k4 u3 u25 y27
0-- 1
-0- 1
--0 1
.names t3 s15 z27
0- 1
-0 1
.names a25 b28 c25 h15 c28 e25 d9
000--- 1
---000 1
.names k4 v3 u25 b28
0-- 1
-0- 1
--0 1
.names u3 s15 c28
0- 1
-0 1
.names a25 e28 c25 h15 f28 e25 e9
000--- 1
---000 1
.names k4 w3 u25 e28
0-- 1
-0- 1
--0 1
.names v3 s15 f28
0- 1
-0 1
.names h28 i28 j28 h15 k28 l28 f9
000--- 1
---000 1
.names s15 o0 h28
0- 1
-0 1
.names k4 u25 l25 i28
0-- 1
-0- 1
--0 1
.names s0 r28 q25 u15 s28 j28
0--0- 1
-0-0- 1
--00- 1
0---0 1
-0--0 1
--0-0 1
.names w3 s15 k28
0- 1
-0 1
.names h1 f25 i1 g25 m28 l28
0-0-0 1
-00-0 1
0--00 1
-0-00 1
.names z16 a17 z28 a29 g9
--00 1
00-0 1
.names l4 z16
0 1
.names c4 b4 q35 a17
000 1
.names x3 z28
0 1
.names z16 z28 a17 b29 a29
---0 1
000- 1
.names c29 d29 o0 e29 h9
--0- 1
---0 1
00-- 1
.names y3 c29
0 1
.names z16 x3 a17 d29
000 1
.names t15 v15 q0 f29 e29
0-00 1
-000 1
.names h29 i29 o0 j29 i9
--0- 1
---0 1
00-- 1
.names z3 h29
0 1
.names x3 a17 m29 i29
000 1
.names t15 v15 q0 k29 j29
0-00 1
-000 1
.names q0 h15 n29 j9
000 1
.names o29 p29 s16 a4 n0 q29 r29 n29
0--0--0 1
-0-0--0 1
--00--0 1
0---0-0 1
-0--0-0 1
--0-0-0 1
0----00 1
-0---00 1
--0--00 1
.names x29 y29 z29 h15 a30 b30 c30 k9
------0 1
000---- 1
---000- 1
.names o0 g30 h30 x29
0-- 1
-0- 1
--0 1
.names z28 q16 s15 y29
0-- 1
-0- 1
--0 1
.names n15 n0 z29
00 1
.names b4 s15 a30
0- 1
-0 1
.names a17 e30 f30 n15 n0 b30
---00 1
000-- 1
.names t15 s15 d30 c30
0-- 1
-0- 1
--0 1
.names j30 y29 z29 h15 k30 l30 m30 l9
------0 1
000---- 1
---000- 1
.names o0 q30 r30 j30
0-- 1
-0- 1
--0 1
.names c4 s15 k30
0- 1
-0 1
.names a17 o30 p30 n15 n0 l30
---00 1
000-- 1
.names t15 s15 n30 m30
0-- 1
-0- 1
--0 1
.names n0 h15 t30 u30 v30 m9
-000- 1
00--0 1
.names i15 s15 t30
0- 1
-0 1
.names j25 o28 w30 d4 x30 u30
---00 1
000-- 1
.names t15 s15 v30
0- 1
-0 1
.names a31 b31 o0 c31 n9
--0- 1
---0 1
00-- 1
.names e4 a31
0 1
.names j25 o28 f31 b31
000 1
.names q0 g1 d31 c31
000 1
.names g31 h31 o0 i31 o9
--0- 1
---0 1
00-- 1
.names f4 g31
0 1
.names j25 o28 m31 h31
000 1
.names q0 g1 j31 i31
000 1
.names n31 o31 z29 h15 p31 q31 r31 p9
------0 1
000---- 1
---000- 1
.names o0 v31 w31 n31
0-- 1
-0- 1
--0 1
.names u25 l25 s15 o31
0-- 1
-0- 1
--0 1
.names g4 i15 s15 p31
0-- 1
-0- 1
--0 1
.names o28 k31 u31 n15 n0 q31
---00 1
000-- 1
.names t15 s15 s31 r31
0-- 1
-0- 1
--0 1
.names y31 a25 z29 h15 z31 a32 c30 q9
------0 1
000---- 1
---000- 1
.names d32 e32 f32 y31
0-- 1
-0- 1
--0 1
.names h4 i15 s15 z31
0-- 1
-0- 1
--0 1
.names o28 b32 c32 n15 n0 a32
---00 1
000-- 1
.names h32 t16 z16 i32 r9
0-00 1
-000 1
.names i4 h32
0 1
.names h32 t16 j32 i32
--0 1
00- 1
.names k32 l32 j28 h15 m32 n32 s9
000--- 1
---000 1
.names s15 o0 y32 k32
0-- 1
-0- 1
--0 1
.names i15 u25 l25 l32
0-- 1
-0- 1
--0 1
.names j4 i15 s15 m32
0-- 1
-0- 1
--0 1
.names u15 o32 p32 h1 q32 r32 n32
0--0-0 1
-0-0-0 1
--00-0 1
0---00 1
-0--00 1
--0-00 1
.names c4 b4 a33 t9
000 1
.names o0 b33 q30 a33
0-- 1
-0- 1
--0 1
.names n16 c33 u9
00 1
.names q16 s15 o0 c33
0-- 1
-0- 1
--0 1
.names g15 d33 e33 v9
0-0 1
-00 1
.names u15 x0 n4 b35 d33
--0- 1
---0 1
00-- 1
.names l25 f33 s15 o0 e33
--0- 1
---0 1
00-- 1
.names y30 a25 w9
00 1
.names h1 u15
0 1
.names i1 a16
0 1
.names g31 a31 o35 g35
000 1
.names j1 k1 y34 z34 i35 j35 h35
----00 1
00---0 1
-00--0 1
0--0-0 1
--00-0 1
.names c1 r15
0 1
.names q0 s15
0 1
.names e1 q15
0 1
.names d1 p15
0 1
.names t15 n15
0 1
.names p15 q15 r15 o15
00- 1
-00 1
.names e16 a16 u15 p35
0-- 1
-0- 1
--0 1
.names n0 e1 n15 a16 z15
---0 1
000- 1
.names n0 e1 n15 e16 d16
---0 1
000- 1
.names j1 e16
0 1
.names n0 e1 n15 i16 h16
---0 1
000- 1
.names k1 i16
0 1
.names n15 d1 m16
00 1
.names z16 a17 w16
00 1
.names y16 v15 t15 h15 q0 x16
0--00 1
-0-00 1
--000 1
.names j0 y16
0 1
.names y3 z28 w34 q35
0-- 1
-0- 1
--0 1
.names f17 v15 t15 h15 q0 e17
0--00 1
-0-00 1
--000 1
.names i0 f17
0 1
.names k17 v15 t15 h15 q0 j17
0--00 1
-0-00 1
--000 1
.names h0 k17
0 1
.names p17 v15 t15 h15 q0 o17
0--00 1
-0-00 1
--000 1
.names g0 p17
0 1
.names u17 v15 t15 h15 q0 t17
0--00 1
-0-00 1
--000 1
.names f0 u17
0 1
.names z17 v15 t15 h15 q0 y17
0--00 1
-0-00 1
--000 1
.names e0 z17
0 1
.names e18 v15 t15 h15 q0 d18
0--00 1
-0-00 1
--000 1
.names d0 e18
0 1
.names j18 v15 t15 h15 q0 i18
0--00 1
-0-00 1
--000 1
.names o18 v15 t15 h15 q0 n18
0--00 1
-0-00 1
--000 1
.names t18 v15 t15 h15 q0 s18
0--00 1
-0-00 1
--000 1
.names y18 v15 t15 h15 q0 x18
0--00 1
-0-00 1
--000 1
.names q y18
0 1
.names d19 v15 t15 h15 q0 c19
0--00 1
-0-00 1
--000 1
.names r d19
0 1
.names i19 v15 t15 h15 q0 h19
0--00 1
-0-00 1
--000 1
.names s i19
0 1
.names n19 v15 t15 h15 q0 m19
0--00 1
-0-00 1
--000 1
.names t n19
0 1
.names s19 v15 t15 h15 q0 r19
0--00 1
-0-00 1
--000 1
.names u s19
0 1
.names x19 v15 t15 h15 q0 w19
0--00 1
-0-00 1
--000 1
.names v x19
0 1
.names c20 v15 t15 h15 q0 b20
0--00 1
-0-00 1
--000 1
.names w c20
0 1
.names h20 v15 t15 h15 q0 g20
0--00 1
-0-00 1
--000 1
.names x h20
0 1
.names m20 v15 t15 h15 q0 l20
0--00 1
-0-00 1
--000 1
.names y m20
0 1
.names r20 v15 t15 h15 q0 q20
0--00 1
-0-00 1
--000 1
.names z r20
0 1
.names w20 v15 t15 h15 q0 v20
0--00 1
-0-00 1
--000 1
.names a0 w20
0 1
.names b21 v15 t15 h15 q0 a21
0--00 1
-0-00 1
--000 1
.names b0 b21
0 1
.names g21 v15 t15 h15 q0 f21
0--00 1
-0-00 1
--000 1
.names c0 g21
0 1
.names k0 l0 o18 t18 o21 p21 i21
0----0 1
---0-0 1
-00-0- 1
.names l4 n21 j21
0- 1
-0 1
.names n15 n0 m0 k21
000 1
.names m0 n0 n15 a17 z16 m21 l21
-----0 1
---00- 1
000--- 1
.names i o21
0 1
.names a p21
0 1
.names l2 n21
0 1
.names k2 m21
0 1
.names k0 l0 o18 t18 v21 w21 r21
0----0 1
---0-0 1
-00-0- 1
.names l4 u21 s21
0- 1
-0 1
.names m0 n0 n15 a17 z16 n21 t21
-----0 1
---00- 1
000--- 1
.names j v21
0 1
.names b w21
0 1
.names m2 u21
0 1
.names k0 l0 o18 t18 c22 d22 y21
0----0 1
---0-0 1
-00-0- 1
.names l4 b22 z21
0- 1
-0 1
.names m0 n0 n15 a17 z16 u21 a22
-----0 1
---00- 1
000--- 1
.names k c22
0 1
.names c d22
0 1
.names n2 b22
0 1
.names k0 l0 o18 t18 j22 k22 f22
0----0 1
---0-0 1
-00-0- 1
.names l4 i22 g22
0- 1
-0 1
.names m0 n0 n15 a17 z16 b22 h22
-----0 1
---00- 1
000--- 1
.names l j22
0 1
.names d k22
0 1
.names o2 i22
0 1
.names k0 l0 o18 t18 q22 r22 m22
0----0 1
---0-0 1
-00-0- 1
.names l4 p22 n22
0- 1
-0 1
.names m0 n0 n15 a17 z16 i22 o22
-----0 1
---00- 1
000--- 1
.names m q22
0 1
.names e r22
0 1
.names p2 p22
0 1
.names k0 l0 o18 t18 x22 y22 t22
0----0 1
---0-0 1
-00-0- 1
.names l4 w22 u22
0- 1
-0 1
.names m0 n0 n15 a17 z16 p22 v22
-----0 1
---00- 1
000--- 1
.names n x22
0 1
.names f y22
0 1
.names q2 w22
0 1
.names k0 l0 o18 t18 e23 f23 a23
0----0 1
---0-0 1
-00-0- 1
.names l4 d23 b23
0- 1
-0 1
.names m0 n0 n15 a17 z16 w22 c23
-----0 1
---00- 1
000--- 1
.names o e23
0 1
.names g f23
0 1
.names r2 d23
0 1
.names k0 l0 o18 t18 l23 m23 h23
0----0 1
---0-0 1
-00-0- 1
.names l4 k23 i23
0- 1
-0 1
.names m0 n0 n15 a17 z16 d23 j23
-----0 1
---00- 1
000--- 1
.names p l23
0 1
.names h m23
0 1
.names s2 k23
0 1
.names z16 x23 o23
00 1
.names v15 j18 w23 p23
0-- 1
-0- 1
--0 1
.names o21 r23 s23 l4 k23 t23 q23
000--- 1
---000 1
.names t2 x23
0 1
.names k0 l0 n15 o18 t18 w23
000-- 1
--000 1
.names t15 v15 j18 r23
0-- 1
-0- 1
--0 1
.names n0 m0 u23 t23
000 1
.names k0 l0 t15 o18 t18 u23
--0-- 1
0--0- 1
-0-0- 1
0---0 1
-0--0 1
.names k0 l0 v23
00 1
.names z16 b24 z23
00 1
.names v21 r23 s23 l4 x23 t23 a24
000--- 1
---000 1
.names u2 b24
0 1
.names z16 f24 d24
00 1
.names c22 r23 s23 l4 b24 t23 e24
000--- 1
---000 1
.names v2 f24
0 1
.names z16 j24 h24
00 1
.names j22 r23 s23 l4 f24 t23 i24
000--- 1
---000 1
.names w2 j24
0 1
.names z16 n24 l24
00 1
.names q22 r23 s23 l4 j24 t23 m24
000--- 1
---000 1
.names x2 n24
0 1
.names z16 r24 p24
00 1
.names x22 r23 s23 l4 n24 t23 q24
000--- 1
---000 1
.names y2 r24
0 1
.names z16 v24 t24
00 1
.names e23 r23 s23 l4 r24 t23 u24
000--- 1
---000 1
.names z2 v24
0 1
.names u15 x0 a16 y0 x34 l25
----0 1
00--- 1
--00- 1
.names j25 u25
0 1
.names j1 i1 t25 p25
000 1
.names l1 k1 j1 q25
000 1
.names a16 u15 q25 s25 r25
0--0 1
-0-0 1
--00 1
.names e16 a16 o25 f25
0-- 1
-0- 1
--0 1
.names k16 i16 e16 g25
0-- 1
-0- 1
--0 1
.names k16 i16 k4 i25 h25
--0- 1
---0 1
00-- 1
.names l1 k1 o25
00 1
.names l1 j1 j25 k25 i25
0-00 1
-000 1
.names h4 r35 j25
00 1
.names i16 e16 l25 m25 k25
--0- 1
---0 1
00-- 1
.names x31 f4 e4 r35
0-- 1
-0- 1
--0 1
.names k16 i16 n25 m25
0-- 1
-0- 1
--0 1
.names y34 j1 z34 k1 a35 l1 x34
0-0-0- 1
-00-0- 1
0--00- 1
-0-00- 1
0-0--0 1
-00--0 1
0--0-0 1
-0-0-0 1
.names j1 i1 h1 n25
000 1
.names k16 i16 t25
0- 1
-0 1
.names e16 i16 k16 s25
00- 1
0-0 1
-00 1
.names a3 v25
0 1
.names b3 y25
0 1
.names c3 b26
0 1
.names d3 e26
0 1
.names e3 h26
0 1
.names f3 k26
0 1
.names g3 n26
0 1
.names h3 q26
0 1
.names i3 t26
0 1
.names j3 w26
0 1
.names k3 z26
0 1
.names l3 c27
0 1
.names i1 u15 r28
00 1
.names a16 t28 g25 i1 u28 s28
---00 1
000-- 1
.names k4 u25 n28 m28
0-- 1
-0- 1
--0 1
.names l1 k1 o28 p28 n28
0-00 1
-000 1
.names l25 o28
0 1
.names i1 h1 g25 q28 p28
---0 1
000- 1
.names k1 l1 j1 q28
--0 1
00- 1
.names t0 t28
0 1
.names j1 u0 o25 e16 w0 v28 w28 u28
0--0--0 1
-0-0--0 1
--00--0 1
0---0-0 1
-0--0-0 1
--0-0-0 1
0----00 1
-0---00 1
--0--00 1
.names k16 k1 v28
00 1
.names l1 x28 w28
00 1
.names k1 e16 v0 x28
0-- 1
-0- 1
--0 1
.names w3 y28
0 1
.names v15 t15 h15 q0 b29
0-00 1
-000 1
.names z16 g29 f29
00 1
.names c29 z28 q16 g29
0-- 1
-0- 1
--0 1
.names l4 y3 m29
0- 1
-0 1
.names z16 z3 l29 k29
000 1
.names y3 z28 q16 l29
0-- 1
-0- 1
--0 1
.names c29 x3 a17 o29
000 1
.names z16 a4 h29 p29
000 1
.names z28 q16 w29 q29
0-- 1
-0- 1
--0 1
.names t15 j18 s23 s29 n15 t29 r29
0--0-0 1
-0-0-0 1
--00-0 1
0---00 1
-0--00 1
--0-00 1
.names z16 h29 c29 w29
000 1
.names a4 s29
0 1
.names t15 u29 v29 n15 v15 t29
---00 1
000-- 1
.names z28 q16 u29
0- 1
-0 1
.names l4 z3 y3 v29
0-- 1
-0- 1
--0 1
.names z16 b4 a4 h30
000 1
.names y3 z28 e30
0- 1
-0 1
.names l4 s29 z3 f30
0-- 1
-0- 1
--0 1
.names h15 n0 j18 d30
000 1
.names b4 i30
0 1
.names a4 h29 c29 q30
000 1
.names z16 c4 b4 r30
000 1
.names z3 y3 z28 o30
0-- 1
-0- 1
--0 1
.names l4 i30 s29 p30
0-- 1
-0- 1
--0 1
.names h15 n0 m0 n30
000 1
.names c4 s30
0 1
.names k4 d4 w30
0- 1
-0 1
.names y30 j25 o28 x30
000 1
.names d4 z30
0 1
.names k4 z30 f31
0- 1
-0 1
.names j25 o28 e31 n15 n0 d31
---00 1
000-- 1
.names k4 a31 z30 e31
0-- 1
-0- 1
--0 1
.names k4 e4 z30 m31
0-- 1
-0- 1
--0 1
.names o28 k31 l31 n15 n0 j31
---00 1
000-- 1
.names z30 u25 k31
0- 1
-0 1
.names k4 g31 e4 l31
0-- 1
-0- 1
--0 1
.names a31 d4 g1 v31
000 1
.names y30 g4 g31 w31
000 1
.names k4 f4 e4 u31
0-- 1
-0- 1
--0 1
.names h15 t31 s31
00 1
.names k0 l0 v15 j18 o18 t18 t31
--0--- 1
0--00- 1
-0-00- 1
0--0-0 1
-0-0-0 1
.names g4 x31
0 1
.names g1 j25 d32
00 1
.names g31 a31 d4 e32
000 1
.names y30 h4 g4 f32
000 1
.names e4 z30 u25 b32
0-- 1
-0- 1
--0 1
.names k4 x31 f4 c32
0-- 1
-0- 1
--0 1
.names h4 g32
0 1
.names a17 q0 h15 j32
000 1
.names v32 y30 j4 y32
000 1
.names j1 i1 o32
00 1
.names v0 w0 k1 l1 p32
-00- 1
0--0 1
--00 1
.names a16 s0 q25 q32
0-- 1
-0- 1
--0 1
.names h1 u0 s32 a16 t32 u32 r32
-----0 1
---00- 1
000--- 1
.names k16 i16 a16 s32
0-- 1
-0- 1
--0 1
.names j1 t28 t25 t32
000 1
.names v32 y30 w32 u32
000 1
.names n4 v32
0 1
.names k16 i16 l25 x32 w32
--0- 1
---0 1
00-- 1
.names j1 k1 l1 j25 x32
0--0 1
-000 1
.names j4 z32
0 1
.names n16 q0 b33
00 1
.names i1 c35 j1 y34 d35 b35
0-0-0 1
-00-0 1
0--00 1
-0-00 1
.names d33 f33
0 1
.names f1 i4 j34
00 1
.names f1 i4 u34
0- 1
-0 1
.names a4 h29 w34
00 1
.names z0 y34
0 1
.names a1 z34
0 1
.names b1 a35
0 1
.names y0 c35
0 1
.names i16 a1 k16 b1 e35 d35
----0 1
00--- 1
--00- 1
.names g32 f35 e35
0- 1
-0 1
.names g4 g31 a31 f35
000 1
.names g32 x31 o35
0- 1
-0 1
.names f4 e4 n35 i35
0-- 1
-0- 1
--0 1
.names b1 n4 k16 i35 k35 j35
-0--0 1
---00 1
0-0-0 1
.names h4 g4 n35
00 1
.names h4 g4 l35 k35
000 1
.names d4 i15 m35 l35
0-- 1
-0- 1
--0 1
.names g31 a31 m35
00 1
.end
