.model att16
.inputs a b c d e f g h i j k l m n o p q r s t u v w x y z a0 b0 c0 d0 e0 f0 g0 h0 i0 j0 k0 l0 m0 n0 o0 p0 q0 r0 s0 t0 u0 v0 w0 x0 y0 z0 a1 b1 c1 d1 e1 f1 g1 h1 i1 j1 k1 l1 m1 n1 o1 p1 q1 r1 s1 t1 u1 v1 w1 x1 y1 z1 a2 b2 c2 d2 e2 f2 g2 h2 i2 j2 k2 l2 m2 n2 o2 p2 q2 r2 s2 t2 u2 v2 w2 x2 y2 z2 a3 b3 c3 d3 e3 f3 g3 h3 i3 j3 k3 l3 m3 n3 o3 p3 q3 r3 s3 t3 u3 v3 w3 x3 y3 z3 a4 b4 c4 d4 e4 f4 g4 h4 i4 j4 k4 l4 m4 n4 o4 p4 q4 r4 s4 t4 u4 v4 w4 x4 y4 z4 a5 b5 c5 d5 e5 f5 g5 h5 i5 j5 k5 l5 m5 n5 o5 p5 q5 r5
.outputs s5 t5 u5 v5 w5 x5 y5 z5 a6 b6 c6 d6 e6 f6 g6 h6 i6 j6 k6 l6 m6 n6 o6 p6 q6 r6 s6 t6 u6 v6 w6 x6 y6 z6 a7 b7 c7 d7 e7 f7 g7 h7 i7 j7 k7 l7 m7 n7 o7 p7 q7 r7 s7 t7 u7 v7 w7 x7 y7 z7 a8 b8 c8 d8 e8 f8 g8 h8 i8 j8 k8 l8 m8 n8 o8 p8 q8 r8 s8 t8 u8 v8 w8 x8 y8 z8 a9 b9 c9 d9 e9 f9 g9 h9 i9 j9 k9 l9 m9 n9 o9 p9 q9 r9 s9 t9 u9 v9 w9 x9 y9 z9 a10 b10 c10 d10 e10 f10 g10 h10 i10 j10 k10 l10 m10 n10 o10 p10 q10 r10 s10 t10 u10 v10 w10 x10 y10
.names s35 s5
0 1
.names f36 g36 e36 s35
000 1
.names d35 t5
0 1
.names q35 r35 p35 d35
000 1
.names o34 u5
0 1
.names b35 c35 a35 o34
000 1
.names z33 v5
0 1
.names m34 n34 l34 z33
000 1
.names k33 w5
0 1
.names x33 y33 w33 k33
000 1
.names r56 x5
0 1
.names e57 f57 d57 r56
000 1
.names c56 y5
0 1
.names p56 q56 o56 c56
000 1
.names n55 z5
0 1
.names a56 b56 z55 n55
000 1
.names y54 a6
0 1
.names l55 m55 k55 y54
000 1
.names j54 b6
0 1
.names w54 x54 v54 j54
000 1
.names r16 s16 c6
00 1
.names v0 i16 r16
11 1
00 1
.names a21 b21 d20 o19 s16
0--- 1
-0-- 1
--0- 1
---0 1
.names u16 s16 d6
00 1
.names w0 l16 u16
11 1
00 1
.names w16 s16 e6
00 1
.names x0 o16 w16
11 1
00 1
.names z16 s16 f6
00 1
.names y0 q16 z16
11 1
00 1
.names m17 s16 g6
00 1
.names z0 m16 m17
11 1
00 1
.names o17 s16 h6
00 1
.names a1 i17 o17
11 1
00 1
.names r17 s16 i6
00 1
.names b1 l17 r17
11 1
00 1
.names t17 s16 j6
00 1
.names c1 j17 t17
11 1
00 1
.names y17 s16 k6
00 1
.names d1 c17 y17
11 1
00 1
.names p18 n18 n6
0- 1
-0 1
.names a18 y18 x18 p18
0-- 1
-0- 1
--0 1
.names i1 n18
0 1
.names l18 m18 o6
0- 1
-0 1
.names x18 y18 d18 l18
0-- 1
-0- 1
--0 1
.names c18 h1 m18
0- 1
-0 1
.names p18 q18 p6
0- 1
-0 1
.names e18 i1 q18
0- 1
-0 1
.names b20 c20 q6
0- 1
-0 1
.names a19 d19 c19 j1 d20 b20
----0 1
00--- 1
--00- 1
.names h20 p19 c20
00 1
.names g22 b s6
00 1
.names f22 g22
0 1
.names w21 b t6
00 1
.names v21 w21
0 1
.names y21 b u6
00 1
.names x21 y21
0 1
.names p22 v6
0 1
.names o22 b p22
00 1
.names z22 c23 w6
0- 1
-0 1
.names w22 m20 x22 y22 b z22
0--00 1
-0-00 1
--000 1
.names p1 u22 t22 q1 a23 b23 r1 c23
0--0-0- 1
-0-0-0- 1
--00-0- 1
0---00- 1
-0--00- 1
--0-00- 1
0--0--0 1
-0-0--0 1
--00--0 1
0---0-0 1
-0--0-0 1
--0-0-0 1
.names f23 d23 x6
00 1
.names z22 f23
0 1
.names q1 u22 t22 r1 a23 b23 p1 d23
0--0-0- 1
-0-0-0- 1
--00-0- 1
0---00- 1
-0--00- 1
--0-00- 1
0--0--0 1
-0-0--0 1
--00--0 1
0---0-0 1
-0--0-0 1
--0-0-0 1
.names f23 e23 y6
00 1
.names r1 u22 t22 p1 a23 b23 q1 e23
0--0-0- 1
-0-0-0- 1
--00-0- 1
0---00- 1
-0--00- 1
--0-00- 1
0--0--0 1
-0-0--0 1
--00--0 1
0---0-0 1
-0--0-0 1
--0-0-0 1
.names i23 b z6
00 1
.names w20 w2 g23 h23 i23
0-0- 1
-00- 1
0--0 1
-0-0 1
.names w23 b a7
00 1
.names w20 x2 v23 h23 w23
0-0- 1
-00- 1
0--0 1
-0-0 1
.names b24 b b7
00 1
.names w20 y2 a24 h23 b24
0-0- 1
-00- 1
0--0 1
-0-0 1
.names r24 l23 c7
0- 1
-0 1
.names w20 z2 q24 h23 r24
0-0- 1
-00- 1
0--0 1
-0-0 1
.names b l23
0 1
.names w24 l23 d7
0- 1
-0 1
.names w20 a3 v24 h23 w24
0-0- 1
-00- 1
0--0 1
-0-0 1
.names b25 l23 e7
0- 1
-0 1
.names w20 b3 a25 h23 b25
0-0- 1
-00- 1
0--0 1
-0-0 1
.names o25 b f7
00 1
.names w20 c3 n25 h23 o25
0-0- 1
-00- 1
0--0 1
-0-0 1
.names t25 l23 g7
0- 1
-0 1
.names w20 d3 s25 h23 t25
0-0- 1
-00- 1
0--0 1
-0-0 1
.names y25 l23 h7
0- 1
-0 1
.names w20 e3 x25 h23 y25
0-0- 1
-00- 1
0--0 1
-0-0 1
.names b2 d26 i7
0- 1
-0 1
.names b d26
0 1
.names k26 d26 j7
0- 1
-0 1
.names b2 g26 k26
01 1
10 1
.names m26 d26 k7
0- 1
-0 1
.names h26 i26 m26
01 1
10 1
.names v26 d26 l7
0- 1
-0 1
.names s1 x19 u26 q26 v26
0-0- 1
-00- 1
0--0 1
-0-0 1
.names z26 d26 m7
0- 1
-0 1
.names t1 x19 y26 q26 z26
0-0- 1
-00- 1
0--0 1
-0-0 1
.names d27 d26 n7
0- 1
-0 1
.names j26 c27 d27
01 1
10 1
.names o27 d26 o7
0- 1
-0 1
.names u1 x19 n27 q26 o27
0-0- 1
-00- 1
0--0 1
-0-0 1
.names r27 d26 p7
0- 1
-0 1
.names v1 x19 q27 q26 r27
0-0- 1
-00- 1
0--0 1
-0-0 1
.names u27 d26 q7
0- 1
-0 1
.names w1 x19 t27 q26 u27
0-0- 1
-00- 1
0--0 1
-0-0 1
.names d28 d26 r7
0- 1
-0 1
.names x1 x19 c28 q26 d28
0-0- 1
-00- 1
0--0 1
-0-0 1
.names g28 d26 s7
0- 1
-0 1
.names y1 x19 f28 q26 g28
0-0- 1
-00- 1
0--0 1
-0-0 1
.names j28 d26 t7
0- 1
-0 1
.names z1 x19 i28 q26 j28
0-0- 1
-00- 1
0--0 1
-0-0 1
.names r28 q28 p28 t28 u7
0000 1
.names o2 m2 l2 r28
0-- 1
-0- 1
--0 1
.names k2 j2 i2 q28
0-- 1
-0- 1
--0 1
.names h2 f2 p28
0- 1
-0 1
.names n28 b t28
00 1
.names v28 d26 v7
0- 1
-0 1
.names a2 x19 u28 q26 v28
0-0- 1
-00- 1
0--0 1
-0-0 1
.names a16 b16 a c16 w7
0-0- 1
-00- 1
0--0 1
-0-0 1
.names p2 a16
0 1
.names c19 j1 b16
0- 1
-0 1
.names b16 c16
0 1
.names z28 u20 x7
00 1
.names z20 y28 z28
11 1
00 1
.names t20 u20
0 1
.names s29 u20 y7
00 1
.names t29 o29 s29
01 1
10 1
.names w29 u20 z7
00 1
.names x29 b29 w29
01 1
10 1
.names c30 d30 a8
0- 1
-0 1
.names k29 b30 c30
0- 1
-0 1
.names u20 t19 d30
0- 1
-0 1
.names k29 f30 u20 t19 b8
0-0- 1
-00- 1
0--0 1
-0-0 1
.names u20 k29
0 1
.names l30 m30 n30 o30 f30
0--- 1
-0-- 1
--0- 1
---0 1
.names s19 t19
0 1
.names u20 k30 c8
00 1
.names w2 x2 y2 z2 k30
0--- 1
-0-- 1
--0- 1
---0 1
.names y30 u20 d8
00 1
.names z30 l30 y30
01 1
10 1
.names c31 u20 e8
00 1
.names d31 m30 c31
01 1
10 1
.names g31 u20 f8
00 1
.names h31 n30 g31
01 1
10 1
.names t31 u31 g8
0- 1
-0 1
.names k29 s31 t31
0- 1
-0 1
.names u20 t19 u31
0- 1
-0 1
.names z31 a32 h8
0- 1
-0 1
.names k29 y31 z31
0- 1
-0 1
.names u20 t19 a32
0- 1
-0 1
.names f32 g32 i8
0- 1
-0 1
.names k29 e32 f32
0- 1
-0 1
.names u20 t19 g32
0- 1
-0 1
.names v32 u20 j8
00 1
.names w32 m32 v32
01 1
10 1
.names a33 b33 k8
0- 1
-0 1
.names k29 z32 a33
0- 1
-0 1
.names u20 t19 b33
0- 1
-0 1
.names g33 h33 l8
0- 1
-0 1
.names k29 f33 g33
0- 1
-0 1
.names u20 t19 h33
0- 1
-0 1
.names i36 j36 m8
00 1
.names k36 h36 i36
11 1
00 1
.names e52 j36
0 1
.names g37 j36 n8
00 1
.names h37 c37 g37
01 1
10 1
.names k37 j36 o8
00 1
.names l37 m36 k37
01 1
10 1
.names q37 r37 p8
0- 1
-0 1
.names v36 p37 q37
0- 1
-0 1
.names j36 x36 r37
0- 1
-0 1
.names v36 t37 j36 x36 q8
0-0- 1
-00- 1
0--0 1
-0-0 1
.names j36 v36
0 1
.names z37 a38 b38 c38 t37
0--- 1
-0-- 1
--0- 1
---0 1
.names x50 x36
0 1
.names j36 y37 r8
00 1
.names l3 m3 n3 o3 y37
0--- 1
-0-- 1
--0- 1
---0 1
.names m38 j36 s8
00 1
.names n38 z37 m38
01 1
10 1
.names q38 j36 t8
00 1
.names r38 a38 q38
01 1
10 1
.names u38 j36 u8
00 1
.names v38 b38 u38
01 1
10 1
.names i39 j39 v8
0- 1
-0 1
.names v36 h39 i39
0- 1
-0 1
.names j36 x36 j39
0- 1
-0 1
.names o39 p39 w8
0- 1
-0 1
.names v36 n39 o39
0- 1
-0 1
.names j36 x36 p39
0- 1
-0 1
.names u39 v39 x8
0- 1
-0 1
.names v36 t39 u39
0- 1
-0 1
.names j36 x36 v39
0- 1
-0 1
.names m40 j36 y8
00 1
.names n40 b40 m40
01 1
10 1
.names r40 s40 z8
0- 1
-0 1
.names v36 q40 r40
0- 1
-0 1
.names j36 x36 s40
0- 1
-0 1
.names x40 y40 a9
0- 1
-0 1
.names v36 w40 x40
0- 1
-0 1
.names j36 x36 y40
0- 1
-0 1
.names e41 z b9
00 1
.names b41 l3 c41 d41 e41
0-0- 1
-00- 1
0--0 1
-0-0 1
.names u41 z c9
00 1
.names b41 m3 t41 d41 u41
0-0- 1
-00- 1
0--0 1
-0-0 1
.names z41 z d9
00 1
.names b41 n3 y41 d41 z41
0-0- 1
-00- 1
0--0 1
-0-0 1
.names p42 i41 e9
0- 1
-0 1
.names b41 o3 o42 d41 p42
0-0- 1
-00- 1
0--0 1
-0-0 1
.names z i41
0 1
.names u42 i41 f9
0- 1
-0 1
.names b41 p3 t42 d41 u42
0-0- 1
-00- 1
0--0 1
-0-0 1
.names z42 i41 g9
0- 1
-0 1
.names b41 q3 y42 d41 z42
0-0- 1
-00- 1
0--0 1
-0-0 1
.names m43 z h9
00 1
.names b41 r3 l43 d41 m43
0-0- 1
-00- 1
0--0 1
-0-0 1
.names r43 i41 i9
0- 1
-0 1
.names b41 s3 q43 d41 r43
0-0- 1
-00- 1
0--0 1
-0-0 1
.names w43 i41 j9
0- 1
-0 1
.names b41 t3 v43 d41 w43
0-0- 1
-00- 1
0--0 1
-0-0 1
.names d4 b44 k9
0- 1
-0 1
.names z b44
0 1
.names j44 b44 l9
0- 1
-0 1
.names d4 f44 j44
01 1
10 1
.names l44 b44 m9
0- 1
-0 1
.names g44 h44 l44
01 1
10 1
.names w44 b44 n9
0- 1
-0 1
.names u3 p44 v44 q44 w44
0-0- 1
-00- 1
0--0 1
-0-0 1
.names a45 b44 o9
0- 1
-0 1
.names v3 p44 z44 q44 a45
0-0- 1
-00- 1
0--0 1
-0-0 1
.names e45 b44 p9
0- 1
-0 1
.names i44 d45 e45
01 1
10 1
.names p45 b44 q9
0- 1
-0 1
.names w3 p44 o45 q44 p45
0-0- 1
-00- 1
0--0 1
-0-0 1
.names s45 b44 r9
0- 1
-0 1
.names x3 p44 r45 q44 s45
0-0- 1
-00- 1
0--0 1
-0-0 1
.names v45 b44 s9
0- 1
-0 1
.names y3 p44 u45 q44 v45
0-0- 1
-00- 1
0--0 1
-0-0 1
.names e46 b44 t9
0- 1
-0 1
.names z3 p44 d46 q44 e46
0-0- 1
-00- 1
0--0 1
-0-0 1
.names h46 b44 u9
0- 1
-0 1
.names a4 p44 g46 q44 h46
0-0- 1
-00- 1
0--0 1
-0-0 1
.names k46 b44 v9
0- 1
-0 1
.names b4 p44 j46 q44 k46
0-0- 1
-00- 1
0--0 1
-0-0 1
.names t46 s46 r46 v46 w9
0000 1
.names q4 o4 n4 t46
0-- 1
-0- 1
--0 1
.names m4 l4 k4 s46
0-- 1
-0- 1
--0 1
.names j4 h4 r46
0- 1
-0 1
.names o46 z v46
00 1
.names x46 b44 x9
0- 1
-0 1
.names c4 p44 w46 q44 x46
0-0- 1
-00- 1
0--0 1
-0-0 1
.names o47 p47 y9
00 1
.names r4 f47 o47
11 1
00 1
.names i52 j52 e51 t50 p47
0--- 1
-0-- 1
--0- 1
---0 1
.names r47 p47 z9
00 1
.names s4 i47 r47
11 1
00 1
.names t47 p47 a10
00 1
.names t4 l47 t47
11 1
00 1
.names w47 p47 b10
00 1
.names u4 n47 w47
11 1
00 1
.names j48 p47 c10
00 1
.names v4 j47 j48
11 1
00 1
.names l48 p47 d10
00 1
.names w4 f48 l48
11 1
00 1
.names o48 p47 e10
00 1
.names x4 i48 o48
11 1
00 1
.names q48 p47 f10
00 1
.names y4 g48 q48
11 1
00 1
.names v48 p47 g10
00 1
.names z4 z47 v48
11 1
00 1
.names m49 k49 j10
0- 1
-0 1
.names x48 v49 u49 m49
0-- 1
-0- 1
--0 1
.names e5 k49
0 1
.names i49 j49 k10
0- 1
-0 1
.names u49 v49 a49 i49
0-- 1
-0- 1
--0 1
.names z48 d5 j49
0- 1
-0 1
.names m49 n49 l10
0- 1
-0 1
.names b49 e5 n49
0- 1
-0 1
.names a50 b50 m10
00 1
.names f5 x49 y49 z49 z a50
0-0-0 1
-00-0 1
0--00 1
-0-00 1
.names f50 b50
0 1
.names c50 z n10
00 1
.names g5 x49 y49 f5 b50 c50
0-0-0 1
-00-0 1
0--00 1
-0-00 1
.names d51 f50 o10
0- 1
-0 1
.names g50 i50 q46 h5 e51 d51
----0 1
00--- 1
--00- 1
.names j51 u50 f50
00 1
.names v51 w51 q10
00 1
.names j5 s51 v51
11 1
00 1
.names e51 b52 w51
0- 1
-0 1
.names z51 w51 r10
00 1
.names k5 u51 z51
11 1
00 1
.names l53 z s10
00 1
.names k53 l53
0 1
.names b53 z t10
00 1
.names a53 b53
0 1
.names d53 z u10
00 1
.names c53 d53
0 1
.names u53 v10
0 1
.names t53 z u53
00 1
.names c54 f54 w10
0- 1
-0 1
.names z53 o51 a54 b54 z c54
0--00 1
-0-00 1
--000 1
.names p5 x53 w53 q5 d54 e54 r5 f54
0--0-0- 1
-0-0-0- 1
--00-0- 1
0---00- 1
-0--00- 1
--0-00- 1
0--0--0 1
-0-0--0 1
--00--0 1
0---0-0 1
-0--0-0 1
--0-0-0 1
.names i54 g54 x10
00 1
.names c54 i54
0 1
.names q5 x53 w53 r5 d54 e54 p5 g54
0--0-0- 1
-0-0-0- 1
--00-0- 1
0---00- 1
-0--00- 1
--0-00- 1
0--0--0 1
-0-0--0 1
--00--0 1
0---0-0 1
-0--0-0 1
--0-0-0 1
.names i54 h54 y10
00 1
.names r5 x53 w53 p5 d54 e54 q5 h54
0--0-0- 1
-0-0-0- 1
--00-0- 1
0---00- 1
-0--00- 1
--0-00- 1
0--0--0 1
-0-0--0 1
--00--0 1
0---0-0 1
-0--0-0 1
--0-0-0 1
.names o28 c19
0 1
.names h22 d16
0 1
.names l22 m22 h22
0- 1
-0 1
.names m20 e16
0 1
.names r1 m20
0 1
.names h18 o18 f16
0- 1
-0 1
.names g1 h18
0 1
.names n6 o18
0 1
.names d16 e16 f16 g16
0-0 1
-00 1
.names u19 h16
0 1
.names g16 k18 u19
0- 1
-0 1
.names h16 i16
0 1
.names v0 w0 x0 y0 j16
0--- 1
-0-- 1
--0- 1
---0 1
.names v0 k16
0 1
.names k16 h16 l16
00 1
.names j16 h16 m16
00 1
.names w0 n16
0 1
.names k16 n16 h16 o16
000 1
.names x0 p16
0 1
.names k16 n16 p16 h16 q16
0000 1
.names v18 k18 v6 a21
0-- 1
-0- 1
--0 1
.names e16 d16 v0 b21
0-- 1
-0- 1
--0 1
.names b d20
0 1
.names k21 h21 l1 u21 o19
0--- 1
-0-- 1
--0- 1
---0 1
.names v0 i16 t16
0- 1
-0 1
.names w0 l16 v16
0- 1
-0 1
.names x0 o16 x16
0- 1
-0 1
.names y0 y16
0 1
.names y0 q16 a17
0- 1
-0 1
.names d17 e17 b17
0- 1
-0 1
.names j16 f17 d17
00 1
.names g17 h16 e17
00 1
.names b17 c17
0 1
.names z0 a1 b1 f17
0-- 1
-0- 1
--0 1
.names c1 g17
0 1
.names z0 h17
0 1
.names j16 h17 h16 i17
000 1
.names j16 f17 h16 j17
000 1
.names a1 k17
0 1
.names j16 h17 k17 h16 l17
0000 1
.names z0 m16 n17
0- 1
-0 1
.names a1 i17 p17
0- 1
-0 1
.names b1 q17
0 1
.names b1 l17 s17
0- 1
-0 1
.names c1 j17 u17
0- 1
-0 1
.names c17 d1 v17
0- 1
-0 1
.names v17 w17
0 1
.names d1 x17
0 1
.names d1 c17 z17
0- 1
-0 1
.names r18 a18
0 1
.names e1 g18 r18
0- 1
-0 1
.names o19 d20 b18
0- 1
-0 1
.names h1 a18 b18 c18
0-0 1
-00 1
.names u18 d18
0 1
.names j1 w18 u18
0- 1
-0 1
.names d18 i1 b18 e18
0-0 1
-00 1
.names e1 f18
0 1
.names f1 g18
0 1
.names h1 i18
0 1
.names l18 i18 j18
0- 1
-0 1
.names j18 k18
0 1
.names i1 h1 x18
00 1
.names a18 d18 y18
01 1
10 1
.names n6 g1 s18
00 1
.names s18 t18
0 1
.names y19 z19 w18
0- 1
-0 1
.names t18 v18
0 1
.names o1 b19 y19
0- 1
-0 1
.names a20 a19 z19
0- 1
-0 1
.names a18 d18 z18
00 1
.names j1 a19
0 1
.names k1 b19
0 1
.names t26 e2 n2 o28
0-- 1
-0- 1
--0 1
.names c19 d19
0 1
.names g g20 e19
00 1
.names j20 v18 g20
00 1
.names e19 f19
0 1
.names j19 w0 d1 g19
000 1
.names i19 j19
0 1
.names g19 h19
0 1
.names n19 a1 b1 c1 i19
0000 1
.names m19 n19
0 1
.names x0 y0 k19
00 1
.names k19 l19
0 1
.names l19 z0 m19
00 1
.names i21 k21
0 1
.names m1 h21
0 1
.names b u21
0 1
.names o19 p19
0 1
.names d19 o19 q19
0- 1
-0 1
.names q19 r19
0 1
.names f19 s19
0 1
.names i f16 v19
00 1
.names v19 w19
0 1
.names r19 x19
0 1
.names o1 a20
0 1
.names g21 m1 k21 b h20
0000 1
.names v0 n16 e20
00 1
.names k16 h19 f20
00 1
.names v6 j20
0 1
.names l1 g21
0 1
.names h19 v0 i20
00 1
.names f20 v6 h20 k20
0-0 1
-00 1
.names v20 l20
0 1
.names j18 f16 i20 v20
--0 1
00- 1
.names v0 v6 d16 e16 l20 m20 n20
-00--- 1
--0-0- 1
00---0 1
-0-0-0 1
0---00 1
---000 1
.names w22 o20
0 1
.names p1 w22
0 1
.names x22 p20
0 1
.names q1 x22
0 1
.names e16 i19 k19 m19 e20 o20 p20 q20
----0-- 1
0-00--- 1
-000--- 1
0--0-0- 1
-0-0-0- 1
0-0---0 1
-00---0 1
0----00 1
-0---00 1
.names n20 x20 r20
0- 1
-0 1
.names f x20
0 1
.names r20 s20
0 1
.names b e21 t20
00 1
.names l1 h21 k21 b e21
0000 1
.names k20 w20
0 1
.names s20 y20
0 1
.names y20 z20
0 1
.names j20 q20 c21
00 1
.names c21 h d21
00 1
.names e16 w17 m20 d1 c f21
0-0-0 1
-00-0 1
0--00 1
-0-00 1
.names n1 i21
0 1
.names n1 j21
0 1
.names p21 l21
0 1
.names l32 p32 p21
00 1
.names o32 n32 m32 m21
000 1
.names e3 o32
0 1
.names d3 n32
0 1
.names c3 m32
0 1
.names g21 h21 j21 b n21
0000 1
.names d16 a18 l21 m21 n21 o21
0---0 1
-0--0 1
--0-0 1
---00 1
.names y2 o30 q31 l32
0-- 1
-0- 1
--0 1
.names m31 m32 n32 o32 p32
0--- 1
-0-- 1
--0- 1
---0 1
.names l1 m1 j21 b q21
0000 1
.names d16 p21 h20 q21 r21
0-00 1
-000 1
.names a18 s21
0 1
.names d16 s21 l21 k21 m1 n21 t21
0--0-0 1
-0-0-0 1
--00-0 1
0---00 1
-0--00 1
--0-00 1
.names d22 t21 v21
0- 1
-0 1
.names c22 e21 q21 d22
000 1
.names r21 o21 x21
0- 1
-0 1
.names f21 z21
0 1
.names v6 z21 a22
0- 1
-0 1
.names d16 p21 b22
0- 1
-0 1
.names a22 b22 c22
0- 1
-0 1
.names h20 e22
0 1
.names k22 e22 i22 f22
0-- 1
-0- 1
--0 1
.names j22 d16 k22
0- 1
-0 1
.names e21 a18 i22
0- 1
-0 1
.names g21 h21 l22
00 1
.names k21 b m22
00 1
.names l21 a18 m21 j22
0-- 1
-0- 1
--0 1
.names q22 j21 n22
0- 1
-0 1
.names l1 m1 q22
00 1
.names n22 o22
0 1
.names d16 o20 r22
0- 1
-0 1
.names d16 p20 s22
0- 1
-0 1
.names e n21 t22
00 1
.names d q21 u22
00 1
.names p1 q1 r1 v22
00- 1
0-0 1
-00 1
.names v22 y22
0 1
.names u22 a23
0 1
.names t22 b23
0 1
.names d21 j23 g23
01 1
10 1
.names s1 j23
0 1
.names w20 h23
0 1
.names d21 j23 k23
00 1
.names k m23
0 1
.names w19 n23
0 1
.names s1 t1 o23
00 1
.names t1 p23
0 1
.names p23 j23 q23
00 1
.names u1 t1 s1 m23 r23
---0 1
000- 1
.names u1 s23
0 1
.names s23 p23 j23 m23 t23
---0 1
000- 1
.names n23 j23 w19 s1 u23
0-0- 1
-00- 1
0--0 1
-0-0 1
.names x23 t1 v23
01 1
10 1
.names u23 d21 x23
00 1
.names x23 t1 y23
00 1
.names n23 o23 w19 q23 z23
0-0- 1
-00- 1
0--0 1
-0-0 1
.names c24 u1 a24
01 1
10 1
.names z23 d21 c24
00 1
.names c24 u1 d24
00 1
.names r23 e24
0 1
.names t23 f24
0 1
.names e24 v1 g24
00 1
.names v1 h24
0 1
.names h24 f24 i24
00 1
.names e24 v1 w1 j24
000 1
.names w1 k24
0 1
.names k24 h24 f24 l24
000 1
.names x1 w1 v1 e24 m23 m24
----0 1
0000- 1
.names x1 n24
0 1
.names n24 k24 h24 f24 m23 o24
----0 1
0000- 1
.names n23 r23 w19 t23 p24
0-0- 1
-00- 1
0--0 1
-0-0 1
.names s24 v1 q24
01 1
10 1
.names p24 d21 s24
00 1
.names s24 v1 t24
00 1
.names n23 g24 w19 i24 u24
0-0- 1
-00- 1
0--0 1
-0-0 1
.names x24 w1 v24
01 1
10 1
.names u24 d21 x24
00 1
.names x24 w1 y24
00 1
.names n23 j24 w19 l24 z24
0-0- 1
-00- 1
0--0 1
-0-0 1
.names c25 x1 a25
01 1
10 1
.names z24 d21 c25
00 1
.names c25 x1 d25
00 1
.names m24 e25
0 1
.names o24 f25
0 1
.names e25 y1 g25
00 1
.names y1 h25
0 1
.names h25 f25 i25
00 1
.names e25 y1 z1 j25
000 1
.names z1 k25
0 1
.names k25 h25 f25 l25
000 1
.names n23 m24 w19 o24 m25
0-0- 1
-00- 1
0--0 1
-0-0 1
.names p25 y1 n25
01 1
10 1
.names m25 d21 p25
00 1
.names p25 y1 q25
00 1
.names n23 g25 w19 i25 r25
0-0- 1
-00- 1
0--0 1
-0-0 1
.names u25 z1 s25
01 1
10 1
.names r25 d21 u25
00 1
.names u25 z1 v25
00 1
.names n23 j25 w19 l25 w25
0-0- 1
-00- 1
0--0 1
-0-0 1
.names a26 a2 x25
01 1
10 1
.names w25 d21 a26
00 1
.names a2 z25
0 1
.names a26 a2 b26
00 1
.names b2 c26
0 1
.names l e26
0 1
.names p20 e26 f26
0- 1
-0 1
.names c2 g26
0 1
.names g26 c26 h26
00 1
.names d2 i26
0 1
.names i26 g26 c26 f26 j26
---0 1
000- 1
.names b2 g26 l26
00 1
.names h26 i26 n26
00 1
.names e2 t26 o26
0- 1
-0 1
.names r26 s26 t26
0- 1
-0 1
.names o26 p26
0 1
.names x19 q26
0 1
.names g2 j26 r26
0- 1
-0 1
.names l o20 s26
00 1
.names t26 w26 u26
11 1
00 1
.names e2 w26
0 1
.names t26 w26 x26
0- 1
-0 1
.names p26 a27 y26
11 1
00 1
.names f2 a27
0 1
.names p26 a27 b27
0- 1
-0 1
.names g2 c27
0 1
.names j26 c27 e27
00 1
.names k27 a27 o26 f27
000 1
.names h2 k27
0 1
.names f27 g27
0 1
.names a27 o26 h27
00 1
.names i2 i27
0 1
.names i27 g27 j27
00 1
.names j2 l27
0 1
.names l27 i27 g27 e26 m27
---0 1
000- 1
.names h27 k27 n27
11 1
00 1
.names h27 k27 p27
0- 1
-0 1
.names f27 i27 q27
11 1
00 1
.names f27 i27 s27
0- 1
-0 1
.names j27 l27 t27
11 1
00 1
.names j27 l27 v27
0- 1
-0 1
.names m27 w27
0 1
.names b28 z27 w27 x27
000 1
.names l2 b28
0 1
.names k2 z27
0 1
.names x27 y27
0 1
.names z27 w27 a28
00 1
.names m27 z27 c28
11 1
00 1
.names m27 z27 e28
0- 1
-0 1
.names a28 b28 f28
11 1
00 1
.names a28 b28 h28
0- 1
-0 1
.names x27 k28 i28
11 1
00 1
.names m2 k28
0 1
.names x27 k28 l28
0- 1
-0 1
.names n2 m28
0 1
.names x19 n28
0 1
.names k28 y27 s28
00 1
.names s28 w28 u28
11 1
00 1
.names o2 w28
0 1
.names s28 w28 x28
0- 1
-0 1
.names q2 y28
0 1
.names z20 y28 a29
0- 1
-0 1
.names s2 b29
0 1
.names r2 q2 i29 c29
--0 1
00- 1
.names h29 i29
0 1
.names r22 j d29
00 1
.names b29 c29 d29 e29
0-0 1
-00 1
.names o29 y28 i29 f29
--0 1
00- 1
.names r2 o29
0 1
.names s2 f29 d29 g29
0-0 1
-00 1
.names s22 j h29
00 1
.names z20 j29
0 1
.names j l29
0 1
.names t19 m29
0 1
.names t2 e29 l29 n29
--0 1
00- 1
.names t2 p29
0 1
.names p29 g29 l29 q29
--0 1
00- 1
.names m29 y28 t19 q2 r29
0-0- 1
-00- 1
0--0 1
-0-0 1
.names r29 z20 t29
00 1
.names t29 o29 u29
00 1
.names m29 c29 t19 f29 v29
0-0- 1
-00- 1
0--0 1
-0-0 1
.names v29 z20 x29
00 1
.names x29 b29 y29
00 1
.names t19 e29 m29 g29 z29
00-- 1
--00 1
.names z29 j29 a30
0- 1
-0 1
.names a30 t2 b30
11 1
00 1
.names a30 t2 e30
0- 1
-0 1
.names w2 l30
0 1
.names x2 m30
0 1
.names y2 n30
0 1
.names z2 o30
0 1
.names u2 g30
0 1
.names v2 h30
0 1
.names n29 i30
0 1
.names q29 j30
0 1
.names i30 w2 p30
00 1
.names i30 g30 q30
00 1
.names l30 j30 r30
00 1
.names j30 h30 s30
00 1
.names i30 w2 x2 t30
000 1
.names m30 l30 j30 u30
000 1
.names i30 w2 x2 y2 v30
0000 1
.names n30 m30 l30 j30 w30
0000 1
.names m29 n29 t19 q29 x30
0-0- 1
-00- 1
0--0 1
-0-0 1
.names x30 z20 z30
00 1
.names z30 l30 a31
00 1
.names m29 p30 t19 r30 b31
0-0- 1
-00- 1
0--0 1
-0-0 1
.names b31 z20 d31
00 1
.names d31 m30 e31
00 1
.names m29 t30 t19 u30 f31
0-0- 1
-00- 1
0--0 1
-0-0 1
.names f31 z20 h31
00 1
.names h31 n30 i31
00 1
.names q30 j31
0 1
.names s30 k31
0 1
.names a3 j31 l29 l31
--0 1
00- 1
.names b3 m31
0 1
.names l31 m31 n31
0- 1
-0 1
.names q31 k31 l29 o31
--0 1
00- 1
.names a3 q31
0 1
.names b3 o31 p31
0- 1
-0 1
.names m29 v30 t19 w30 r31
0-0- 1
-00- 1
0--0 1
-0-0 1
.names v31 z2 s31
01 1
10 1
.names r31 z20 v31
00 1
.names v31 z2 w31
00 1
.names m29 q30 t19 s30 x31
0-0- 1
-00- 1
0--0 1
-0-0 1
.names b32 a3 y31
01 1
10 1
.names x31 z20 b32
00 1
.names b32 a3 c32
00 1
.names m29 l31 t19 o31 d32
0-0- 1
-00- 1
0--0 1
-0-0 1
.names h32 b3 e32
01 1
10 1
.names d32 z20 h32
00 1
.names h32 b3 i32
00 1
.names n31 j32
0 1
.names p31 k32
0 1
.names n31 c3 q32
00 1
.names m32 p31 r32
00 1
.names n31 c3 d3 s32
000 1
.names n32 m32 p31 t32
000 1
.names m29 j32 t19 k32 u32
0-0- 1
-00- 1
0--0 1
-0-0 1
.names u32 z20 w32
00 1
.names w32 m32 x32
00 1
.names m29 q32 t19 r32 y32
0-0- 1
-00- 1
0--0 1
-0-0 1
.names c33 d3 z32
01 1
10 1
.names y32 z20 c33
00 1
.names c33 d3 d33
00 1
.names m29 s32 t19 t32 e33
0-0- 1
-00- 1
0--0 1
-0-0 1
.names i33 e3 f33
01 1
10 1
.names e33 z20 i33
00 1
.names i33 e3 j33
00 1
.names l33 m33 n33 o33 x33
0--- 1
-0-- 1
--0- 1
---0 1
.names p33 q33 r33 s33 y33
0--- 1
-0-- 1
--0- 1
---0 1
.names t33 u33 v33 w33
0-- 1
-0- 1
--0 1
.names w l1 l33
0- 1
-0 1
.names v z0 m33
0- 1
-0 1
.names u z20 n33
0- 1
-0 1
.names t e2 o33
0- 1
-0 1
.names s c19 p33
0- 1
-0 1
.names r k21 q33
0- 1
-0 1
.names q u20 r33
0- 1
-0 1
.names p p20 s33
0- 1
-0 1
.names o m21 t33
0- 1
-0 1
.names n w2 u33
0- 1
-0 1
.names m p21 v33
0- 1
-0 1
.names a34 b34 c34 d34 m34
0--- 1
-0-- 1
--0- 1
---0 1
.names e34 f34 g34 h34 n34
0--- 1
-0-- 1
--0- 1
---0 1
.names i34 j34 k34 l34
0-- 1
-0- 1
--0 1
.names w v0 a34
0- 1
-0 1
.names v a1 b34
0- 1
-0 1
.names u b2 c34
0- 1
-0 1
.names t f2 d34
0- 1
-0 1
.names s k2 e34
0- 1
-0 1
.names r m1 f34
0- 1
-0 1
.names q e16 g34
0- 1
-0 1
.names p o20 h34
0- 1
-0 1
.names o q2 i34
0- 1
-0 1
.names n x2 j34
0- 1
-0 1
.names m b3 k34
0- 1
-0 1
.names p34 q34 r34 s34 b35
0--- 1
-0-- 1
--0- 1
---0 1
.names t34 u34 v34 w34 c35
0--- 1
-0-- 1
--0- 1
---0 1
.names x34 y34 z34 a35
0-- 1
-0- 1
--0 1
.names w w0 p34
0- 1
-0 1
.names v b1 q34
0- 1
-0 1
.names u c2 r34
0- 1
-0 1
.names t h2 s34
0- 1
-0 1
.names s l2 t34
0- 1
-0 1
.names r s1 u34
0- 1
-0 1
.names q v1 v34
0- 1
-0 1
.names p y1 w34
0- 1
-0 1
.names o r2 x34
0- 1
-0 1
.names n y2 y34
0- 1
-0 1
.names m c3 z34
0- 1
-0 1
.names e35 f35 g35 h35 q35
0--- 1
-0-- 1
--0- 1
---0 1
.names i35 j35 k35 l35 r35
0--- 1
-0-- 1
--0- 1
---0 1
.names m35 n35 o35 p35
0-- 1
-0- 1
--0 1
.names w x0 e35
0- 1
-0 1
.names v c1 f35
0- 1
-0 1
.names u d2 g35
0- 1
-0 1
.names t i2 h35
0- 1
-0 1
.names s m2 i35
0- 1
-0 1
.names r t1 j35
0- 1
-0 1
.names q w1 k35
0- 1
-0 1
.names p z1 l35
0- 1
-0 1
.names o s2 m35
0- 1
-0 1
.names n z2 n35
0- 1
-0 1
.names m d3 o35
0- 1
-0 1
.names t35 u35 v35 w35 f36
0--- 1
-0-- 1
--0- 1
---0 1
.names x35 y35 z35 a36 g36
0--- 1
-0-- 1
--0- 1
---0 1
.names b36 c36 d36 e36
0-- 1
-0- 1
--0 1
.names w y0 t35
0- 1
-0 1
.names v d1 u35
0- 1
-0 1
.names u g2 v35
0- 1
-0 1
.names t j2 w35
0- 1
-0 1
.names s o2 x35
0- 1
-0 1
.names r u1 y35
0- 1
-0 1
.names q x1 z35
0- 1
-0 1
.names p a2 a36
0- 1
-0 1
.names o t2 b36
0- 1
-0 1
.names n a3 c36
0- 1
-0 1
.names m e3 d36
0- 1
-0 1
.names f3 h36
0 1
.names h52 k36
0 1
.names z l52 e52
00 1
.names d52 h52
0 1
.names k36 h36 l36
0- 1
-0 1
.names h3 m36
0 1
.names g3 f3 t36 n36
--0 1
00- 1
.names s36 t36
0 1
.names a37 h0 o36
00 1
.names a47 u44 a37
0- 1
-0 1
.names m36 n36 o36 p36
0-0 1
-00 1
.names c37 h36 t36 q36
--0 1
00- 1
.names g3 c37
0 1
.names h3 q36 o36 r36
0-0 1
-00 1
.names z36 h0 s36
00 1
.names a47 c44 z36
0- 1
-0 1
.names k36 u36
0 1
.names h0 w36
0 1
.names k50 x50
0 1
.names x36 y36
0 1
.names m53 a47
0 1
.names a54 c44
0 1
.names z53 u44
0 1
.names i3 p36 w36 b37
--0 1
00- 1
.names i3 d37
0 1
.names d37 r36 w36 e37
--0 1
00- 1
.names y36 h36 x36 f3 f37
0-0- 1
-00- 1
0--0 1
-0-0 1
.names f37 k36 h37
00 1
.names h37 c37 i37
00 1
.names y36 n36 x36 q36 j37
0-0- 1
-00- 1
0--0 1
-0-0 1
.names j37 k36 l37
00 1
.names l37 m36 m37
00 1
.names x36 p36 y36 r36 n37
00-- 1
--00 1
.names n37 u36 o37
0- 1
-0 1
.names o37 i3 p37
11 1
00 1
.names o37 i3 s37
0- 1
-0 1
.names l3 z37
0 1
.names m3 a38
0 1
.names n3 b38
0 1
.names o3 c38
0 1
.names j3 u37
0 1
.names k3 v37
0 1
.names b37 w37
0 1
.names e37 x37
0 1
.names w37 l3 d38
00 1
.names w37 u37 e38
00 1
.names z37 x37 f38
00 1
.names x37 v37 g38
00 1
.names w37 l3 m3 h38
000 1
.names a38 z37 x37 i38
000 1
.names w37 l3 m3 n3 j38
0000 1
.names b38 a38 z37 x37 k38
0000 1
.names y36 b37 x36 e37 l38
0-0- 1
-00- 1
0--0 1
-0-0 1
.names l38 k36 n38
00 1
.names n38 z37 o38
00 1
.names y36 d38 x36 f38 p38
0-0- 1
-00- 1
0--0 1
-0-0 1
.names p38 k36 r38
00 1
.names r38 a38 s38
00 1
.names y36 h38 x36 i38 t38
0-0- 1
-00- 1
0--0 1
-0-0 1
.names t38 k36 v38
00 1
.names v38 b38 w38
00 1
.names e38 x38
0 1
.names g38 y38
0 1
.names p3 x38 w36 z38
--0 1
00- 1
.names q3 a39
0 1
.names z38 a39 b39
0- 1
-0 1
.names f39 y38 w36 c39
--0 1
00- 1
.names p3 f39
0 1
.names q3 c39 d39
0- 1
-0 1
.names q3 p3 e39
0- 1
-0 1
.names y36 j38 x36 k38 g39
0-0- 1
-00- 1
0--0 1
-0-0 1
.names k39 o3 h39
01 1
10 1
.names g39 k36 k39
00 1
.names k39 o3 l39
00 1
.names y36 e38 x36 g38 m39
0-0- 1
-00- 1
0--0 1
-0-0 1
.names q39 p3 n39
01 1
10 1
.names m39 k36 q39
00 1
.names q39 p3 r39
00 1
.names y36 z38 x36 c39 s39
0-0- 1
-00- 1
0--0 1
-0-0 1
.names w39 q3 t39
01 1
10 1
.names s39 k36 w39
00 1
.names w39 q3 x39
00 1
.names b39 y39
0 1
.names d39 z39
0 1
.names n3 c38 f39 a40
0-- 1
-0- 1
--0 1
.names r3 b40
0 1
.names s3 c40
0 1
.names t3 d40
0 1
.names a39 b40 c40 d40 e40
0--- 1
-0-- 1
--0- 1
---0 1
.names b39 r3 f40
00 1
.names b40 d39 g40
00 1
.names a40 e40 h40
00 1
.names b39 r3 s3 i40
000 1
.names c40 b40 d39 j40
000 1
.names d40 c40 b40 e39 k40
0000 1
.names y36 y39 x36 z39 l40
0-0- 1
-00- 1
0--0 1
-0-0 1
.names l40 k36 n40
00 1
.names n40 b40 o40
00 1
.names y36 f40 x36 g40 p40
0-0- 1
-00- 1
0--0 1
-0-0 1
.names t40 s3 q40
01 1
10 1
.names p40 k36 t40
00 1
.names t40 s3 u40
00 1
.names y36 i40 x36 j40 v40
0-0- 1
-00- 1
0--0 1
-0-0 1
.names z40 t3 w40
01 1
10 1
.names v40 k36 z40
00 1
.names z40 t3 a41
00 1
.names l51 b41
0 1
.names g51 v10 j51 l51
0-0 1
-00 1
.names g41 f41 c41
01 1
10 1
.names k52 f0 g41
00 1
.names u3 f41
0 1
.names b41 d41
0 1
.names h51 q51 k52
00 1
.names g41 f41 h41
00 1
.names i0 j41
0 1
.names z50 k41
0 1
.names g0 c47 z50
00 1
.names k41 l41
0 1
.names u3 v3 m41
00 1
.names v3 n41
0 1
.names n41 f41 o41
00 1
.names w3 v3 u3 j41 p41
---0 1
000- 1
.names w3 q41
0 1
.names q41 n41 f41 j41 r41
---0 1
000- 1
.names l41 f41 k41 u3 s41
0-0- 1
-00- 1
0--0 1
-0-0 1
.names v41 v3 t41
01 1
10 1
.names s41 g41 v41
00 1
.names v41 v3 w41
00 1
.names l41 m41 k41 o41 x41
0-0- 1
-00- 1
0--0 1
-0-0 1
.names a42 w3 y41
01 1
10 1
.names x41 g41 a42
00 1
.names a42 w3 b42
00 1
.names p41 c42
0 1
.names r41 d42
0 1
.names c42 x3 e42
00 1
.names x3 f42
0 1
.names f42 d42 g42
00 1
.names c42 x3 y3 h42
000 1
.names y3 i42
0 1
.names i42 f42 d42 j42
000 1
.names z3 y3 x3 c42 j41 k42
----0 1
0000- 1
.names z3 l42
0 1
.names l42 i42 f42 d42 j41 m42
----0 1
0000- 1
.names l41 p41 k41 r41 n42
0-0- 1
-00- 1
0--0 1
-0-0 1
.names q42 x3 o42
01 1
10 1
.names n42 g41 q42
00 1
.names q42 x3 r42
00 1
.names l41 e42 k41 g42 s42
0-0- 1
-00- 1
0--0 1
-0-0 1
.names v42 y3 t42
01 1
10 1
.names s42 g41 v42
00 1
.names v42 y3 w42
00 1
.names l41 h42 k41 j42 x42
0-0- 1
-00- 1
0--0 1
-0-0 1
.names a43 z3 y42
01 1
10 1
.names x42 g41 a43
00 1
.names a43 z3 b43
00 1
.names k42 c43
0 1
.names m42 d43
0 1
.names c43 a4 e43
00 1
.names a4 f43
0 1
.names f43 d43 g43
00 1
.names c43 a4 b4 h43
000 1
.names b4 i43
0 1
.names i43 f43 d43 j43
000 1
.names l41 k42 k41 m42 k43
0-0- 1
-00- 1
0--0 1
-0-0 1
.names n43 a4 l43
01 1
10 1
.names k43 g41 n43
00 1
.names n43 a4 o43
00 1
.names l41 e43 k41 g43 p43
0-0- 1
-00- 1
0--0 1
-0-0 1
.names s43 b4 q43
01 1
10 1
.names p43 g41 s43
00 1
.names s43 b4 t43
00 1
.names l41 h43 k41 j43 u43
0-0- 1
-00- 1
0--0 1
-0-0 1
.names y43 c4 v43
01 1
10 1
.names u43 g41 y43
00 1
.names c4 x43
0 1
.names y43 c4 z43
00 1
.names d4 a44
0 1
.names q5 a54
0 1
.names j0 d44
0 1
.names c44 d44 e44
0- 1
-0 1
.names e4 f44
0 1
.names f44 a44 g44
00 1
.names f4 h44
0 1
.names h44 f44 a44 e44 i44
---0 1
000- 1
.names d4 f44 k44
00 1
.names g44 h44 m44
00 1
.names g4 t44 n44
0- 1
-0 1
.names r44 s44 t44
0- 1
-0 1
.names n44 o44
0 1
.names w50 p44
0 1
.names v50 w50
0 1
.names p44 q44
0 1
.names i4 i44 r44
0- 1
-0 1
.names j0 u44 s44
00 1
.names p5 z53
0 1
.names t44 x44 v44
11 1
00 1
.names g4 x44
0 1
.names t44 x44 y44
0- 1
-0 1
.names o44 b45 z44
11 1
00 1
.names h4 b45
0 1
.names o44 b45 c45
0- 1
-0 1
.names i4 d45
0 1
.names i44 d45 f45
00 1
.names l45 b45 n44 g45
000 1
.names j4 l45
0 1
.names g45 h45
0 1
.names b45 n44 i45
00 1
.names k4 j45
0 1
.names j45 h45 k45
00 1
.names l4 m45
0 1
.names m45 j45 h45 d44 n45
---0 1
000- 1
.names i45 l45 o45
11 1
00 1
.names i45 l45 q45
0- 1
-0 1
.names g45 j45 r45
11 1
00 1
.names g45 j45 t45
0- 1
-0 1
.names k45 m45 u45
11 1
00 1
.names k45 m45 w45
0- 1
-0 1
.names n45 x45
0 1
.names c46 a46 x45 y45
000 1
.names n4 c46
0 1
.names m4 a46
0 1
.names y45 z45
0 1
.names a46 x45 b46
00 1
.names n45 a46 d46
11 1
00 1
.names n45 a46 f46
0- 1
-0 1
.names b46 c46 g46
11 1
00 1
.names b46 c46 i46
0- 1
-0 1
.names y45 l46 j46
11 1
00 1
.names o4 l46
0 1
.names y45 l46 m46
0- 1
-0 1
.names p4 n46
0 1
.names p44 o46
0 1
.names t44 g4 p4 p46
0-- 1
-0- 1
--0 1
.names p46 q46
0 1
.names l46 z45 u46
00 1
.names u46 y46 w46
11 1
00 1
.names q4 y46
0 1
.names u46 y46 z46
0- 1
-0 1
.names q53 r53 m53
0- 1
-0 1
.names o51 b47
0 1
.names r5 o51
0 1
.names e49 l49 c47
0- 1
-0 1
.names c5 e49
0 1
.names j10 l49
0 1
.names a47 b47 c47 d47
0-0 1
-00 1
.names y50 e47
0 1
.names d47 h49 y50
0- 1
-0 1
.names e47 f47
0 1
.names r4 s4 t4 u4 g47
0--- 1
-0-- 1
--0- 1
---0 1
.names r4 h47
0 1
.names h47 e47 i47
00 1
.names g47 e47 j47
00 1
.names s4 k47
0 1
.names h47 k47 e47 l47
000 1
.names t4 m47
0 1
.names h47 k47 m47 e47 n47
0000 1
.names s49 h49 v10 i52
0-- 1
-0- 1
--0 1
.names b47 a47 r4 j52
0-- 1
-0- 1
--0 1
.names z e51
0 1
.names r52 o52 l5 z52 t50
0--- 1
-0-- 1
--0- 1
---0 1
.names r4 f47 q47
0- 1
-0 1
.names s4 i47 s47
0- 1
-0 1
.names t4 l47 u47
0- 1
-0 1
.names u4 v47
0 1
.names u4 n47 x47
0- 1
-0 1
.names a48 b48 y47
0- 1
-0 1
.names g47 c48 a48
00 1
.names d48 e47 b48
00 1
.names y47 z47
0 1
.names v4 w4 x4 c48
0-- 1
-0- 1
--0 1
.names y4 d48
0 1
.names v4 e48
0 1
.names g47 e48 e47 f48
000 1
.names g47 c48 e47 g48
000 1
.names w4 h48
0 1
.names g47 e48 h48 e47 i48
0000 1
.names v4 j47 k48
0- 1
-0 1
.names w4 f48 m48
0- 1
-0 1
.names x4 n48
0 1
.names x4 i48 p48
0- 1
-0 1
.names y4 g48 r48
0- 1
-0 1
.names z47 z4 s48
0- 1
-0 1
.names s48 t48
0 1
.names z4 u48
0 1
.names z4 z47 w48
0- 1
-0 1
.names o49 x48
0 1
.names a5 d49 o49
0- 1
-0 1
.names e51 t50 y48
0- 1
-0 1
.names d5 x48 y48 z48
0-0 1
-00 1
.names r49 a49
0 1
.names g5 t49 r49
0- 1
-0 1
.names a49 e5 y48 b49
0-0 1
-00 1
.names a5 c49
0 1
.names b5 d49
0 1
.names d5 f49
0 1
.names i49 f49 g49
0- 1
-0 1
.names g49 h49
0 1
.names e5 d5 u49
00 1
.names x48 a49 v49
01 1
10 1
.names j10 c5 p49
00 1
.names p49 q49
0 1
.names a51 b51 t49
0- 1
-0 1
.names q49 s49
0 1
.names o5 h50 a51
0- 1
-0 1
.names c51 e50 b51
0- 1
-0 1
.names x48 a49 w49
00 1
.names o10 g50 x49
0- 1
-0 1
.names h5 g50
0 1
.names x49 y49
0 1
.names g5 f5 z49
00 1
.names f5 d50
0 1
.names g5 e50
0 1
.names n52 m5 r52 z j51
0000 1
.names t50 u50
0 1
.names i5 h50
0 1
.names q46 i50
0 1
.names e0 i51 j50
00 1
.names h51 s49 i51
00 1
.names j50 k50
0 1
.names o50 s4 z4 l50
000 1
.names n50 o50
0 1
.names l50 m50
0 1
.names s50 w4 x4 y4 n50
0000 1
.names r50 s50
0 1
.names t4 u4 p50
00 1
.names p50 q50
0 1
.names q50 v4 r50
00 1
.names p52 r52
0 1
.names m5 o52
0 1
.names z z52
0 1
.names i50 t50 v50
0- 1
-0 1
.names o5 c51
0 1
.names r4 k47 f51
00 1
.names h47 m50 g51
00 1
.names v10 h51
0 1
.names l5 n52
0 1
.names m50 r4 k51
00 1
.names y51 j5 m51
00 1
.names k5 y51
0 1
.names f52 n51
0 1
.names g49 c47 k51 f52
--0 1
00- 1
.names r4 v10 b47 m51 n51 o51 p51
-0-0-- 1
---00- 1
00---0 1
-00--0 1
0---00 1
--0-00 1
.names c44 u44 b47 n50 p50 r50 f51 q51
------0 1
000---- 1
00-0--- 1
0-0-0-- 1
0--00-- 1
-00--0- 1
-0-0-0- 1
--0-00- 1
---000- 1
.names a47 r51
0 1
.names r51 s51
0 1
.names j5 t51
0 1
.names r51 t51 u51
00 1
.names m51 b52
0 1
.names j5 s51 x51
0- 1
-0 1
.names k5 u51 a52
0- 1
-0 1
.names p51 g52 c52
0- 1
-0 1
.names d0 g52
0 1
.names c52 d52
0 1
.names l5 o52 r52 z l52
0000 1
.names b47 t48 o51 z4 a0 m52
0-0-0 1
-00-0 1
0--00 1
-0-00 1
.names n5 p52
0 1
.names n5 q52
0 1
.names h40 s52
0 1
.names n52 o52 q52 z t52
0000 1
.names a47 x48 s52 k40 t52 u52
0---0 1
-0--0 1
--0-0 1
---00 1
.names l5 m5 q52 z v52
0000 1
.names a47 h40 j51 v52 w52
0-00 1
-000 1
.names x48 x52
0 1
.names a47 x52 s52 r52 m5 t52 y52
0--0-0 1
-0-0-0 1
--00-0 1
0---00 1
-0--00 1
--0-00 1
.names i53 y52 a53
0- 1
-0 1
.names h53 l52 v52 i53
000 1
.names w52 u52 c53
0- 1
-0 1
.names m52 e53
0 1
.names v10 e53 f53
0- 1
-0 1
.names a47 h40 g53
0- 1
-0 1
.names f53 g53 h53
0- 1
-0 1
.names j51 j53
0 1
.names p53 j53 n53 k53
0-- 1
-0- 1
--0 1
.names o53 a47 p53
0- 1
-0 1
.names l52 x48 n53
0- 1
-0 1
.names n52 o52 q53
00 1
.names r52 z r53
00 1
.names s52 x48 k40 o53
0-- 1
-0- 1
--0 1
.names v53 q52 s53
0- 1
-0 1
.names l5 m5 v53
00 1
.names s53 t53
0 1
.names c0 t52 w53
00 1
.names b0 v52 x53
00 1
.names p5 q5 r5 y53
00- 1
0-0 1
-00 1
.names y53 b54
0 1
.names x53 d54
0 1
.names w53 e54
0 1
.names k54 l54 m54 n54 w54
0--- 1
-0-- 1
--0- 1
---0 1
.names o54 p54 q54 r54 x54
0--- 1
-0-- 1
--0- 1
---0 1
.names s54 t54 u54 v54
0-- 1
-0- 1
--0 1
.names u0 l5 k54
0- 1
-0 1
.names t0 v4 l54
0- 1
-0 1
.names s0 k36 m54
0- 1
-0 1
.names r0 g4 n54
0- 1
-0 1
.names q0 q46 o54
0- 1
-0 1
.names p0 r52 p54
0- 1
-0 1
.names o0 j36 q54
0- 1
-0 1
.names n0 c44 r54
0- 1
-0 1
.names m0 k40 s54
0- 1
-0 1
.names l0 l3 t54
0- 1
-0 1
.names k0 h40 u54
0- 1
-0 1
.names z54 a55 b55 c55 l55
0--- 1
-0-- 1
--0- 1
---0 1
.names d55 e55 f55 g55 m55
0--- 1
-0-- 1
--0- 1
---0 1
.names h55 i55 j55 k55
0-- 1
-0- 1
--0 1
.names u0 r4 z54
0- 1
-0 1
.names t0 w4 a55
0- 1
-0 1
.names s0 d4 b55
0- 1
-0 1
.names r0 h4 c55
0- 1
-0 1
.names q0 m4 d55
0- 1
-0 1
.names p0 m5 e55
0- 1
-0 1
.names o0 b47 f55
0- 1
-0 1
.names n0 u44 g55
0- 1
-0 1
.names m0 f3 h55
0- 1
-0 1
.names l0 m3 i55
0- 1
-0 1
.names k0 q3 j55
0- 1
-0 1
.names o55 p55 q55 r55 a56
0--- 1
-0-- 1
--0- 1
---0 1
.names s55 t55 u55 v55 b56
0--- 1
-0-- 1
--0- 1
---0 1
.names w55 x55 y55 z55
0-- 1
-0- 1
--0 1
.names u0 s4 o55
0- 1
-0 1
.names t0 x4 p55
0- 1
-0 1
.names s0 e4 q55
0- 1
-0 1
.names r0 j4 r55
0- 1
-0 1
.names q0 n4 s55
0- 1
-0 1
.names p0 u3 t55
0- 1
-0 1
.names o0 x3 u55
0- 1
-0 1
.names n0 a4 v55
0- 1
-0 1
.names m0 g3 w55
0- 1
-0 1
.names l0 n3 x55
0- 1
-0 1
.names k0 r3 y55
0- 1
-0 1
.names d56 e56 f56 g56 p56
0--- 1
-0-- 1
--0- 1
---0 1
.names h56 i56 j56 k56 q56
0--- 1
-0-- 1
--0- 1
---0 1
.names l56 m56 n56 o56
0-- 1
-0- 1
--0 1
.names u0 t4 d56
0- 1
-0 1
.names t0 y4 e56
0- 1
-0 1
.names s0 f4 f56
0- 1
-0 1
.names r0 k4 g56
0- 1
-0 1
.names q0 o4 h56
0- 1
-0 1
.names p0 v3 i56
0- 1
-0 1
.names o0 y3 j56
0- 1
-0 1
.names n0 b4 k56
0- 1
-0 1
.names m0 h3 l56
0- 1
-0 1
.names l0 o3 m56
0- 1
-0 1
.names k0 s3 n56
0- 1
-0 1
.names s56 t56 u56 v56 e57
0--- 1
-0-- 1
--0- 1
---0 1
.names w56 x56 y56 z56 f57
0--- 1
-0-- 1
--0- 1
---0 1
.names a57 b57 c57 d57
0-- 1
-0- 1
--0 1
.names u0 u4 s56
0- 1
-0 1
.names t0 z4 t56
0- 1
-0 1
.names s0 i4 u56
0- 1
-0 1
.names r0 l4 v56
0- 1
-0 1
.names q0 q4 w56
0- 1
-0 1
.names p0 w3 x56
0- 1
-0 1
.names o0 z3 y56
0- 1
-0 1
.names n0 c4 z56
0- 1
-0 1
.names m0 i3 a57
0- 1
-0 1
.names l0 p3 b57
0- 1
-0 1
.names k0 t3 c57
0- 1
-0 1
.names a l6
1 1
.names e1 m6
1 1
.names j1 r6
1 1
.names y h10
1 1
.names a5 i10
1 1
.names g5 p10
1 1
.end
