.model att20
.inputs a b c d e f g h i j k l m n o p q r s t u v w x y
.outputs z a0 b0 c0 d0 e0 f0 g0 h0 i0 j0 k0 l0 m0 n0 o0 p0 q0 r0 s0 t0
.names w p1 z
00 1
.names e s t u v q1 r1 s1 p1
0-----0- 1
---0--0- 1
----0-0- 1
00-----0 1
0----0-0 1
-000---0 1
-00-0--0 1
--00-0-0 1
--0-00-0 1
.names u q1 s u1 v1 w1 x1 a0
0---0-0 1
-0--0-0 1
--0-0-0 1
---00-0 1
0----00 1
-0---00 1
--0--00 1
---0-00 1
.names t q1
0 1
.names y v u1
00 1
.names w v1
0 1
.names v f z1 q1 a2 b2 w1
0--0-- 1
-0-0-- 1
--00-- 1
0---0- 1
-0--0- 1
--0-0- 1
0----0 1
-0---0 1
--0--0 1
.names v v1 y1 x1
0-0 1
-00 1
.names w e2 f2 b0
0-0 1
-00 1
.names c2 s1 q1 s e2
0--- 1
-0-- 1
--0- 1
---0 1
.names g s t u v s1 c2 f2
--00--- 1
---00-- 1
0----0- 1
-00-0-0 1
.names r1 q1 s h2 w q e2 v1 i2 j2 k2 c0
0---0--0--0 1
-0--0--0--0 1
--0-0--0--0 1
---00--0--0 1
0----0-0--0 1
-0---0-0--0 1
--0--0-0--0 1
---0-0-0--0 1
0-----00--0 1
-0----00--0 1
--0---00--0 1
---0--00--0 1
0---0---0-0 1
-0--0---0-0 1
--0-0---0-0 1
---00---0-0 1
0----0--0-0 1
-0---0--0-0 1
--0--0--0-0 1
---0-0--0-0 1
0-----0-0-0 1
-0----0-0-0 1
--0---0-0-0 1
---0--0-0-0 1
0---0----00 1
-0--0----00 1
--0-0----00 1
---00----00 1
0----0---00 1
-0---0---00 1
--0--0---00 1
---0-0---00 1
0-----0--00 1
-0----0--00 1
--0---0--00 1
---0--0--00 1
.names u r1
0 1
.names w y1 h2
0- 1
-0 1
.names h i2
0 1
.names u s1 q1 r1 j2
0-0- 1
-00- 1
0--0 1
-0-0 1
.names t s y1 l2 w v u k2
----000 1
0000--- 1
.names w m2 d0
00 1
.names i s t u v r1 s1 m2
--00--- 1
-0--0-- 1
----00- 1
0-----0 1
.names s1 u w o2 e0
0-00 1
-000 1
.names v s1
0 1
.names j s t u v q1 r1 s1 a2 o2
0-----0-- 1
0----0-0- 1
----00--0 1
-000---0- 1
.names k a f0
00 1
.names a k l n q2 r2 s2 g0
00--0-- 1
00----0 1
0-000-- 1
0-0-00- 1
0-00--0 1
0-0--00 1
.names k q2
0 1
.names m r2
0 1
.names l s2
0 1
.names a k l m q2 r2 s2 h0
00---0- 1
0-0--0- 1
0--0-0- 1
00--0-0 1
0-0-0-0 1
0--00-0 1
.names t2 u2 v2 i0
0-0 1
-00 1
.names n t2
0 1
.names m l k u2
0-- 1
-0- 1
--0 1
.names l m q2 r2 s2 t2 w2 v2
------0 1
000---- 1
--0000- 1
.names r2 s2 k x2 y2 z2 a3 x o b3 j0
0---0--0-0 1
-0--0--0-0 1
--0-0--0-0 1
---00--0-0 1
0----0-0-0 1
-0---0-0-0 1
--0--0-0-0 1
---0-0-0-0 1
0-----00-0 1
-0----00-0 1
--0---00-0 1
---0--00-0 1
0---0---00 1
-0--0---00 1
--0-0---00 1
---00---00 1
0----0--00 1
-0---0--00 1
--0--0--00 1
---0-0--00 1
0-----0-00 1
-0----0-00 1
--0---0-00 1
---0--0-00 1
.names z2 t2 x2
00 1
.names x y2
0 1
.names o z2
0 1
.names n r2 s2 k a3
0--- 1
-0-- 1
--0- 1
---0 1
.names w2 b3
0 1
.names s2 k c3 d3 y2 e3 a3 f3 k0
0---0--0 1
-0--0--0 1
--0-0--0 1
---00--0 1
0----0-0 1
-0---0-0 1
--0--0-0 1
---0-0-0 1
0-----00 1
-0----00 1
--0---00 1
---0--00 1
.names z2 t2 m c3
000 1
.names q e3 g3 d3
-0- 1
0-0 1
.names p e3
0 1
.names o p q w2 y2 z2 e3 g3 f3
---0---- 1
00------ 1
----000- 1
--0-00-0 1
.names q p o h3 y2 y1 a3 i3 l0
0---0--0 1
-0--0--0 1
--0-0--0 1
---00--0 1
0----0-0 1
-0---0-0 1
--0--0-0 1
---0-0-0 1
0-----00 1
-0----00 1
--0---00 1
---0--00 1
.names q2 l m t2 y2 h3
----0 1
0000- 1
.names q y1
0 1
.names o p q w2 i3
---0 1
0-0- 1
-00- 1
.names k o x s2 y2 a3 c3 g3 j3 k3 m0
----0---00 1
-----0--00 1
-------000 1
00--0----0 1
0-0-0----0 1
-0-00----0 1
--000----0 1
00---0---0 1
0-0--0---0 1
-0-0-0---0 1
--00-0---0 1
-0--0-0--0 1
--0-0-0--0 1
-0---00--0 1
--0--00--0 1
00-----0-0 1
0-0----0-0 1
-0-0---0-0 1
--00---0-0 1
-0----00-0 1
--0---00-0 1
.names r g3
0 1
.names p q y1 e3 g3 j3
00--- 1
0--0- 1
-00-0 1
--000 1
.names o p q r w2 k3
----0 1
0--0- 1
-0-0- 1
--00- 1
.names e3 o l3 h3 a2 m3 a n0
0---0-0 1
-0--0-0 1
--0-0-0 1
---00-0 1
0----00 1
-0---00 1
--0--00 1
---0-00 1
.names a2 g3 q l3
000 1
.names s a2
0 1
.names e3 o n3 h3 m3
0--- 1
-0-- 1
--0- 1
---0 1
.names a q1 o3 p3 q3 r3 o0
00---0 1
0-000- 1
.names e3 o o3
0- 1
-0 1
.names q1 s r y1 p3
0--- 1
-0-- 1
--0- 1
---0 1
.names x t3 s1 u q3
00-- 1
--00 1
.names y2 a3 p s3 r3
0-00 1
-000 1
.names a r1 u3 v3 w3 x3 p0
00---0 1
0-000- 1
.names y1 e3 o u3
0-- 1
-0- 1
--0 1
.names r1 t s r v3
0--- 1
-0-- 1
--0- 1
---0 1
.names k s2 r2 n x w3
0---0 1
-0--0 1
--0-0 1
---00 1
.names y2 a3 p q y3 x3
0-000 1
-0000 1
.names a s1 w3 z3 a4 b4 q0
00---0 1
0-000- 1
.names r y1 e3 o z3
0--- 1
-0-- 1
--0- 1
---0 1
.names s1 u t s a4
0--- 1
-0-- 1
--0- 1
---0 1
.names y2 a3 p q c4 b4
0-000 1
-0000 1
.names u q1 s u1 v1 e4 a r0
0---0-0 1
-0--0-0 1
--0-0-0 1
---00-0 1
0----00 1
-0---00 1
--0--00 1
---0-00 1
.names u q1 a2 f4 e4
0--- 1
-0-- 1
--0- 1
---0 1
.names g4 y2 b x a s0
0-0-0 1
-00-0 1
0--00 1
-0-00 1
.names b g4
0 1
.names h4 c2 c y a t0
0-0-0 1
-00-0 1
0--00 1
-0-00 1
.names c h4
0 1
.names y c2
0 1
.names e t1
0 1
.names r1 q1 z1
0- 1
-0 1
.names u v r1 s1 c2 b2
0-0-- 1
0--0- 1
-00-0 1
-0-00 1
.names f d2
0 1
.names g g2
0 1
.names y s1 l2
0- 1
-0 1
.names i n2
0 1
.names j p2
0 1
.names a w2
0 1
.names g3 q n3
00 1
.names t2 m l q2 t3
0000 1
.names s r y1 o s3
0--- 1
-0-- 1
--0- 1
---0 1
.names t s r o y3
0--- 1
-0-- 1
--0- 1
---0 1
.names o d4 c4
0- 1
-0 1
.names t r1 q1 u g3 a2 d4
0-0-00 1
-00-00 1
0--000 1
-0-000 1
.names c2 v f4
00 1
.end
