.model att4
.inputs a b c d e f g h i j k l m n o p q r s t u v w x y z a0 b0 c0
.outputs d0 e0 f0 g0 h0 i0 j0 k0 l0 m0 n0 o0 p0 q0 r0 s0 t0 u0
.names u e3 i c0 d0
0-0- 1
-00- 1
0--0 1
-0-0 1
.names c0 e3
0 1
.names v e3 j c0 e0
0-0- 1
-00- 1
0--0 1
-0-0 1
.names w e3 k c0 f0
0-0- 1
-00- 1
0--0 1
-0-0 1
.names x e3 l c0 g0
0-0- 1
-00- 1
0--0 1
-0-0 1
.names y e3 m c0 h0
0-0- 1
-00- 1
0--0 1
-0-0 1
.names z e3 n c0 i0
0-0- 1
-00- 1
0--0 1
-0-0 1
.names a0 e3 o c0 j0
0-0- 1
-00- 1
0--0 1
-0-0 1
.names b0 e3 p c0 k0
0-0- 1
-00- 1
0--0 1
-0-0 1
.names e3 l0
0 1
.names q r s u n1 o1 p1 q1 r1 s1 m0
0----0---- 1
0-0-0----- 1
-0-0-0---- 1
0-0---0--- 1
---0-0-0-- 1
-0---0--0- 1
-----0-00- 1
0---0----0 1
0-----0--0 1
-0000----- 1
-000--0--- 1
--000--0-- 1
--00--00-- 1
-00-0---0- 1
-00---0-0- 1
--0-0--00- 1
--0---000- 1
-0-00----0 1
-0-0--0--0 1
---00--0-0 1
---0--00-0 1
-0--0---00 1
-0----0-00 1
----0--000 1
------0000 1
.names i n1
0 1
.names q o1
0 1
.names s p1
0 1
.names u q1
0 1
.names r r1
0 1
.names a s1
0 1
.names t1 q u1 v1 n0
0--0 1
-0-0 1
--00 1
.names v t1
0 1
.names q1 r1 u1
0- 1
-0 1
.names b j q r s u o1 p1 t1 v1
-00-0---- 1
0-0----0- 1
---0-00-0 1
.names q q1 r1 w1 x1 y1 z1 o0
0-----0 1
-0--0-0 1
--0-0-0 1
---00-0 1
-0---00 1
--0--00 1
---0-00 1
.names x1 v w1
00 1
.names w x1
0 1
.names t1 q1 r1 y1
0-- 1
-0- 1
--0 1
.names c s k p1 q z1
0-0-0 1
-00-0 1
0--00 1
-0-00 1
.names q q1 r1 a2 b2 c2 d2 p0
0-----0 1
-0--0-0 1
--0-0-0 1
---00-0 1
-0---00 1
--0--00 1
---0-00 1
.names b2 w v a2
000 1
.names x b2
0 1
.names x1 t1 q1 r1 c2
0--- 1
-0-- 1
--0- 1
---0 1
.names d s l p1 q d2
0-0-0 1
-00-0 1
0--00 1
-0-00 1
.names q q1 r1 e2 f2 g2 h2 q0
0-----0 1
-0--0-0 1
--0-0-0 1
---00-0 1
-0---00 1
--0--00 1
---0-00 1
.names f2 x w v e2
0000 1
.names y f2
0 1
.names t1 q1 r1 i2 g2
0--- 1
-0-- 1
--0- 1
---0 1
.names e s m p1 q h2
0-0-0 1
-00-0 1
0--00 1
-0-00 1
.names q r1 j2 k2 l2 m2 n2 r0
0-----0 1
-0--0-0 1
--0-0-0 1
---00-0 1
-0---00 1
--0--00 1
---0-00 1
.names v u j2
00 1
.names l2 y x w k2
0000 1
.names z l2
0 1
.names t1 q1 r1 o2 m2
0--- 1
-0-- 1
--0- 1
---0 1
.names f s n p1 q n2
0-0-0 1
-00-0 1
0--00 1
-0-00 1
.names q r1 p2 q2 r2 s2 t2 s0
0-----0 1
-0--0-0 1
--0-0-0 1
---00-0 1
-0---00 1
--0--00 1
---0-00 1
.names w v u p2
000 1
.names r2 z y x q2
0000 1
.names a0 r2
0 1
.names t1 q1 r1 u2 s2
0--- 1
-0-- 1
--0- 1
---0 1
.names g s o p1 q t2
0-0-0 1
-00-0 1
0--00 1
-0-00 1
.names q r1 v2 w2 x2 y2 z2 t0
0-----0 1
-0--0-0 1
--0-0-0 1
---00-0 1
-0---00 1
--0--00 1
---0-00 1
.names x w v u v2
0000 1
.names x2 a0 z y w2
0000 1
.names b0 x2
0 1
.names q1 r1 a3 b3 y2
0--- 1
-0-- 1
--0- 1
---0 1
.names h s p p1 q z2
0-0-0 1
-00-0 1
0--00 1
-0-00 1
.names r o1 r1 c3 d3 e3 u0
-00--0 1
00-00- 1
.names b2 x1 t1 u c3
0--- 1
-0-- 1
--0- 1
---0 1
.names x2 r2 l2 f2 d3
0--- 1
-0-- 1
--0- 1
---0 1
.names x w i2
00 1
.names y x w o2
000 1
.names z y x w u2
0000 1
.names w v a3
00 1
.names a0 z y x b3
0000 1
.end
